<!doctype html public "-//w3c//dtd html 4.0 transitional//en">
<html><head>
<title>Static Call Graph - [.\Flash\Blinky.axf]</title></head>
<body><HR>
<H1>Static Call Graph for image .\Flash\Blinky.axf</H1><HR>
<BR><P>#&#060CALLGRAPH&#062# ARM Linker, 5060750: Last Updated: Tue Jul 13 14:18:50 2021
<BR><P>
<H3>Maximum Stack Usage =        316 bytes + Unknown(Functions without stacksize, Untraceable Function Pointers)</H3><H3>
Call chain for Maximum Stack Depth:</H3>
_printf_f &rArr; _printf_fp_dec &rArr; _printf_fp_dec_real &rArr; _fp_digits &rArr; _btod_etento &rArr; _btod_emul &rArr; _e2e
<P>
<H3>
Functions with no stack information
</H3><UL>
 <LI><a href="#[55]">Vectors</a>
 <LI><a href="#[c]">Reset_Handler</a>
 <LI><a href="#[da]">__user_initial_stackheap</a>
 <LI><a href="#[a3]">bigAdd</a>
 <LI><a href="#[10]">DAbtHandler</a>
 <LI><a href="#[12]">FIQHandler</a>
 <LI><a href="#[11]">IRQHandler</a>
 <LI><a href="#[13]">PRCCUCMUIRQHandler</a>
 <LI><a href="#[14]">EXTIT01IRQHandler</a>
 <LI><a href="#[15]">EXTIT02IRQHandler</a>
 <LI><a href="#[16]">EXTIT03IRQHandler</a>
 <LI><a href="#[17]">EXTIT04IRQHandler</a>
 <LI><a href="#[18]">EXTIT05IRQHandler</a>
 <LI><a href="#[19]">EXTIT06IRQHandler</a>
 <LI><a href="#[1a]">EXTIT07IRQHandler</a>
 <LI><a href="#[1b]">EXTIT08IRQHandler</a>
 <LI><a href="#[1c]">EXTIT09IRQHandler</a>
 <LI><a href="#[1d]">EXTIT10IRQHandler</a>
 <LI><a href="#[1e]">EXTIT11IRQHandler</a>
 <LI><a href="#[1f]">EXTIT12IRQHandler</a>
 <LI><a href="#[20]">EXTIT13IRQHandler</a>
 <LI><a href="#[21]">EXTIT14IRQHandler</a>
 <LI><a href="#[22]">EXTIT15IRQHandler</a>
 <LI><a href="#[23]">DMATRERRIRQHandler</a>
 <LI><a href="#[24]">TIM1IRQHandler</a>
 <LI><a href="#[25]">TIM2IRQHandler</a>
 <LI><a href="#[26]">TIM3IRQHandler</a>
 <LI><a href="#[27]">TIM4IRQHandler</a>
 <LI><a href="#[28]">TB0IRQHandler</a>
 <LI><a href="#[29]">TB1IRQHandler</a>
 <LI><a href="#[2a]">TB2IRQHandler</a>
 <LI><a href="#[2b]">TIM5IRQHandler</a>
 <LI><a href="#[2c]">TIM6IRQHandler</a>
 <LI><a href="#[2d]">TIM7IRQHandler</a>
 <LI><a href="#[2e]">TIM8IRQHandler</a>
 <LI><a href="#[2f]">TIM9IRQHandler</a>
 <LI><a href="#[30]">UART2IRQHandler</a>
 <LI><a href="#[31]">UART3IRQHandler</a>
 <LI><a href="#[32]">FLASHEOPIRQHandler</a>
 <LI><a href="#[33]">PWM0IRQHandler</a>
 <LI><a href="#[34]">PWM1IRQHandler</a>
 <LI><a href="#[35]">PWM2IRQHandler</a>
 <LI><a href="#[36]">PWM3IRQHandler</a>
 <LI><a href="#[37]">PWM4IRQHandler</a>
 <LI><a href="#[38]">PWM5IRQHandler</a>
 <LI><a href="#[39]">WIUIRQHandler</a>
 <LI><a href="#[3a]">WDGWUTIRQHandler</a>
 <LI><a href="#[3b]">BSPI0IRQHandler</a>
 <LI><a href="#[3c]">BSPI1IRQHandler</a>
 <LI><a href="#[3d]">BSPI2IRQHandler</a>
 <LI><a href="#[3e]">UART0IRQHandler</a>
 <LI><a href="#[3f]">UART1IRQHandler</a>
 <LI><a href="#[40]">I2C0ITERRIRQHandler</a>
 <LI><a href="#[41]">I2C1ITERRIRQHandler</a>
 <LI><a href="#[42]">I2C0ITDDCIRQHandler</a>
 <LI><a href="#[43]">I2C1ITDDCIRQHandler</a>
 <LI><a href="#[44]">CAN0IRQHandler</a>
 <LI><a href="#[45]">CAN1IRQHandler</a>
 <LI><a href="#[46]">CAN2IRQHandler</a>
 <LI><a href="#[47]">DMA0IRQHandler</a>
 <LI><a href="#[48]">DMA1IRQHandler</a>
 <LI><a href="#[49]">DMA2IRQHandler</a>
 <LI><a href="#[4a]">DMA3IRQHandler</a>
 <LI><a href="#[4b]">ADCIRQHandler</a>
 <LI><a href="#[4c]">RTCIRQHandler</a>
 <LI><a href="#[f]">PAbtHandler</a>
 <LI><a href="#[e]">SWIHandler</a>
 <LI><a href="#[d]">UndefHandler</a>
 <LI><a href="#[53]">ReturnAddress</a>
</UL>
</UL>
<P>
<H3>
Function Pointers
</H3><UL>
 <LI><a href="#[4b]">ADCIRQHandler</a> from IRQ.o(IRQ) referenced from str73x.o(Reset)
 <LI><a href="#[3b]">BSPI0IRQHandler</a> from IRQ.o(IRQ) referenced from str73x.o(Reset)
 <LI><a href="#[3c]">BSPI1IRQHandler</a> from IRQ.o(IRQ) referenced from str73x.o(Reset)
 <LI><a href="#[3d]">BSPI2IRQHandler</a> from IRQ.o(IRQ) referenced from str73x.o(Reset)
 <LI><a href="#[44]">CAN0IRQHandler</a> from IRQ.o(IRQ) referenced from str73x.o(Reset)
 <LI><a href="#[45]">CAN1IRQHandler</a> from IRQ.o(IRQ) referenced from str73x.o(Reset)
 <LI><a href="#[46]">CAN2IRQHandler</a> from IRQ.o(IRQ) referenced from str73x.o(Reset)
 <LI><a href="#[10]">DAbtHandler</a> from DAbt.o(DAbt) referenced from str73x.o(Reset)
 <LI><a href="#[47]">DMA0IRQHandler</a> from IRQ.o(IRQ) referenced from str73x.o(Reset)
 <LI><a href="#[48]">DMA1IRQHandler</a> from IRQ.o(IRQ) referenced from str73x.o(Reset)
 <LI><a href="#[49]">DMA2IRQHandler</a> from IRQ.o(IRQ) referenced from str73x.o(Reset)
 <LI><a href="#[4a]">DMA3IRQHandler</a> from IRQ.o(IRQ) referenced from str73x.o(Reset)
 <LI><a href="#[23]">DMATRERRIRQHandler</a> from IRQ.o(IRQ) referenced from str73x.o(Reset)
 <LI><a href="#[14]">EXTIT01IRQHandler</a> from IRQ.o(IRQ) referenced from str73x.o(Reset)
 <LI><a href="#[15]">EXTIT02IRQHandler</a> from IRQ.o(IRQ) referenced from str73x.o(Reset)
 <LI><a href="#[16]">EXTIT03IRQHandler</a> from IRQ.o(IRQ) referenced from str73x.o(Reset)
 <LI><a href="#[17]">EXTIT04IRQHandler</a> from IRQ.o(IRQ) referenced from str73x.o(Reset)
 <LI><a href="#[18]">EXTIT05IRQHandler</a> from IRQ.o(IRQ) referenced from str73x.o(Reset)
 <LI><a href="#[19]">EXTIT06IRQHandler</a> from IRQ.o(IRQ) referenced from str73x.o(Reset)
 <LI><a href="#[1a]">EXTIT07IRQHandler</a> from IRQ.o(IRQ) referenced from str73x.o(Reset)
 <LI><a href="#[1b]">EXTIT08IRQHandler</a> from IRQ.o(IRQ) referenced from str73x.o(Reset)
 <LI><a href="#[1c]">EXTIT09IRQHandler</a> from IRQ.o(IRQ) referenced from str73x.o(Reset)
 <LI><a href="#[1d]">EXTIT10IRQHandler</a> from IRQ.o(IRQ) referenced from str73x.o(Reset)
 <LI><a href="#[1e]">EXTIT11IRQHandler</a> from IRQ.o(IRQ) referenced from str73x.o(Reset)
 <LI><a href="#[1f]">EXTIT12IRQHandler</a> from IRQ.o(IRQ) referenced from str73x.o(Reset)
 <LI><a href="#[20]">EXTIT13IRQHandler</a> from IRQ.o(IRQ) referenced from str73x.o(Reset)
 <LI><a href="#[21]">EXTIT14IRQHandler</a> from IRQ.o(IRQ) referenced from str73x.o(Reset)
 <LI><a href="#[22]">EXTIT15IRQHandler</a> from IRQ.o(IRQ) referenced from str73x.o(Reset)
 <LI><a href="#[12]">FIQHandler</a> from FIQ.o(FIQ) referenced from str73x.o(Reset)
 <LI><a href="#[32]">FLASHEOPIRQHandler</a> from IRQ.o(IRQ) referenced from str73x.o(Reset)
 <LI><a href="#[42]">I2C0ITDDCIRQHandler</a> from IRQ.o(IRQ) referenced from str73x.o(Reset)
 <LI><a href="#[40]">I2C0ITERRIRQHandler</a> from IRQ.o(IRQ) referenced from str73x.o(Reset)
 <LI><a href="#[43]">I2C1ITDDCIRQHandler</a> from IRQ.o(IRQ) referenced from str73x.o(Reset)
 <LI><a href="#[41]">I2C1ITERRIRQHandler</a> from IRQ.o(IRQ) referenced from str73x.o(Reset)
 <LI><a href="#[11]">IRQHandler</a> from IRQ.o(IRQ) referenced from str73x.o(Reset)
 <LI><a href="#[f]">PAbtHandler</a> from PAbt.o(PAbt) referenced from str73x.o(Reset)
 <LI><a href="#[13]">PRCCUCMUIRQHandler</a> from IRQ.o(IRQ) referenced from str73x.o(Reset)
 <LI><a href="#[33]">PWM0IRQHandler</a> from IRQ.o(IRQ) referenced from str73x.o(Reset)
 <LI><a href="#[34]">PWM1IRQHandler</a> from IRQ.o(IRQ) referenced from str73x.o(Reset)
 <LI><a href="#[35]">PWM2IRQHandler</a> from IRQ.o(IRQ) referenced from str73x.o(Reset)
 <LI><a href="#[36]">PWM3IRQHandler</a> from IRQ.o(IRQ) referenced from str73x.o(Reset)
 <LI><a href="#[37]">PWM4IRQHandler</a> from IRQ.o(IRQ) referenced from str73x.o(Reset)
 <LI><a href="#[38]">PWM5IRQHandler</a> from IRQ.o(IRQ) referenced from str73x.o(Reset)
 <LI><a href="#[4c]">RTCIRQHandler</a> from IRQ.o(IRQ) referenced from str73x.o(Reset)
 <LI><a href="#[c]">Reset_Handler</a> from str73x.o(Reset) referenced from str73x.o(Reset)
 <LI><a href="#[53]">ReturnAddress</a> from IRQ.o(IRQ) referenced from IRQ.o(IRQ)
 <LI><a href="#[e]">SWIHandler</a> from SWI.o(SWI) referenced from str73x.o(Reset)
 <LI><a href="#[28]">TB0IRQHandler</a> from IRQ.o(IRQ) referenced from str73x.o(Reset)
 <LI><a href="#[29]">TB1IRQHandler</a> from IRQ.o(IRQ) referenced from str73x.o(Reset)
 <LI><a href="#[2a]">TB2IRQHandler</a> from IRQ.o(IRQ) referenced from str73x.o(Reset)
 <LI><a href="#[24]">TIM1IRQHandler</a> from IRQ.o(IRQ) referenced from str73x.o(Reset)
 <LI><a href="#[25]">TIM2IRQHandler</a> from IRQ.o(IRQ) referenced from str73x.o(Reset)
 <LI><a href="#[26]">TIM3IRQHandler</a> from IRQ.o(IRQ) referenced from str73x.o(Reset)
 <LI><a href="#[27]">TIM4IRQHandler</a> from IRQ.o(IRQ) referenced from str73x.o(Reset)
 <LI><a href="#[2b]">TIM5IRQHandler</a> from IRQ.o(IRQ) referenced from str73x.o(Reset)
 <LI><a href="#[2c]">TIM6IRQHandler</a> from IRQ.o(IRQ) referenced from str73x.o(Reset)
 <LI><a href="#[2d]">TIM7IRQHandler</a> from IRQ.o(IRQ) referenced from str73x.o(Reset)
 <LI><a href="#[2e]">TIM8IRQHandler</a> from IRQ.o(IRQ) referenced from str73x.o(Reset)
 <LI><a href="#[2f]">TIM9IRQHandler</a> from IRQ.o(IRQ) referenced from str73x.o(Reset)
 <LI><a href="#[3e]">UART0IRQHandler</a> from IRQ.o(IRQ) referenced from str73x.o(Reset)
 <LI><a href="#[3f]">UART1IRQHandler</a> from IRQ.o(IRQ) referenced from str73x.o(Reset)
 <LI><a href="#[30]">UART2IRQHandler</a> from IRQ.o(IRQ) referenced from str73x.o(Reset)
 <LI><a href="#[31]">UART3IRQHandler</a> from IRQ.o(IRQ) referenced from str73x.o(Reset)
 <LI><a href="#[d]">UndefHandler</a> from Undef.o(Undef) referenced from str73x.o(Reset)
 <LI><a href="#[3a]">WDGWUTIRQHandler</a> from IRQ.o(IRQ) referenced from str73x.o(Reset)
 <LI><a href="#[39]">WIUIRQHandler</a> from IRQ.o(IRQ) referenced from str73x.o(Reset)
 <LI><a href="#[54]">__main</a> from __main.o(!!!main) referenced from str73x.o(Reset)
 <LI><a href="#[52]">_get_lc_ctype</a> from lc_ctype_c.o(locale$$code) referenced from rt_ctype_table.o(.text)
 <LI><a href="#[51]">_printf_input_char</a> from _printf_char_common.o(.text) referenced from _printf_char_common.o(.text)
 <LI><a href="#[4f]">fprintf</a> from fprintf.o(.text) referenced from main.o(.text)
 <LI><a href="#[50]">fputc</a> from retarget.o(.text) referenced from _printf_char_file.o(.text)
 <LI><a href="#[4e]">main</a> from main.o(.text) referenced from __rtentry2.o(.ARM.Collect$$rtentry$$0000000D)
</UL>
<P>
<H3>
Global Symbols
</H3>
<P><STRONG><a name="[55]"></a>Vectors</STRONG> (ARM, 4 bytes, Stack size unknown bytes, str73x.o(Reset), UNUSED, KEPT)

<P><STRONG><a name="[c]"></a>Reset_Handler</STRONG> (ARM, 0 bytes, Stack size unknown bytes, str73x.o(Reset))
<BR>[Address Reference Count : 1]<UL><LI> str73x.o(Reset)
</UL>
<P><STRONG><a name="[54]"></a>__main</STRONG> (ARM, 8 bytes, Stack size 0 bytes, __main.o(!!!main))
<BR><BR>[Calls]<UL><LI><a href="#[57]">&gt;&gt;</a>&nbsp;&nbsp;&nbsp;__rt_entry
<LI><a href="#[56]">&gt;&gt;</a>&nbsp;&nbsp;&nbsp;__scatterload
</UL>

<P><STRONG><a name="[56]"></a>__scatterload</STRONG> (ARM, 0 bytes, Stack size unknown bytes, __scatter.o(!!!scatter))
<BR><BR>[Called By]<UL><LI><a href="#[54]">&gt;&gt;</a>&nbsp;&nbsp;&nbsp;__main
</UL>

<P><STRONG><a name="[58]"></a>__scatterload_rt2</STRONG> (ARM, 52 bytes, Stack size unknown bytes, __scatter.o(!!!scatter), UNUSED)
<BR><BR>[Calls]<UL><LI><a href="#[57]">&gt;&gt;</a>&nbsp;&nbsp;&nbsp;__rt_entry
</UL>

<P><STRONG><a name="[127]"></a>__scatterload_null</STRONG> (ARM, 0 bytes, Stack size unknown bytes, __scatter.o(!!!scatter), UNUSED)

<P><STRONG><a name="[59]"></a>__scatterload_copy</STRONG> (ARM, 40 bytes, Stack size unknown bytes, __scatter_copy.o(!!handler_copy), UNUSED)
<BR><BR>[Calls]<UL><LI><a href="#[59]">&gt;&gt;</a>&nbsp;&nbsp;&nbsp;__scatterload_copy
</UL>
<BR>[Called By]<UL><LI><a href="#[59]">&gt;&gt;</a>&nbsp;&nbsp;&nbsp;__scatterload_copy
</UL>

<P><STRONG><a name="[128]"></a>__scatterload_zeroinit</STRONG> (ARM, 44 bytes, Stack size unknown bytes, __scatter_zi.o(!!handler_zi), UNUSED)

<P><STRONG><a name="[5a]"></a>_printf_n</STRONG> (ARM, 0 bytes, Stack size unknown bytes, _printf_n.o(.ARM.Collect$$_printf_percent$$00000001))
<BR><BR>[Calls]<UL><LI><a href="#[5b]">&gt;&gt;</a>&nbsp;&nbsp;&nbsp;_printf_charcount (via Veneer)
</UL>

<P><STRONG><a name="[b2]"></a>_printf_percent</STRONG> (ARM, 0 bytes, Stack size unknown bytes, _printf_percent.o(.ARM.Collect$$_printf_percent$$00000000))
<BR><BR>[Called By]<UL><LI><a href="#[af]">&gt;&gt;</a>&nbsp;&nbsp;&nbsp;__printf (via Veneer)
</UL>

<P><STRONG><a name="[5c]"></a>_printf_p</STRONG> (ARM, 0 bytes, Stack size unknown bytes, _printf_p.o(.ARM.Collect$$_printf_percent$$00000002))
<BR><BR>[Stack]<UL><LI>Max Depth = 88 + Unknown Stack Size
<LI>Call Chain = _printf_p &rArr; _printf_hex_ptr &rArr; _printf_longlong_hex &rArr; _printf_int_common &rArr; _printf_post_padding
</UL>
<BR>[Calls]<UL><LI><a href="#[5d]">&gt;&gt;</a>&nbsp;&nbsp;&nbsp;_printf_hex_ptr (via Veneer)
</UL>

<P><STRONG><a name="[5e]"></a>_printf_f</STRONG> (ARM, 0 bytes, Stack size unknown bytes, _printf_f.o(.ARM.Collect$$_printf_percent$$00000003))
<BR><BR>[Stack]<UL><LI>Max Depth = 316 + Unknown Stack Size
<LI>Call Chain = _printf_f &rArr; _printf_fp_dec &rArr; _printf_fp_dec_real &rArr; _fp_digits &rArr; _btod_etento &rArr; _btod_emul &rArr; _e2e
</UL>
<BR>[Calls]<UL><LI><a href="#[5f]">&gt;&gt;</a>&nbsp;&nbsp;&nbsp;_printf_fp_dec
</UL>

<P><STRONG><a name="[60]"></a>_printf_e</STRONG> (ARM, 0 bytes, Stack size unknown bytes, _printf_e.o(.ARM.Collect$$_printf_percent$$00000004))
<BR><BR>[Stack]<UL><LI>Max Depth = 316 + Unknown Stack Size
<LI>Call Chain = _printf_e &rArr; _printf_fp_dec &rArr; _printf_fp_dec_real &rArr; _fp_digits &rArr; _btod_etento &rArr; _btod_emul &rArr; _e2e
</UL>
<BR>[Calls]<UL><LI><a href="#[5f]">&gt;&gt;</a>&nbsp;&nbsp;&nbsp;_printf_fp_dec
</UL>

<P><STRONG><a name="[61]"></a>_printf_g</STRONG> (ARM, 0 bytes, Stack size unknown bytes, _printf_g.o(.ARM.Collect$$_printf_percent$$00000005))
<BR><BR>[Stack]<UL><LI>Max Depth = 316 + Unknown Stack Size
<LI>Call Chain = _printf_g &rArr; _printf_fp_dec &rArr; _printf_fp_dec_real &rArr; _fp_digits &rArr; _btod_etento &rArr; _btod_emul &rArr; _e2e
</UL>
<BR>[Calls]<UL><LI><a href="#[5f]">&gt;&gt;</a>&nbsp;&nbsp;&nbsp;_printf_fp_dec
</UL>

<P><STRONG><a name="[62]"></a>_printf_a</STRONG> (ARM, 0 bytes, Stack size unknown bytes, _printf_a.o(.ARM.Collect$$_printf_percent$$00000006))
<BR><BR>[Stack]<UL><LI>Max Depth = 112 + Unknown Stack Size
<LI>Call Chain = _printf_a &rArr; _printf_fp_hex &rArr; _printf_fp_hex_real &rArr; _printf_fp_infnan &rArr; _printf_post_padding
</UL>
<BR>[Calls]<UL><LI><a href="#[63]">&gt;&gt;</a>&nbsp;&nbsp;&nbsp;_printf_fp_hex
</UL>

<P><STRONG><a name="[129]"></a>_printf_ll</STRONG> (ARM, 0 bytes, Stack size unknown bytes, _printf_ll.o(.ARM.Collect$$_printf_percent$$00000007))

<P><STRONG><a name="[64]"></a>_printf_i</STRONG> (ARM, 0 bytes, Stack size unknown bytes, _printf_i.o(.ARM.Collect$$_printf_percent$$00000008))
<BR><BR>[Stack]<UL><LI>Max Depth = 88 + Unknown Stack Size
<LI>Call Chain = _printf_i &rArr; _printf_int_dec &rArr; _printf_int_common &rArr; _printf_post_padding
</UL>
<BR>[Calls]<UL><LI><a href="#[65]">&gt;&gt;</a>&nbsp;&nbsp;&nbsp;_printf_int_dec (via Veneer)
</UL>

<P><STRONG><a name="[66]"></a>_printf_d</STRONG> (ARM, 0 bytes, Stack size unknown bytes, _printf_d.o(.ARM.Collect$$_printf_percent$$00000009))
<BR><BR>[Stack]<UL><LI>Max Depth = 88 + Unknown Stack Size
<LI>Call Chain = _printf_d &rArr; _printf_int_dec &rArr; _printf_int_common &rArr; _printf_post_padding
</UL>
<BR>[Calls]<UL><LI><a href="#[65]">&gt;&gt;</a>&nbsp;&nbsp;&nbsp;_printf_int_dec (via Veneer)
</UL>

<P><STRONG><a name="[67]"></a>_printf_u</STRONG> (ARM, 0 bytes, Stack size unknown bytes, _printf_u.o(.ARM.Collect$$_printf_percent$$0000000A))
<BR><BR>[Stack]<UL><LI>Max Depth = 88 + Unknown Stack Size
<LI>Call Chain = _printf_u &rArr; _printf_int_dec &rArr; _printf_int_common &rArr; _printf_post_padding
</UL>
<BR>[Calls]<UL><LI><a href="#[65]">&gt;&gt;</a>&nbsp;&nbsp;&nbsp;_printf_int_dec (via Veneer)
</UL>

<P><STRONG><a name="[68]"></a>_printf_o</STRONG> (ARM, 0 bytes, Stack size unknown bytes, _printf_o.o(.ARM.Collect$$_printf_percent$$0000000B))
<BR><BR>[Stack]<UL><LI>Max Depth = 80 + Unknown Stack Size
<LI>Call Chain = _printf_o &rArr; _printf_int_oct &rArr; _printf_longlong_oct &rArr; _printf_int_common &rArr; _printf_post_padding
</UL>
<BR>[Calls]<UL><LI><a href="#[69]">&gt;&gt;</a>&nbsp;&nbsp;&nbsp;_printf_int_oct (via Veneer)
</UL>

<P><STRONG><a name="[6a]"></a>_printf_x</STRONG> (ARM, 0 bytes, Stack size unknown bytes, _printf_x.o(.ARM.Collect$$_printf_percent$$0000000C))
<BR><BR>[Stack]<UL><LI>Max Depth = 96 + Unknown Stack Size
<LI>Call Chain = _printf_x &rArr; _printf_int_hex &rArr; _printf_longlong_hex &rArr; _printf_int_common &rArr; _printf_post_padding
</UL>
<BR>[Calls]<UL><LI><a href="#[6b]">&gt;&gt;</a>&nbsp;&nbsp;&nbsp;_printf_int_hex (via Veneer)
</UL>

<P><STRONG><a name="[6c]"></a>_printf_lli</STRONG> (ARM, 0 bytes, Stack size unknown bytes, _printf_lli.o(.ARM.Collect$$_printf_percent$$0000000D))
<BR><BR>[Stack]<UL><LI>Max Depth = 88 + Unknown Stack Size
<LI>Call Chain = _printf_lli &rArr; _printf_longlong_dec &rArr; _printf_int_common &rArr; _printf_post_padding
</UL>
<BR>[Calls]<UL><LI><a href="#[6d]">&gt;&gt;</a>&nbsp;&nbsp;&nbsp;_printf_longlong_dec (via Veneer)
</UL>

<P><STRONG><a name="[6e]"></a>_printf_lld</STRONG> (ARM, 0 bytes, Stack size unknown bytes, _printf_lld.o(.ARM.Collect$$_printf_percent$$0000000E))
<BR><BR>[Stack]<UL><LI>Max Depth = 88 + Unknown Stack Size
<LI>Call Chain = _printf_lld &rArr; _printf_longlong_dec &rArr; _printf_int_common &rArr; _printf_post_padding
</UL>
<BR>[Calls]<UL><LI><a href="#[6d]">&gt;&gt;</a>&nbsp;&nbsp;&nbsp;_printf_longlong_dec (via Veneer)
</UL>

<P><STRONG><a name="[6f]"></a>_printf_llu</STRONG> (ARM, 0 bytes, Stack size unknown bytes, _printf_llu.o(.ARM.Collect$$_printf_percent$$0000000F))
<BR><BR>[Stack]<UL><LI>Max Depth = 88 + Unknown Stack Size
<LI>Call Chain = _printf_llu &rArr; _printf_longlong_dec &rArr; _printf_int_common &rArr; _printf_post_padding
</UL>
<BR>[Calls]<UL><LI><a href="#[6d]">&gt;&gt;</a>&nbsp;&nbsp;&nbsp;_printf_longlong_dec (via Veneer)
</UL>

<P><STRONG><a name="[70]"></a>_printf_llo</STRONG> (ARM, 0 bytes, Stack size unknown bytes, _printf_llo.o(.ARM.Collect$$_printf_percent$$00000010))
<BR><BR>[Stack]<UL><LI>Max Depth = 72 + Unknown Stack Size
<LI>Call Chain = _printf_llo &rArr; _printf_ll_oct &rArr; _printf_longlong_oct &rArr; _printf_int_common &rArr; _printf_post_padding
</UL>
<BR>[Calls]<UL><LI><a href="#[71]">&gt;&gt;</a>&nbsp;&nbsp;&nbsp;_printf_ll_oct (via Veneer)
</UL>

<P><STRONG><a name="[72]"></a>_printf_llx</STRONG> (ARM, 0 bytes, Stack size unknown bytes, _printf_llx.o(.ARM.Collect$$_printf_percent$$00000011))
<BR><BR>[Stack]<UL><LI>Max Depth = 80 + Unknown Stack Size
<LI>Call Chain = _printf_llx &rArr; _printf_ll_hex &rArr; _printf_longlong_hex &rArr; _printf_int_common &rArr; _printf_post_padding
</UL>
<BR>[Calls]<UL><LI><a href="#[73]">&gt;&gt;</a>&nbsp;&nbsp;&nbsp;_printf_ll_hex (via Veneer)
</UL>

<P><STRONG><a name="[12a]"></a>_printf_l</STRONG> (ARM, 0 bytes, Stack size unknown bytes, _printf_l.o(.ARM.Collect$$_printf_percent$$00000012))

<P><STRONG><a name="[74]"></a>_printf_c</STRONG> (ARM, 0 bytes, Stack size unknown bytes, _printf_c.o(.ARM.Collect$$_printf_percent$$00000013))
<BR><BR>[Stack]<UL><LI>Max Depth = 40 + Unknown Stack Size
<LI>Call Chain = _printf_c &rArr; _printf_char &rArr; _printf_cs_common &rArr; _printf_str &rArr; _printf_post_padding
</UL>
<BR>[Calls]<UL><LI><a href="#[75]">&gt;&gt;</a>&nbsp;&nbsp;&nbsp;_printf_char (via Veneer)
</UL>

<P><STRONG><a name="[76]"></a>_printf_s</STRONG> (ARM, 0 bytes, Stack size unknown bytes, _printf_s.o(.ARM.Collect$$_printf_percent$$00000014))
<BR><BR>[Stack]<UL><LI>Max Depth = 40 + Unknown Stack Size
<LI>Call Chain = _printf_s &rArr; _printf_string &rArr; _printf_cs_common &rArr; _printf_str &rArr; _printf_post_padding
</UL>
<BR>[Calls]<UL><LI><a href="#[77]">&gt;&gt;</a>&nbsp;&nbsp;&nbsp;_printf_string (via Veneer)
</UL>

<P><STRONG><a name="[78]"></a>_printf_lc</STRONG> (ARM, 0 bytes, Stack size unknown bytes, _printf_lc.o(.ARM.Collect$$_printf_percent$$00000015))
<BR><BR>[Stack]<UL><LI>Max Depth = 88 + Unknown Stack Size
<LI>Call Chain = _printf_lc &rArr; _printf_wchar &rArr; _printf_lcs_common &rArr; _printf_wctomb &rArr; _wcrtomb &rArr; __rt_ctype_table
</UL>
<BR>[Calls]<UL><LI><a href="#[79]">&gt;&gt;</a>&nbsp;&nbsp;&nbsp;_printf_wchar (via Veneer)
</UL>

<P><STRONG><a name="[7a]"></a>_printf_ls</STRONG> (ARM, 0 bytes, Stack size unknown bytes, _printf_ls.o(.ARM.Collect$$_printf_percent$$00000016))
<BR><BR>[Stack]<UL><LI>Max Depth = 88 + Unknown Stack Size
<LI>Call Chain = _printf_ls &rArr; _printf_wstring &rArr; _printf_lcs_common &rArr; _printf_wctomb &rArr; _wcrtomb &rArr; __rt_ctype_table
</UL>
<BR>[Calls]<UL><LI><a href="#[7b]">&gt;&gt;</a>&nbsp;&nbsp;&nbsp;_printf_wstring (via Veneer)
</UL>

<P><STRONG><a name="[12b]"></a>_printf_percent_end</STRONG> (ARM, 0 bytes, Stack size unknown bytes, _printf_percent_end.o(.ARM.Collect$$_printf_percent$$00000017))

<P><STRONG><a name="[86]"></a>__rt_lib_init</STRONG> (Thumb, 0 bytes, Stack size unknown bytes, libinit.o(.ARM.Collect$$libinit$$00000000))
<BR><BR>[Called By]<UL><LI><a href="#[85]">&gt;&gt;</a>&nbsp;&nbsp;&nbsp;__rt_entry_li (via Veneer)
</UL>

<P><STRONG><a name="[12c]"></a>__rt_lib_init_fp_1</STRONG> (Thumb, 0 bytes, Stack size unknown bytes, libinit2.o(.ARM.Collect$$libinit$$00000002))

<P><STRONG><a name="[7c]"></a>__rt_lib_init_heap_2</STRONG> (Thumb, 0 bytes, Stack size unknown bytes, libinit2.o(.ARM.Collect$$libinit$$00000005))
<BR><BR>[Stack]<UL><LI>Max Depth = 64 + Unknown Stack Size
<LI>Call Chain = __rt_lib_init_heap_2 &rArr; _init_alloc &rArr; __rt_SIGRTMEM &rArr; __rt_SIGRTMEM_inner &rArr; __default_signal_display &rArr; _ttywrch
</UL>
<BR>[Calls]<UL><LI><a href="#[7d]">&gt;&gt;</a>&nbsp;&nbsp;&nbsp;_init_alloc
</UL>

<P><STRONG><a name="[12d]"></a>__rt_lib_init_preinit_1</STRONG> (Thumb, 0 bytes, Stack size unknown bytes, libinit2.o(.ARM.Collect$$libinit$$00000004))

<P><STRONG><a name="[12e]"></a>__rt_lib_init_heap_1</STRONG> (Thumb, 0 bytes, Stack size unknown bytes, libinit2.o(.ARM.Collect$$libinit$$0000000A))

<P><STRONG><a name="[7e]"></a>__rt_lib_init_lc_common</STRONG> (Thumb, 0 bytes, Stack size unknown bytes, libinit2.o(.ARM.Collect$$libinit$$0000000F))
<BR><BR>[Calls]<UL><LI><a href="#[7f]">&gt;&gt;</a>&nbsp;&nbsp;&nbsp;__rt_locale (via Veneer)
</UL>

<P><STRONG><a name="[12f]"></a>__rt_lib_init_rand_1</STRONG> (Thumb, 0 bytes, Stack size unknown bytes, libinit2.o(.ARM.Collect$$libinit$$0000000E))

<P><STRONG><a name="[130]"></a>__rt_lib_init_user_alloc_1</STRONG> (Thumb, 0 bytes, Stack size unknown bytes, libinit2.o(.ARM.Collect$$libinit$$0000000C))

<P><STRONG><a name="[131]"></a>__rt_lib_init_lc_collate_1</STRONG> (Thumb, 0 bytes, Stack size unknown bytes, libinit2.o(.ARM.Collect$$libinit$$00000011))

<P><STRONG><a name="[80]"></a>__rt_lib_init_lc_ctype_2</STRONG> (Thumb, 0 bytes, Stack size unknown bytes, libinit2.o(.ARM.Collect$$libinit$$00000012))
<BR><BR>[Stack]<UL><LI>Max Depth = 12 + Unknown Stack Size
<LI>Call Chain = __rt_lib_init_lc_ctype_2 &rArr; _get_lc_ctype &rArr; strcmp
</UL>
<BR>[Calls]<UL><LI><a href="#[52]">&gt;&gt;</a>&nbsp;&nbsp;&nbsp;_get_lc_ctype (via Veneer)
</UL>

<P><STRONG><a name="[132]"></a>__rt_lib_init_lc_ctype_1</STRONG> (Thumb, 0 bytes, Stack size unknown bytes, libinit2.o(.ARM.Collect$$libinit$$00000013))

<P><STRONG><a name="[133]"></a>__rt_lib_init_lc_monetary_1</STRONG> (Thumb, 0 bytes, Stack size unknown bytes, libinit2.o(.ARM.Collect$$libinit$$00000015))

<P><STRONG><a name="[81]"></a>__rt_lib_init_lc_numeric_2</STRONG> (Thumb, 0 bytes, Stack size unknown bytes, libinit2.o(.ARM.Collect$$libinit$$00000016))
<BR><BR>[Stack]<UL><LI>Max Depth = 12 + Unknown Stack Size
<LI>Call Chain = __rt_lib_init_lc_numeric_2 &rArr; _get_lc_numeric &rArr; strcmp
</UL>
<BR>[Calls]<UL><LI><a href="#[82]">&gt;&gt;</a>&nbsp;&nbsp;&nbsp;_get_lc_numeric (via Veneer)
</UL>

<P><STRONG><a name="[134]"></a>__rt_lib_init_alloca_1</STRONG> (Thumb, 0 bytes, Stack size unknown bytes, libinit2.o(.ARM.Collect$$libinit$$0000002E))

<P><STRONG><a name="[135]"></a>__rt_lib_init_argv_1</STRONG> (Thumb, 0 bytes, Stack size unknown bytes, libinit2.o(.ARM.Collect$$libinit$$0000002C))

<P><STRONG><a name="[136]"></a>__rt_lib_init_atexit_1</STRONG> (Thumb, 0 bytes, Stack size unknown bytes, libinit2.o(.ARM.Collect$$libinit$$0000001B))

<P><STRONG><a name="[137]"></a>__rt_lib_init_clock_1</STRONG> (Thumb, 0 bytes, Stack size unknown bytes, libinit2.o(.ARM.Collect$$libinit$$00000021))

<P><STRONG><a name="[138]"></a>__rt_lib_init_cpp_1</STRONG> (Thumb, 0 bytes, Stack size unknown bytes, libinit2.o(.ARM.Collect$$libinit$$00000032))

<P><STRONG><a name="[139]"></a>__rt_lib_init_exceptions_1</STRONG> (Thumb, 0 bytes, Stack size unknown bytes, libinit2.o(.ARM.Collect$$libinit$$00000030))

<P><STRONG><a name="[13a]"></a>__rt_lib_init_fp_trap_1</STRONG> (Thumb, 0 bytes, Stack size unknown bytes, libinit2.o(.ARM.Collect$$libinit$$0000001F))

<P><STRONG><a name="[13b]"></a>__rt_lib_init_getenv_1</STRONG> (Thumb, 0 bytes, Stack size unknown bytes, libinit2.o(.ARM.Collect$$libinit$$00000023))

<P><STRONG><a name="[13c]"></a>__rt_lib_init_lc_numeric_1</STRONG> (Thumb, 0 bytes, Stack size unknown bytes, libinit2.o(.ARM.Collect$$libinit$$00000017))

<P><STRONG><a name="[13d]"></a>__rt_lib_init_lc_time_1</STRONG> (Thumb, 0 bytes, Stack size unknown bytes, libinit2.o(.ARM.Collect$$libinit$$00000019))

<P><STRONG><a name="[13e]"></a>__rt_lib_init_return</STRONG> (Thumb, 0 bytes, Stack size unknown bytes, libinit2.o(.ARM.Collect$$libinit$$00000033))

<P><STRONG><a name="[13f]"></a>__rt_lib_init_signal_1</STRONG> (Thumb, 0 bytes, Stack size unknown bytes, libinit2.o(.ARM.Collect$$libinit$$0000001D))

<P><STRONG><a name="[140]"></a>__rt_lib_init_stdio_1</STRONG> (Thumb, 0 bytes, Stack size unknown bytes, libinit2.o(.ARM.Collect$$libinit$$00000025))

<P><STRONG><a name="[8a]"></a>__rt_lib_shutdown</STRONG> (Thumb, 0 bytes, Stack size unknown bytes, libshutdown.o(.ARM.Collect$$libshutdown$$00000000))
<BR><BR>[Called By]<UL><LI><a href="#[89]">&gt;&gt;</a>&nbsp;&nbsp;&nbsp;__rt_exit_ls (via Veneer)
</UL>

<P><STRONG><a name="[141]"></a>__rt_lib_shutdown_cpp_1</STRONG> (Thumb, 0 bytes, Stack size unknown bytes, libshutdown2.o(.ARM.Collect$$libshutdown$$00000002))

<P><STRONG><a name="[142]"></a>__rt_lib_shutdown_fp_trap_1</STRONG> (Thumb, 0 bytes, Stack size unknown bytes, libshutdown2.o(.ARM.Collect$$libshutdown$$00000007))

<P><STRONG><a name="[143]"></a>__rt_lib_shutdown_heap_1</STRONG> (Thumb, 0 bytes, Stack size unknown bytes, libshutdown2.o(.ARM.Collect$$libshutdown$$0000000F))

<P><STRONG><a name="[144]"></a>__rt_lib_shutdown_return</STRONG> (Thumb, 0 bytes, Stack size unknown bytes, libshutdown2.o(.ARM.Collect$$libshutdown$$00000010))

<P><STRONG><a name="[145]"></a>__rt_lib_shutdown_signal_1</STRONG> (Thumb, 0 bytes, Stack size unknown bytes, libshutdown2.o(.ARM.Collect$$libshutdown$$0000000A))

<P><STRONG><a name="[146]"></a>__rt_lib_shutdown_stdio_1</STRONG> (Thumb, 0 bytes, Stack size unknown bytes, libshutdown2.o(.ARM.Collect$$libshutdown$$00000004))

<P><STRONG><a name="[147]"></a>__rt_lib_shutdown_user_alloc_1</STRONG> (Thumb, 0 bytes, Stack size unknown bytes, libshutdown2.o(.ARM.Collect$$libshutdown$$0000000C))

<P><STRONG><a name="[57]"></a>__rt_entry</STRONG> (ARM, 0 bytes, Stack size unknown bytes, __rtentry.o(.ARM.Collect$$rtentry$$00000000))
<BR><BR>[Called By]<UL><LI><a href="#[54]">&gt;&gt;</a>&nbsp;&nbsp;&nbsp;__main
<LI><a href="#[58]">&gt;&gt;</a>&nbsp;&nbsp;&nbsp;__scatterload_rt2
</UL>

<P><STRONG><a name="[148]"></a>__rt_entry_presh_1</STRONG> (ARM, 0 bytes, Stack size unknown bytes, __rtentry2.o(.ARM.Collect$$rtentry$$00000002))

<P><STRONG><a name="[83]"></a>__rt_entry_sh</STRONG> (ARM, 0 bytes, Stack size unknown bytes, __rtentry4.o(.ARM.Collect$$rtentry$$00000004))
<BR><BR>[Stack]<UL><LI>Max Depth = 8 + Unknown Stack Size
<LI>Call Chain = __rt_entry_sh &rArr; __user_setup_stackheap
</UL>
<BR>[Calls]<UL><LI><a href="#[84]">&gt;&gt;</a>&nbsp;&nbsp;&nbsp;__user_setup_stackheap
</UL>

<P><STRONG><a name="[85]"></a>__rt_entry_li</STRONG> (ARM, 0 bytes, Stack size unknown bytes, __rtentry2.o(.ARM.Collect$$rtentry$$0000000A))
<BR><BR>[Calls]<UL><LI><a href="#[86]">&gt;&gt;</a>&nbsp;&nbsp;&nbsp;__rt_lib_init (via Veneer)
</UL>

<P><STRONG><a name="[149]"></a>__rt_entry_postsh_1</STRONG> (ARM, 0 bytes, Stack size unknown bytes, __rtentry2.o(.ARM.Collect$$rtentry$$00000009))

<P><STRONG><a name="[87]"></a>__rt_entry_main</STRONG> (ARM, 0 bytes, Stack size unknown bytes, __rtentry2.o(.ARM.Collect$$rtentry$$0000000D))
<BR><BR>[Stack]<UL><LI>Max Depth = 8 + Unknown Stack Size
<LI>Call Chain = __rt_entry_main &rArr; exit
</UL>
<BR>[Calls]<UL><LI><a href="#[88]">&gt;&gt;</a>&nbsp;&nbsp;&nbsp;exit (via BX)
</UL>

<P><STRONG><a name="[14a]"></a>__rt_entry_postli_1</STRONG> (ARM, 0 bytes, Stack size unknown bytes, __rtentry2.o(.ARM.Collect$$rtentry$$0000000C))

<P><STRONG><a name="[dc]"></a>__rt_exit</STRONG> (ARM, 0 bytes, Stack size unknown bytes, rtexit.o(.ARM.Collect$$rtexit$$00000000))
<BR><BR>[Called By]<UL><LI><a href="#[88]">&gt;&gt;</a>&nbsp;&nbsp;&nbsp;exit (via Veneer)
</UL>

<P><STRONG><a name="[89]"></a>__rt_exit_ls</STRONG> (ARM, 0 bytes, Stack size unknown bytes, rtexit2.o(.ARM.Collect$$rtexit$$00000003))
<BR><BR>[Calls]<UL><LI><a href="#[8a]">&gt;&gt;</a>&nbsp;&nbsp;&nbsp;__rt_lib_shutdown (via Veneer)
</UL>

<P><STRONG><a name="[14b]"></a>__rt_exit_prels_1</STRONG> (ARM, 0 bytes, Stack size unknown bytes, rtexit2.o(.ARM.Collect$$rtexit$$00000002))

<P><STRONG><a name="[8b]"></a>__rt_exit_exit</STRONG> (ARM, 0 bytes, Stack size unknown bytes, rtexit2.o(.ARM.Collect$$rtexit$$00000004))
<BR><BR>[Calls]<UL><LI><a href="#[8c]">&gt;&gt;</a>&nbsp;&nbsp;&nbsp;_sys_exit
</UL>

<P><STRONG><a name="[da]"></a>__user_initial_stackheap</STRONG> (ARM, 0 bytes, Stack size unknown bytes, str73x.o(.text))
<BR><BR>[Called By]<UL><LI><a href="#[84]">&gt;&gt;</a>&nbsp;&nbsp;&nbsp;__user_setup_stackheap
</UL>

<P><STRONG><a name="[14c]"></a>_maybe_terminate_alloc</STRONG> (Thumb, 0 bytes, Stack size unknown bytes, maybetermalloc1.o(.emb_text), UNUSED)

<P><STRONG><a name="[8d]"></a>InitHw</STRONG> (ARM, 144 bytes, Stack size 8 bytes, inithw.o(.text))
<BR><BR>[Stack]<UL><LI>Max Depth = 32 + Unknown Stack Size
<LI>Call Chain = InitHw &rArr; UART_Init &rArr; PRCCU_GetFrequencyValue &rArr; __aeabi_idivmod
</UL>
<BR>[Calls]<UL><LI><a href="#[90]">&gt;&gt;</a>&nbsp;&nbsp;&nbsp;UART_StructInit
<LI><a href="#[92]">&gt;&gt;</a>&nbsp;&nbsp;&nbsp;UART_Init
<LI><a href="#[91]">&gt;&gt;</a>&nbsp;&nbsp;&nbsp;UART_Cmd
<LI><a href="#[8f]">&gt;&gt;</a>&nbsp;&nbsp;&nbsp;GPIO_Init
<LI><a href="#[93]">&gt;&gt;</a>&nbsp;&nbsp;&nbsp;EIC_IRQCmd
<LI><a href="#[8e]">&gt;&gt;</a>&nbsp;&nbsp;&nbsp;CFG_PeripheralClockConfig
</UL>
<BR>[Called By]<UL><LI><a href="#[4e]">&gt;&gt;</a>&nbsp;&nbsp;&nbsp;main
</UL>

<P><STRONG><a name="[122]"></a>Undefined_Handler</STRONG> (ARM, 4 bytes, Stack size 0 bytes, 73x_it.o(.text))
<BR><BR>[Called By]<UL><LI><a href="#[d]">&gt;&gt;</a>&nbsp;&nbsp;&nbsp;UndefHandler
</UL>

<P><STRONG><a name="[e8]"></a>FIQ_Handler</STRONG> (ARM, 4 bytes, Stack size 0 bytes, 73x_it.o(.text))
<BR><BR>[Called By]<UL><LI><a href="#[12]">&gt;&gt;</a>&nbsp;&nbsp;&nbsp;FIQHandler
</UL>

<P><STRONG><a name="[121]"></a>SWI_Handler</STRONG> (ARM, 4 bytes, Stack size 0 bytes, 73x_it.o(.text))
<BR><BR>[Called By]<UL><LI><a href="#[e]">&gt;&gt;</a>&nbsp;&nbsp;&nbsp;SWIHandler
</UL>

<P><STRONG><a name="[120]"></a>Prefetch_Handler</STRONG> (ARM, 4 bytes, Stack size 0 bytes, 73x_it.o(.text))
<BR><BR>[Called By]<UL><LI><a href="#[f]">&gt;&gt;</a>&nbsp;&nbsp;&nbsp;PAbtHandler
</UL>

<P><STRONG><a name="[e7]"></a>Abort_Handler</STRONG> (ARM, 4 bytes, Stack size 0 bytes, 73x_it.o(.text))
<BR><BR>[Called By]<UL><LI><a href="#[10]">&gt;&gt;</a>&nbsp;&nbsp;&nbsp;DAbtHandler
</UL>

<P><STRONG><a name="[e9]"></a>PRCCUCMU_IRQHandler</STRONG> (ARM, 4 bytes, Stack size 0 bytes, 73x_it.o(.text))
<BR><BR>[Called By]<UL><LI><a href="#[13]">&gt;&gt;</a>&nbsp;&nbsp;&nbsp;PRCCUCMUIRQHandler
</UL>

<P><STRONG><a name="[ea]"></a>EXTIT01_IRQHandler</STRONG> (ARM, 4 bytes, Stack size 0 bytes, 73x_it.o(.text))
<BR><BR>[Called By]<UL><LI><a href="#[14]">&gt;&gt;</a>&nbsp;&nbsp;&nbsp;EXTIT01IRQHandler
</UL>

<P><STRONG><a name="[eb]"></a>EXTIT02_IRQHandler</STRONG> (ARM, 4 bytes, Stack size 0 bytes, 73x_it.o(.text))
<BR><BR>[Called By]<UL><LI><a href="#[15]">&gt;&gt;</a>&nbsp;&nbsp;&nbsp;EXTIT02IRQHandler
</UL>

<P><STRONG><a name="[ec]"></a>EXTIT03_IRQHandler</STRONG> (ARM, 4 bytes, Stack size 0 bytes, 73x_it.o(.text))
<BR><BR>[Called By]<UL><LI><a href="#[16]">&gt;&gt;</a>&nbsp;&nbsp;&nbsp;EXTIT03IRQHandler
</UL>

<P><STRONG><a name="[ed]"></a>EXTIT04_IRQHandler</STRONG> (ARM, 4 bytes, Stack size 0 bytes, 73x_it.o(.text))
<BR><BR>[Called By]<UL><LI><a href="#[17]">&gt;&gt;</a>&nbsp;&nbsp;&nbsp;EXTIT04IRQHandler
</UL>

<P><STRONG><a name="[ee]"></a>EXTIT05_IRQHandler</STRONG> (ARM, 4 bytes, Stack size 0 bytes, 73x_it.o(.text))
<BR><BR>[Called By]<UL><LI><a href="#[18]">&gt;&gt;</a>&nbsp;&nbsp;&nbsp;EXTIT05IRQHandler
</UL>

<P><STRONG><a name="[ef]"></a>EXTIT06_IRQHandler</STRONG> (ARM, 4 bytes, Stack size 0 bytes, 73x_it.o(.text))
<BR><BR>[Called By]<UL><LI><a href="#[19]">&gt;&gt;</a>&nbsp;&nbsp;&nbsp;EXTIT06IRQHandler
</UL>

<P><STRONG><a name="[f0]"></a>EXTIT07_IRQHandler</STRONG> (ARM, 4 bytes, Stack size 0 bytes, 73x_it.o(.text))
<BR><BR>[Called By]<UL><LI><a href="#[1a]">&gt;&gt;</a>&nbsp;&nbsp;&nbsp;EXTIT07IRQHandler
</UL>

<P><STRONG><a name="[f1]"></a>EXTIT08_IRQHandler</STRONG> (ARM, 4 bytes, Stack size 0 bytes, 73x_it.o(.text))
<BR><BR>[Called By]<UL><LI><a href="#[1b]">&gt;&gt;</a>&nbsp;&nbsp;&nbsp;EXTIT08IRQHandler
</UL>

<P><STRONG><a name="[f2]"></a>EXTIT09_IRQHandler</STRONG> (ARM, 4 bytes, Stack size 0 bytes, 73x_it.o(.text))
<BR><BR>[Called By]<UL><LI><a href="#[1c]">&gt;&gt;</a>&nbsp;&nbsp;&nbsp;EXTIT09IRQHandler
</UL>

<P><STRONG><a name="[f3]"></a>EXTIT10_IRQHandler</STRONG> (ARM, 4 bytes, Stack size 0 bytes, 73x_it.o(.text))
<BR><BR>[Called By]<UL><LI><a href="#[1d]">&gt;&gt;</a>&nbsp;&nbsp;&nbsp;EXTIT10IRQHandler
</UL>

<P><STRONG><a name="[f4]"></a>EXTIT11_IRQHandler</STRONG> (ARM, 4 bytes, Stack size 0 bytes, 73x_it.o(.text))
<BR><BR>[Called By]<UL><LI><a href="#[1e]">&gt;&gt;</a>&nbsp;&nbsp;&nbsp;EXTIT11IRQHandler
</UL>

<P><STRONG><a name="[f5]"></a>EXTIT12_IRQHandler</STRONG> (ARM, 4 bytes, Stack size 0 bytes, 73x_it.o(.text))
<BR><BR>[Called By]<UL><LI><a href="#[1f]">&gt;&gt;</a>&nbsp;&nbsp;&nbsp;EXTIT12IRQHandler
</UL>

<P><STRONG><a name="[f6]"></a>EXTIT13_IRQHandler</STRONG> (ARM, 4 bytes, Stack size 0 bytes, 73x_it.o(.text))
<BR><BR>[Called By]<UL><LI><a href="#[20]">&gt;&gt;</a>&nbsp;&nbsp;&nbsp;EXTIT13IRQHandler
</UL>

<P><STRONG><a name="[f7]"></a>EXTIT14_IRQHandler</STRONG> (ARM, 4 bytes, Stack size 0 bytes, 73x_it.o(.text))
<BR><BR>[Called By]<UL><LI><a href="#[21]">&gt;&gt;</a>&nbsp;&nbsp;&nbsp;EXTIT14IRQHandler
</UL>

<P><STRONG><a name="[f8]"></a>EXTIT15_IRQHandler</STRONG> (ARM, 4 bytes, Stack size 0 bytes, 73x_it.o(.text))
<BR><BR>[Called By]<UL><LI><a href="#[22]">&gt;&gt;</a>&nbsp;&nbsp;&nbsp;EXTIT15IRQHandler
</UL>

<P><STRONG><a name="[f9]"></a>DMATRERR_IRQHandler</STRONG> (ARM, 4 bytes, Stack size 0 bytes, 73x_it.o(.text))
<BR><BR>[Called By]<UL><LI><a href="#[23]">&gt;&gt;</a>&nbsp;&nbsp;&nbsp;DMATRERRIRQHandler
</UL>

<P><STRONG><a name="[fa]"></a>TIM1_IRQHandler</STRONG> (ARM, 4 bytes, Stack size 0 bytes, 73x_it.o(.text))
<BR><BR>[Called By]<UL><LI><a href="#[24]">&gt;&gt;</a>&nbsp;&nbsp;&nbsp;TIM1IRQHandler
</UL>

<P><STRONG><a name="[fb]"></a>TIM2_IRQHandler</STRONG> (ARM, 4 bytes, Stack size 0 bytes, 73x_it.o(.text))
<BR><BR>[Called By]<UL><LI><a href="#[25]">&gt;&gt;</a>&nbsp;&nbsp;&nbsp;TIM2IRQHandler
</UL>

<P><STRONG><a name="[94]"></a>TIM3_IRQHandler</STRONG> (ARM, 96 bytes, Stack size 8 bytes, 73x_it.o(.text))
<BR><BR>[Stack]<UL><LI>Max Depth = 8<LI>Call Chain = TIM3_IRQHandler
</UL>
<BR>[Calls]<UL><LI><a href="#[97]">&gt;&gt;</a>&nbsp;&nbsp;&nbsp;TIM_FlagClear
<LI><a href="#[96]">&gt;&gt;</a>&nbsp;&nbsp;&nbsp;GPIO_BitWrite
<LI><a href="#[95]">&gt;&gt;</a>&nbsp;&nbsp;&nbsp;GPIO_BitRead
</UL>
<BR>[Called By]<UL><LI><a href="#[26]">&gt;&gt;</a>&nbsp;&nbsp;&nbsp;TIM3IRQHandler
</UL>

<P><STRONG><a name="[98]"></a>TIM4_IRQHandler</STRONG> (ARM, 144 bytes, Stack size 8 bytes, 73x_it.o(.text))
<BR><BR>[Stack]<UL><LI>Max Depth = 8<LI>Call Chain = TIM4_IRQHandler
</UL>
<BR>[Calls]<UL><LI><a href="#[97]">&gt;&gt;</a>&nbsp;&nbsp;&nbsp;TIM_FlagClear
<LI><a href="#[99]">&gt;&gt;</a>&nbsp;&nbsp;&nbsp;GPIO_WordWrite
</UL>
<BR>[Called By]<UL><LI><a href="#[27]">&gt;&gt;</a>&nbsp;&nbsp;&nbsp;TIM4IRQHandler
</UL>

<P><STRONG><a name="[fc]"></a>TB0_IRQHandler</STRONG> (ARM, 4 bytes, Stack size 0 bytes, 73x_it.o(.text))
<BR><BR>[Called By]<UL><LI><a href="#[28]">&gt;&gt;</a>&nbsp;&nbsp;&nbsp;TB0IRQHandler
</UL>

<P><STRONG><a name="[fd]"></a>TB1_IRQHandler</STRONG> (ARM, 4 bytes, Stack size 0 bytes, 73x_it.o(.text))
<BR><BR>[Called By]<UL><LI><a href="#[29]">&gt;&gt;</a>&nbsp;&nbsp;&nbsp;TB1IRQHandler
</UL>

<P><STRONG><a name="[fe]"></a>TB2_IRQHandler</STRONG> (ARM, 4 bytes, Stack size 0 bytes, 73x_it.o(.text))
<BR><BR>[Called By]<UL><LI><a href="#[2a]">&gt;&gt;</a>&nbsp;&nbsp;&nbsp;TB2IRQHandler
</UL>

<P><STRONG><a name="[ff]"></a>TIM5_IRQHandler</STRONG> (ARM, 4 bytes, Stack size 0 bytes, 73x_it.o(.text))
<BR><BR>[Called By]<UL><LI><a href="#[2b]">&gt;&gt;</a>&nbsp;&nbsp;&nbsp;TIM5IRQHandler
</UL>

<P><STRONG><a name="[100]"></a>TIM6_IRQHandler</STRONG> (ARM, 4 bytes, Stack size 0 bytes, 73x_it.o(.text))
<BR><BR>[Called By]<UL><LI><a href="#[2c]">&gt;&gt;</a>&nbsp;&nbsp;&nbsp;TIM6IRQHandler
</UL>

<P><STRONG><a name="[101]"></a>TIM7_IRQHandler</STRONG> (ARM, 4 bytes, Stack size 0 bytes, 73x_it.o(.text))
<BR><BR>[Called By]<UL><LI><a href="#[2d]">&gt;&gt;</a>&nbsp;&nbsp;&nbsp;TIM7IRQHandler
</UL>

<P><STRONG><a name="[102]"></a>TIM8_IRQHandler</STRONG> (ARM, 4 bytes, Stack size 0 bytes, 73x_it.o(.text))
<BR><BR>[Called By]<UL><LI><a href="#[2e]">&gt;&gt;</a>&nbsp;&nbsp;&nbsp;TIM8IRQHandler
</UL>

<P><STRONG><a name="[103]"></a>TIM9_IRQHandler</STRONG> (ARM, 4 bytes, Stack size 0 bytes, 73x_it.o(.text))
<BR><BR>[Called By]<UL><LI><a href="#[2f]">&gt;&gt;</a>&nbsp;&nbsp;&nbsp;TIM9IRQHandler
</UL>

<P><STRONG><a name="[104]"></a>UART2_IRQHandler</STRONG> (ARM, 4 bytes, Stack size 0 bytes, 73x_it.o(.text))
<BR><BR>[Called By]<UL><LI><a href="#[30]">&gt;&gt;</a>&nbsp;&nbsp;&nbsp;UART2IRQHandler
</UL>

<P><STRONG><a name="[105]"></a>UART3_IRQHandler</STRONG> (ARM, 4 bytes, Stack size 0 bytes, 73x_it.o(.text))
<BR><BR>[Called By]<UL><LI><a href="#[31]">&gt;&gt;</a>&nbsp;&nbsp;&nbsp;UART3IRQHandler
</UL>

<P><STRONG><a name="[106]"></a>FLASHEOP_IRQHandler</STRONG> (ARM, 4 bytes, Stack size 0 bytes, 73x_it.o(.text))
<BR><BR>[Called By]<UL><LI><a href="#[32]">&gt;&gt;</a>&nbsp;&nbsp;&nbsp;FLASHEOPIRQHandler
</UL>

<P><STRONG><a name="[107]"></a>PWM0_IRQHandler</STRONG> (ARM, 4 bytes, Stack size 0 bytes, 73x_it.o(.text))
<BR><BR>[Called By]<UL><LI><a href="#[33]">&gt;&gt;</a>&nbsp;&nbsp;&nbsp;PWM0IRQHandler
</UL>

<P><STRONG><a name="[108]"></a>PWM1_IRQHandler</STRONG> (ARM, 4 bytes, Stack size 0 bytes, 73x_it.o(.text))
<BR><BR>[Called By]<UL><LI><a href="#[34]">&gt;&gt;</a>&nbsp;&nbsp;&nbsp;PWM1IRQHandler
</UL>

<P><STRONG><a name="[109]"></a>PWM2_IRQHandler</STRONG> (ARM, 4 bytes, Stack size 0 bytes, 73x_it.o(.text))
<BR><BR>[Called By]<UL><LI><a href="#[35]">&gt;&gt;</a>&nbsp;&nbsp;&nbsp;PWM2IRQHandler
</UL>

<P><STRONG><a name="[10a]"></a>PWM3_IRQHandler</STRONG> (ARM, 4 bytes, Stack size 0 bytes, 73x_it.o(.text))
<BR><BR>[Called By]<UL><LI><a href="#[36]">&gt;&gt;</a>&nbsp;&nbsp;&nbsp;PWM3IRQHandler
</UL>

<P><STRONG><a name="[10b]"></a>PWM4_IRQHandler</STRONG> (ARM, 4 bytes, Stack size 0 bytes, 73x_it.o(.text))
<BR><BR>[Called By]<UL><LI><a href="#[37]">&gt;&gt;</a>&nbsp;&nbsp;&nbsp;PWM4IRQHandler
</UL>

<P><STRONG><a name="[10c]"></a>PWM5_IRQHandler</STRONG> (ARM, 4 bytes, Stack size 0 bytes, 73x_it.o(.text))
<BR><BR>[Called By]<UL><LI><a href="#[38]">&gt;&gt;</a>&nbsp;&nbsp;&nbsp;PWM5IRQHandler
</UL>

<P><STRONG><a name="[10d]"></a>WIU_IRQHandler</STRONG> (ARM, 4 bytes, Stack size 0 bytes, 73x_it.o(.text))
<BR><BR>[Called By]<UL><LI><a href="#[39]">&gt;&gt;</a>&nbsp;&nbsp;&nbsp;WIUIRQHandler
</UL>

<P><STRONG><a name="[10e]"></a>WDGWUT_IRQHandler</STRONG> (ARM, 4 bytes, Stack size 0 bytes, 73x_it.o(.text))
<BR><BR>[Called By]<UL><LI><a href="#[3a]">&gt;&gt;</a>&nbsp;&nbsp;&nbsp;WDGWUTIRQHandler
</UL>

<P><STRONG><a name="[10f]"></a>BSPI0_IRQHandler</STRONG> (ARM, 4 bytes, Stack size 0 bytes, 73x_it.o(.text))
<BR><BR>[Called By]<UL><LI><a href="#[3b]">&gt;&gt;</a>&nbsp;&nbsp;&nbsp;BSPI0IRQHandler
</UL>

<P><STRONG><a name="[110]"></a>BSPI1_IRQHandler</STRONG> (ARM, 4 bytes, Stack size 0 bytes, 73x_it.o(.text))
<BR><BR>[Called By]<UL><LI><a href="#[3c]">&gt;&gt;</a>&nbsp;&nbsp;&nbsp;BSPI1IRQHandler
</UL>

<P><STRONG><a name="[111]"></a>BSPI2_IRQHandler</STRONG> (ARM, 4 bytes, Stack size 0 bytes, 73x_it.o(.text))
<BR><BR>[Called By]<UL><LI><a href="#[3d]">&gt;&gt;</a>&nbsp;&nbsp;&nbsp;BSPI2IRQHandler
</UL>

<P><STRONG><a name="[112]"></a>UART0_IRQHandler</STRONG> (ARM, 4 bytes, Stack size 0 bytes, 73x_it.o(.text))
<BR><BR>[Called By]<UL><LI><a href="#[3e]">&gt;&gt;</a>&nbsp;&nbsp;&nbsp;UART0IRQHandler
</UL>

<P><STRONG><a name="[113]"></a>UART1_IRQHandler</STRONG> (ARM, 4 bytes, Stack size 0 bytes, 73x_it.o(.text))
<BR><BR>[Called By]<UL><LI><a href="#[3f]">&gt;&gt;</a>&nbsp;&nbsp;&nbsp;UART1IRQHandler
</UL>

<P><STRONG><a name="[114]"></a>I2C0ITERR_IRQHandler</STRONG> (ARM, 4 bytes, Stack size 0 bytes, 73x_it.o(.text))
<BR><BR>[Called By]<UL><LI><a href="#[40]">&gt;&gt;</a>&nbsp;&nbsp;&nbsp;I2C0ITERRIRQHandler
</UL>

<P><STRONG><a name="[115]"></a>I2C1ITERR_IRQHandler</STRONG> (ARM, 4 bytes, Stack size 0 bytes, 73x_it.o(.text))
<BR><BR>[Called By]<UL><LI><a href="#[41]">&gt;&gt;</a>&nbsp;&nbsp;&nbsp;I2C1ITERRIRQHandler
</UL>

<P><STRONG><a name="[116]"></a>I2C0ITDDC_IRQHandler</STRONG> (ARM, 4 bytes, Stack size 0 bytes, 73x_it.o(.text))
<BR><BR>[Called By]<UL><LI><a href="#[42]">&gt;&gt;</a>&nbsp;&nbsp;&nbsp;I2C0ITDDCIRQHandler
</UL>

<P><STRONG><a name="[117]"></a>I2C1ITDDC_IRQHandler</STRONG> (ARM, 4 bytes, Stack size 0 bytes, 73x_it.o(.text))
<BR><BR>[Called By]<UL><LI><a href="#[43]">&gt;&gt;</a>&nbsp;&nbsp;&nbsp;I2C1ITDDCIRQHandler
</UL>

<P><STRONG><a name="[118]"></a>CAN0_IRQHandler</STRONG> (ARM, 4 bytes, Stack size 0 bytes, 73x_it.o(.text))
<BR><BR>[Called By]<UL><LI><a href="#[44]">&gt;&gt;</a>&nbsp;&nbsp;&nbsp;CAN0IRQHandler
</UL>

<P><STRONG><a name="[119]"></a>CAN1_IRQHandler</STRONG> (ARM, 4 bytes, Stack size 0 bytes, 73x_it.o(.text))
<BR><BR>[Called By]<UL><LI><a href="#[45]">&gt;&gt;</a>&nbsp;&nbsp;&nbsp;CAN1IRQHandler
</UL>

<P><STRONG><a name="[11a]"></a>CAN2_IRQHandler</STRONG> (ARM, 4 bytes, Stack size 0 bytes, 73x_it.o(.text))
<BR><BR>[Called By]<UL><LI><a href="#[46]">&gt;&gt;</a>&nbsp;&nbsp;&nbsp;CAN2IRQHandler
</UL>

<P><STRONG><a name="[11b]"></a>DMA0_IRQHandler</STRONG> (ARM, 4 bytes, Stack size 0 bytes, 73x_it.o(.text))
<BR><BR>[Called By]<UL><LI><a href="#[47]">&gt;&gt;</a>&nbsp;&nbsp;&nbsp;DMA0IRQHandler
</UL>

<P><STRONG><a name="[11c]"></a>DMA1_IRQHandler</STRONG> (ARM, 4 bytes, Stack size 0 bytes, 73x_it.o(.text))
<BR><BR>[Called By]<UL><LI><a href="#[48]">&gt;&gt;</a>&nbsp;&nbsp;&nbsp;DMA1IRQHandler
</UL>

<P><STRONG><a name="[11d]"></a>DMA2_IRQHandler</STRONG> (ARM, 4 bytes, Stack size 0 bytes, 73x_it.o(.text))
<BR><BR>[Called By]<UL><LI><a href="#[49]">&gt;&gt;</a>&nbsp;&nbsp;&nbsp;DMA2IRQHandler
</UL>

<P><STRONG><a name="[11e]"></a>DMA3_IRQHandler</STRONG> (ARM, 4 bytes, Stack size 0 bytes, 73x_it.o(.text))
<BR><BR>[Called By]<UL><LI><a href="#[4a]">&gt;&gt;</a>&nbsp;&nbsp;&nbsp;DMA3IRQHandler
</UL>

<P><STRONG><a name="[9a]"></a>ADC_IRQHandler</STRONG> (ARM, 36 bytes, Stack size 8 bytes, 73x_it.o(.text))
<BR><BR>[Stack]<UL><LI>Max Depth = 8<LI>Call Chain = ADC_IRQHandler
</UL>
<BR>[Calls]<UL><LI><a href="#[9b]">&gt;&gt;</a>&nbsp;&nbsp;&nbsp;ADC_GetConversionValue
<LI><a href="#[9c]">&gt;&gt;</a>&nbsp;&nbsp;&nbsp;ADC_FlagClear
</UL>
<BR>[Called By]<UL><LI><a href="#[4b]">&gt;&gt;</a>&nbsp;&nbsp;&nbsp;ADCIRQHandler
</UL>

<P><STRONG><a name="[11f]"></a>RTC_IRQHandler</STRONG> (ARM, 4 bytes, Stack size 0 bytes, 73x_it.o(.text))
<BR><BR>[Called By]<UL><LI><a href="#[4c]">&gt;&gt;</a>&nbsp;&nbsp;&nbsp;RTCIRQHandler
</UL>

<P><STRONG><a name="[50]"></a>fputc</STRONG> (ARM, 36 bytes, Stack size 16 bytes, retarget.o(.text))
<BR><BR>[Stack]<UL><LI>Max Depth = 16<LI>Call Chain = fputc
</UL>
<BR>[Calls]<UL><LI><a href="#[9d]">&gt;&gt;</a>&nbsp;&nbsp;&nbsp;UART_ByteBufferSend
</UL>
<BR>[Address Reference Count : 1]<UL><LI> _printf_char_file.o(.text)
</UL>
<P><STRONG><a name="[c1]"></a>ferror</STRONG> (ARM, 12 bytes, Stack size 0 bytes, retarget.o(.text))
<BR><BR>[Called By]<UL><LI><a href="#[aa]">&gt;&gt;</a>&nbsp;&nbsp;&nbsp;_printf_char_file (via Veneer)
</UL>

<P><STRONG><a name="[9e]"></a>_ttywrch</STRONG> (ARM, 28 bytes, Stack size 8 bytes, retarget.o(.text))
<BR><BR>[Stack]<UL><LI>Max Depth = 8<LI>Call Chain = _ttywrch
</UL>
<BR>[Calls]<UL><LI><a href="#[9d]">&gt;&gt;</a>&nbsp;&nbsp;&nbsp;UART_ByteBufferSend
</UL>
<BR>[Called By]<UL><LI><a href="#[dd]">&gt;&gt;</a>&nbsp;&nbsp;&nbsp;__default_signal_display (via Veneer)
</UL>

<P><STRONG><a name="[8c]"></a>_sys_exit</STRONG> (ARM, 8 bytes, Stack size 0 bytes, retarget.o(.text))
<BR><BR>[Called By]<UL><LI><a href="#[8b]">&gt;&gt;</a>&nbsp;&nbsp;&nbsp;__rt_exit_exit
<LI><a href="#[d8]">&gt;&gt;</a>&nbsp;&nbsp;&nbsp;__sig_exit (via Veneer)
</UL>

<P><STRONG><a name="[a3]"></a>bigAdd</STRONG> (ARM, 4 bytes, Stack size unknown bytes, bigadd.o(.text))
<BR><BR>[Called By]<UL><LI><a href="#[9f]">&gt;&gt;</a>&nbsp;&nbsp;&nbsp;bigFib
</UL>

<P><STRONG><a name="[9f]"></a>bigFib</STRONG> (ARM, 468 bytes, Stack size 32 bytes, bigfib.o(.text))
<BR><BR>[Stack]<UL><LI>Max Depth = 88 + Unknown Stack Size
<LI>Call Chain = bigFib &rArr; malloc &rArr; __Heap_Full &rArr; __Heap_ProvideMemory &rArr; free
</UL>
<BR>[Calls]<UL><LI><a href="#[a3]">&gt;&gt;</a>&nbsp;&nbsp;&nbsp;bigAdd
<LI><a href="#[a2]">&gt;&gt;</a>&nbsp;&nbsp;&nbsp;free (via Veneer)
<LI><a href="#[a0]">&gt;&gt;</a>&nbsp;&nbsp;&nbsp;malloc (via Veneer)
<LI><a href="#[a1]">&gt;&gt;</a>&nbsp;&nbsp;&nbsp;__aeabi_errno_addr
</UL>
<BR>[Called By]<UL><LI><a href="#[4e]">&gt;&gt;</a>&nbsp;&nbsp;&nbsp;main
</UL>

<P><STRONG><a name="[a6]"></a>halt</STRONG> (ARM, 12 bytes, Stack size 0 bytes, main.o(.text))
<BR><BR>[Called By]<UL><LI><a href="#[4e]">&gt;&gt;</a>&nbsp;&nbsp;&nbsp;main
</UL>

<P><STRONG><a name="[4e]"></a>main</STRONG> (ARM, 1032 bytes, Stack size 8 bytes, main.o(.text))
<BR><BR>[Stack]<UL><LI>Max Depth = 192 + Unknown Stack Size
<LI>Call Chain = main &rArr; __heapstats &rArr; __Heap_Stats
</UL>
<BR>[Calls]<UL><LI><a href="#[a6]">&gt;&gt;</a>&nbsp;&nbsp;&nbsp;halt
<LI><a href="#[9f]">&gt;&gt;</a>&nbsp;&nbsp;&nbsp;bigFib
<LI><a href="#[8d]">&gt;&gt;</a>&nbsp;&nbsp;&nbsp;InitHw
<LI><a href="#[a4]">&gt;&gt;</a>&nbsp;&nbsp;&nbsp;__2printf (via Veneer)
<LI><a href="#[a2]">&gt;&gt;</a>&nbsp;&nbsp;&nbsp;free (via Veneer)
<LI><a href="#[a5]">&gt;&gt;</a>&nbsp;&nbsp;&nbsp;__heapstats (via Veneer)
<LI><a href="#[a1]">&gt;&gt;</a>&nbsp;&nbsp;&nbsp;__aeabi_errno_addr
</UL>
<BR>[Address Reference Count : 1]<UL><LI> __rtentry2.o(.ARM.Collect$$rtentry$$0000000D)
</UL>
<P><STRONG><a name="[14d]"></a>__I$use$semihosting</STRONG> (ARM, 0 bytes, Stack size 0 bytes, use_no_semi.o(.text), UNUSED)

<P><STRONG><a name="[14e]"></a>__use_no_semihosting_swi</STRONG> (ARM, 4 bytes, Stack size 0 bytes, use_no_semi.o(.text), UNUSED)

<P><STRONG><a name="[a1]"></a>__aeabi_errno_addr</STRONG> (ARM, 12 bytes, Stack size 0 bytes, rt_errno_addr_intlibspace.o(.text))
<BR><BR>[Called By]<UL><LI><a href="#[4e]">&gt;&gt;</a>&nbsp;&nbsp;&nbsp;main
<LI><a href="#[9f]">&gt;&gt;</a>&nbsp;&nbsp;&nbsp;bigFib
</UL>

<P><STRONG><a name="[14f]"></a>__errno$intlibspace</STRONG> (ARM, 0 bytes, Stack size 0 bytes, rt_errno_addr_intlibspace.o(.text), UNUSED)

<P><STRONG><a name="[150]"></a>__rt_errno_addr$intlibspace</STRONG> (ARM, 0 bytes, Stack size 0 bytes, rt_errno_addr_intlibspace.o(.text), UNUSED)

<P><STRONG><a name="[a5]"></a>__heapstats</STRONG> (Thumb, 26 bytes, Stack size 16 bytes, stats.o(.text))
<BR><BR>[Stack]<UL><LI>Max Depth = 184 + Unknown Stack Size
<LI>Call Chain = __heapstats &rArr; __Heap_Stats
</UL>
<BR>[Calls]<UL><LI><a href="#[a8]">&gt;&gt;</a>&nbsp;&nbsp;&nbsp;__Heap_Stats
<LI><a href="#[a7]">&gt;&gt;</a>&nbsp;&nbsp;&nbsp;__rt_heap_descriptor (via Veneer)
</UL>
<BR>[Called By]<UL><LI><a href="#[4e]">&gt;&gt;</a>&nbsp;&nbsp;&nbsp;main (via Veneer)
</UL>

<P><STRONG><a name="[a0]"></a>malloc</STRONG> (Thumb, 110 bytes, Stack size 16 bytes, h1_alloc.o(.text))
<BR><BR>[Stack]<UL><LI>Max Depth = 56<LI>Call Chain = malloc &rArr; __Heap_Full &rArr; __Heap_ProvideMemory &rArr; free
</UL>
<BR>[Calls]<UL><LI><a href="#[a9]">&gt;&gt;</a>&nbsp;&nbsp;&nbsp;__Heap_Full
<LI><a href="#[a7]">&gt;&gt;</a>&nbsp;&nbsp;&nbsp;__rt_heap_descriptor (via Veneer)
</UL>
<BR>[Called By]<UL><LI><a href="#[9f]">&gt;&gt;</a>&nbsp;&nbsp;&nbsp;bigFib (via Veneer)
</UL>

<P><STRONG><a name="[a2]"></a>free</STRONG> (Thumb, 84 bytes, Stack size 16 bytes, h1_free.o(.text))
<BR><BR>[Stack]<UL><LI>Max Depth = 16<LI>Call Chain = free
</UL>
<BR>[Calls]<UL><LI><a href="#[a7]">&gt;&gt;</a>&nbsp;&nbsp;&nbsp;__rt_heap_descriptor (via Veneer)
</UL>
<BR>[Called By]<UL><LI><a href="#[4e]">&gt;&gt;</a>&nbsp;&nbsp;&nbsp;main (via Veneer)
<LI><a href="#[9f]">&gt;&gt;</a>&nbsp;&nbsp;&nbsp;bigFib (via Veneer)
<LI><a href="#[b4]">&gt;&gt;</a>&nbsp;&nbsp;&nbsp;__Heap_ProvideMemory
</UL>

<P><STRONG><a name="[4f]"></a>fprintf</STRONG> (Thumb, 22 bytes, Stack size 24 bytes, fprintf.o(.text))
<BR><BR>[Stack]<UL><LI>Max Depth = 136 + Unknown Stack Size
<LI>Call Chain = fprintf &rArr; _printf_char_file &rArr; _printf_char_common &rArr; __printf
</UL>
<BR>[Calls]<UL><LI><a href="#[aa]">&gt;&gt;</a>&nbsp;&nbsp;&nbsp;_printf_char_file
</UL>
<BR>[Address Reference Count : 1]<UL><LI> main.o(.text)
</UL>
<P><STRONG><a name="[a4]"></a>__2printf</STRONG> (Thumb, 22 bytes, Stack size 24 bytes, __2printf.o(.text))
<BR><BR>[Stack]<UL><LI>Max Depth = 136 + Unknown Stack Size
<LI>Call Chain = __2printf &rArr; _printf_char_file &rArr; _printf_char_common &rArr; __printf
</UL>
<BR>[Calls]<UL><LI><a href="#[aa]">&gt;&gt;</a>&nbsp;&nbsp;&nbsp;_printf_char_file
</UL>
<BR>[Called By]<UL><LI><a href="#[4e]">&gt;&gt;</a>&nbsp;&nbsp;&nbsp;main (via Veneer)
</UL>

<P><STRONG><a name="[65]"></a>_printf_int_dec</STRONG> (Thumb, 94 bytes, Stack size 32 bytes, _printf_dec.o(.text))
<BR><BR>[Stack]<UL><LI>Max Depth = 88<LI>Call Chain = _printf_int_dec &rArr; _printf_int_common &rArr; _printf_post_padding
</UL>
<BR>[Calls]<UL><LI><a href="#[ad]">&gt;&gt;</a>&nbsp;&nbsp;&nbsp;__rt_udiv10 (via Veneer)
<LI><a href="#[ae]">&gt;&gt;</a>&nbsp;&nbsp;&nbsp;_printf_int_common
<LI><a href="#[ac]">&gt;&gt;</a>&nbsp;&nbsp;&nbsp;_printf_truncate_unsigned
<LI><a href="#[ab]">&gt;&gt;</a>&nbsp;&nbsp;&nbsp;_printf_truncate_signed
</UL>
<BR>[Called By]<UL><LI><a href="#[64]">&gt;&gt;</a>&nbsp;&nbsp;&nbsp;_printf_i (via Veneer)
<LI><a href="#[67]">&gt;&gt;</a>&nbsp;&nbsp;&nbsp;_printf_u (via Veneer)
<LI><a href="#[66]">&gt;&gt;</a>&nbsp;&nbsp;&nbsp;_printf_d (via Veneer)
</UL>

<P><STRONG><a name="[af]"></a>__printf</STRONG> (Thumb, 406 bytes, Stack size 32 bytes, __printf_flags_ss_wp.o(.text))
<BR><BR>[Stack]<UL><LI>Max Depth = 32 + Unknown Stack Size
<LI>Call Chain = __printf
</UL>
<BR>[Calls]<UL><LI><a href="#[b3]">&gt;&gt;</a>&nbsp;&nbsp;&nbsp;__ARM_common_call_via_r2
<LI><a href="#[b2]">&gt;&gt;</a>&nbsp;&nbsp;&nbsp;_printf_percent (via Veneer)
<LI><a href="#[b1]">&gt;&gt;</a>&nbsp;&nbsp;&nbsp;_is_digit
<LI><a href="#[b0]">&gt;&gt;</a>&nbsp;&nbsp;&nbsp;__ARM_common_call_via_r1
</UL>
<BR>[Called By]<UL><LI><a href="#[c0]">&gt;&gt;</a>&nbsp;&nbsp;&nbsp;_printf_char_common
</UL>

<P><STRONG><a name="[151]"></a>__aeabi_idiv</STRONG> (ARM, 0 bytes, Stack size 8 bytes, aeabi_sdiv.o(.text), UNUSED)

<P><STRONG><a name="[d0]"></a>__aeabi_idivmod</STRONG> (ARM, 384 bytes, Stack size 8 bytes, aeabi_sdiv.o(.text))
<BR><BR>[Stack]<UL><LI>Max Depth = 8<LI>Call Chain = __aeabi_idivmod
</UL>
<BR>[Called By]<UL><LI><a href="#[125]">&gt;&gt;</a>&nbsp;&nbsp;&nbsp;PRCCU_GetFrequencyValue
<LI><a href="#[c8]">&gt;&gt;</a>&nbsp;&nbsp;&nbsp;_btod_etento (via Veneer)
<LI><a href="#[cf]">&gt;&gt;</a>&nbsp;&nbsp;&nbsp;_printf_fp_hex_real (via Veneer)
</UL>

<P><STRONG><a name="[152]"></a>__use_two_region_memory</STRONG> (Thumb, 2 bytes, Stack size 0 bytes, heapauxi.o(.text), UNUSED)

<P><STRONG><a name="[4]"></a>__rt_heap_escrow</STRONG> (Thumb, 2 bytes, Stack size 0 bytes, heapauxi.o(.text), UNUSED)

<P><STRONG><a name="[3]"></a>__rt_heap_expand</STRONG> (Thumb, 2 bytes, Stack size 0 bytes, heapauxi.o(.text), UNUSED)

<P><STRONG><a name="[153]"></a>__user_libspace</STRONG> (ARM, 12 bytes, Stack size 0 bytes, libspace.o(.text), UNUSED)

<P><STRONG><a name="[d9]"></a>__user_perproc_libspace</STRONG> (ARM, 0 bytes, Stack size 0 bytes, libspace.o(.text))
<BR><BR>[Called By]<UL><LI><a href="#[84]">&gt;&gt;</a>&nbsp;&nbsp;&nbsp;__user_setup_stackheap
</UL>

<P><STRONG><a name="[154]"></a>__user_perthread_libspace</STRONG> (ARM, 0 bytes, Stack size 0 bytes, libspace.o(.text), UNUSED)

<P><STRONG><a name="[a7]"></a>__rt_heap_descriptor</STRONG> (ARM, 12 bytes, Stack size 0 bytes, rt_heap_descriptor_intlibspace.o(.text))
<BR><BR>[Called By]<UL><LI><a href="#[7d]">&gt;&gt;</a>&nbsp;&nbsp;&nbsp;_init_alloc (via Veneer)
<LI><a href="#[a2]">&gt;&gt;</a>&nbsp;&nbsp;&nbsp;free (via Veneer)
<LI><a href="#[a0]">&gt;&gt;</a>&nbsp;&nbsp;&nbsp;malloc (via Veneer)
<LI><a href="#[a5]">&gt;&gt;</a>&nbsp;&nbsp;&nbsp;__heapstats (via Veneer)
</UL>

<P><STRONG><a name="[155]"></a>__use_no_heap</STRONG> (Thumb, 2 bytes, Stack size 0 bytes, hguard.o(.text), UNUSED)

<P><STRONG><a name="[156]"></a>__heap$guard</STRONG> (Thumb, 2 bytes, Stack size 0 bytes, hguard.o(.text), UNUSED)

<P><STRONG><a name="[a]"></a>_terminate_user_alloc</STRONG> (Thumb, 2 bytes, Stack size 0 bytes, init_alloc.o(.text), UNUSED)

<P><STRONG><a name="[6]"></a>_init_user_alloc</STRONG> (Thumb, 2 bytes, Stack size 0 bytes, init_alloc.o(.text), UNUSED)

<P><STRONG><a name="[a9]"></a>__Heap_Full</STRONG> (Thumb, 36 bytes, Stack size 16 bytes, init_alloc.o(.text))
<BR><BR>[Stack]<UL><LI>Max Depth = 40<LI>Call Chain = __Heap_Full &rArr; __Heap_ProvideMemory &rArr; free
</UL>
<BR>[Calls]<UL><LI><a href="#[b4]">&gt;&gt;</a>&nbsp;&nbsp;&nbsp;__Heap_ProvideMemory
</UL>
<BR>[Called By]<UL><LI><a href="#[a0]">&gt;&gt;</a>&nbsp;&nbsp;&nbsp;malloc
</UL>

<P><STRONG><a name="[b5]"></a>__Heap_Broken</STRONG> (Thumb, 14 bytes, Stack size 8 bytes, init_alloc.o(.text), UNUSED)
<BR><BR>[Calls]<UL><LI><a href="#[b6]">&gt;&gt;</a>&nbsp;&nbsp;&nbsp;__rt_SIGRTMEM
</UL>

<P><STRONG><a name="[7d]"></a>_init_alloc</STRONG> (Thumb, 94 bytes, Stack size 24 bytes, init_alloc.o(.text))
<BR><BR>[Stack]<UL><LI>Max Depth = 64<LI>Call Chain = _init_alloc &rArr; __rt_SIGRTMEM &rArr; __rt_SIGRTMEM_inner &rArr; __default_signal_display &rArr; _ttywrch
</UL>
<BR>[Calls]<UL><LI><a href="#[b7]">&gt;&gt;</a>&nbsp;&nbsp;&nbsp;__Heap_Initialize
<LI><a href="#[a7]">&gt;&gt;</a>&nbsp;&nbsp;&nbsp;__rt_heap_descriptor (via Veneer)
<LI><a href="#[b6]">&gt;&gt;</a>&nbsp;&nbsp;&nbsp;__rt_SIGRTMEM
<LI><a href="#[b4]">&gt;&gt;</a>&nbsp;&nbsp;&nbsp;__Heap_ProvideMemory
</UL>
<BR>[Called By]<UL><LI><a href="#[7c]">&gt;&gt;</a>&nbsp;&nbsp;&nbsp;__rt_lib_init_heap_2
</UL>

<P><STRONG><a name="[b7]"></a>__Heap_Initialize</STRONG> (Thumb, 10 bytes, Stack size 0 bytes, h1_init.o(.text))
<BR><BR>[Called By]<UL><LI><a href="#[7d]">&gt;&gt;</a>&nbsp;&nbsp;&nbsp;_init_alloc
</UL>

<P><STRONG><a name="[5]"></a>__Heap_DescSize</STRONG> (Thumb, 4 bytes, Stack size 0 bytes, h1_init.o(.text), UNUSED)

<P><STRONG><a name="[a8]"></a>__Heap_Stats</STRONG> (Thumb, 156 bytes, Stack size 168 bytes, h1_stats.o(.text))
<BR><BR>[Stack]<UL><LI>Max Depth = 168 + Unknown Stack Size
<LI>Call Chain = __Heap_Stats
</UL>
<BR>[Calls]<UL><LI><a href="#[bb]">&gt;&gt;</a>&nbsp;&nbsp;&nbsp;__ARM_common_call_via_r7
<LI><a href="#[ba]">&gt;&gt;</a>&nbsp;&nbsp;&nbsp;__ARM_common_call_via_r4
<LI><a href="#[b9]">&gt;&gt;</a>&nbsp;&nbsp;&nbsp;__aeabi_uidivmod (via Veneer)
<LI><a href="#[bc]">&gt;&gt;</a>&nbsp;&nbsp;&nbsp;_mutex_release (Weak Reference)
<LI><a href="#[b8]">&gt;&gt;</a>&nbsp;&nbsp;&nbsp;_mutex_acquire (Weak Reference)
</UL>
<BR>[Called By]<UL><LI><a href="#[a5]">&gt;&gt;</a>&nbsp;&nbsp;&nbsp;__heapstats
</UL>

<P><STRONG><a name="[bd]"></a>_printf_pre_padding</STRONG> (Thumb, 50 bytes, Stack size 16 bytes, _printf_pad.o(.text))
<BR><BR>[Stack]<UL><LI>Max Depth = 16<LI>Call Chain = _printf_pre_padding
</UL>
<BR>[Calls]<UL><LI><a href="#[b3]">&gt;&gt;</a>&nbsp;&nbsp;&nbsp;__ARM_common_call_via_r2
</UL>
<BR>[Called By]<UL><LI><a href="#[c2]">&gt;&gt;</a>&nbsp;&nbsp;&nbsp;_printf_wctomb
<LI><a href="#[ae]">&gt;&gt;</a>&nbsp;&nbsp;&nbsp;_printf_int_common
<LI><a href="#[bf]">&gt;&gt;</a>&nbsp;&nbsp;&nbsp;_printf_str
<LI><a href="#[ce]">&gt;&gt;</a>&nbsp;&nbsp;&nbsp;_printf_fp_infnan
<LI><a href="#[cf]">&gt;&gt;</a>&nbsp;&nbsp;&nbsp;_printf_fp_hex_real
<LI><a href="#[cc]">&gt;&gt;</a>&nbsp;&nbsp;&nbsp;_printf_fp_dec_real
</UL>

<P><STRONG><a name="[be]"></a>_printf_post_padding</STRONG> (Thumb, 36 bytes, Stack size 16 bytes, _printf_pad.o(.text))
<BR><BR>[Stack]<UL><LI>Max Depth = 16<LI>Call Chain = _printf_post_padding
</UL>
<BR>[Calls]<UL><LI><a href="#[b3]">&gt;&gt;</a>&nbsp;&nbsp;&nbsp;__ARM_common_call_via_r2
</UL>
<BR>[Called By]<UL><LI><a href="#[c2]">&gt;&gt;</a>&nbsp;&nbsp;&nbsp;_printf_wctomb
<LI><a href="#[ae]">&gt;&gt;</a>&nbsp;&nbsp;&nbsp;_printf_int_common
<LI><a href="#[bf]">&gt;&gt;</a>&nbsp;&nbsp;&nbsp;_printf_str
<LI><a href="#[ce]">&gt;&gt;</a>&nbsp;&nbsp;&nbsp;_printf_fp_infnan
<LI><a href="#[cf]">&gt;&gt;</a>&nbsp;&nbsp;&nbsp;_printf_fp_hex_real
<LI><a href="#[cc]">&gt;&gt;</a>&nbsp;&nbsp;&nbsp;_printf_fp_dec_real
</UL>

<P><STRONG><a name="[ab]"></a>_printf_truncate_signed</STRONG> (Thumb, 22 bytes, Stack size 0 bytes, _printf_truncate.o(.text))
<BR><BR>[Called By]<UL><LI><a href="#[65]">&gt;&gt;</a>&nbsp;&nbsp;&nbsp;_printf_int_dec
</UL>

<P><STRONG><a name="[ac]"></a>_printf_truncate_unsigned</STRONG> (Thumb, 22 bytes, Stack size 0 bytes, _printf_truncate.o(.text))
<BR><BR>[Called By]<UL><LI><a href="#[6b]">&gt;&gt;</a>&nbsp;&nbsp;&nbsp;_printf_int_hex
<LI><a href="#[69]">&gt;&gt;</a>&nbsp;&nbsp;&nbsp;_printf_int_oct
<LI><a href="#[65]">&gt;&gt;</a>&nbsp;&nbsp;&nbsp;_printf_int_dec
</UL>

<P><STRONG><a name="[bf]"></a>_printf_str</STRONG> (Thumb, 88 bytes, Stack size 16 bytes, _printf_str.o(.text))
<BR><BR>[Stack]<UL><LI>Max Depth = 32<LI>Call Chain = _printf_str &rArr; _printf_post_padding
</UL>
<BR>[Calls]<UL><LI><a href="#[b3]">&gt;&gt;</a>&nbsp;&nbsp;&nbsp;__ARM_common_call_via_r2
<LI><a href="#[be]">&gt;&gt;</a>&nbsp;&nbsp;&nbsp;_printf_post_padding
<LI><a href="#[bd]">&gt;&gt;</a>&nbsp;&nbsp;&nbsp;_printf_pre_padding
</UL>
<BR>[Called By]<UL><LI><a href="#[d1]">&gt;&gt;</a>&nbsp;&nbsp;&nbsp;_printf_cs_common
</UL>

<P><STRONG><a name="[ae]"></a>_printf_int_common</STRONG> (Thumb, 186 bytes, Stack size 40 bytes, _printf_intcommon.o(.text))
<BR><BR>[Stack]<UL><LI>Max Depth = 56<LI>Call Chain = _printf_int_common &rArr; _printf_post_padding
</UL>
<BR>[Calls]<UL><LI><a href="#[b3]">&gt;&gt;</a>&nbsp;&nbsp;&nbsp;__ARM_common_call_via_r2
<LI><a href="#[be]">&gt;&gt;</a>&nbsp;&nbsp;&nbsp;_printf_post_padding
<LI><a href="#[bd]">&gt;&gt;</a>&nbsp;&nbsp;&nbsp;_printf_pre_padding
</UL>
<BR>[Called By]<UL><LI><a href="#[c6]">&gt;&gt;</a>&nbsp;&nbsp;&nbsp;_printf_longlong_hex
<LI><a href="#[c5]">&gt;&gt;</a>&nbsp;&nbsp;&nbsp;_printf_longlong_oct
<LI><a href="#[6d]">&gt;&gt;</a>&nbsp;&nbsp;&nbsp;_printf_longlong_dec
<LI><a href="#[65]">&gt;&gt;</a>&nbsp;&nbsp;&nbsp;_printf_int_dec
</UL>

<P><STRONG><a name="[5b]"></a>_printf_charcount</STRONG> (Thumb, 38 bytes, Stack size 0 bytes, _printf_charcount.o(.text))
<BR><BR>[Called By]<UL><LI><a href="#[5a]">&gt;&gt;</a>&nbsp;&nbsp;&nbsp;_printf_n (via Veneer)
</UL>

<P><STRONG><a name="[aa]"></a>_printf_char_file</STRONG> (Thumb, 38 bytes, Stack size 16 bytes, _printf_char_file.o(.text))
<BR><BR>[Stack]<UL><LI>Max Depth = 112 + Unknown Stack Size
<LI>Call Chain = _printf_char_file &rArr; _printf_char_common &rArr; __printf
</UL>
<BR>[Calls]<UL><LI><a href="#[c1]">&gt;&gt;</a>&nbsp;&nbsp;&nbsp;ferror (via Veneer)
<LI><a href="#[c0]">&gt;&gt;</a>&nbsp;&nbsp;&nbsp;_printf_char_common
</UL>
<BR>[Called By]<UL><LI><a href="#[a4]">&gt;&gt;</a>&nbsp;&nbsp;&nbsp;__2printf
<LI><a href="#[4f]">&gt;&gt;</a>&nbsp;&nbsp;&nbsp;fprintf
</UL>

<P><STRONG><a name="[c2]"></a>_printf_wctomb</STRONG> (Thumb, 188 bytes, Stack size 56 bytes, _printf_wctomb.o(.text))
<BR><BR>[Stack]<UL><LI>Max Depth = 80<LI>Call Chain = _printf_wctomb &rArr; _wcrtomb &rArr; __rt_ctype_table
</UL>
<BR>[Calls]<UL><LI><a href="#[b3]">&gt;&gt;</a>&nbsp;&nbsp;&nbsp;__ARM_common_call_via_r2
<LI><a href="#[be]">&gt;&gt;</a>&nbsp;&nbsp;&nbsp;_printf_post_padding
<LI><a href="#[bd]">&gt;&gt;</a>&nbsp;&nbsp;&nbsp;_printf_pre_padding
<LI><a href="#[c3]">&gt;&gt;</a>&nbsp;&nbsp;&nbsp;_wcrtomb
</UL>
<BR>[Called By]<UL><LI><a href="#[d3]">&gt;&gt;</a>&nbsp;&nbsp;&nbsp;_printf_lcs_common
</UL>

<P><STRONG><a name="[6d]"></a>_printf_longlong_dec</STRONG> (Thumb, 98 bytes, Stack size 32 bytes, _printf_longlong_dec.o(.text))
<BR><BR>[Stack]<UL><LI>Max Depth = 88<LI>Call Chain = _printf_longlong_dec &rArr; _printf_int_common &rArr; _printf_post_padding
</UL>
<BR>[Calls]<UL><LI><a href="#[ae]">&gt;&gt;</a>&nbsp;&nbsp;&nbsp;_printf_int_common
<LI><a href="#[c4]">&gt;&gt;</a>&nbsp;&nbsp;&nbsp;_ll_udiv10 (via Veneer)
</UL>
<BR>[Called By]<UL><LI><a href="#[6f]">&gt;&gt;</a>&nbsp;&nbsp;&nbsp;_printf_llu (via Veneer)
<LI><a href="#[6e]">&gt;&gt;</a>&nbsp;&nbsp;&nbsp;_printf_lld (via Veneer)
<LI><a href="#[6c]">&gt;&gt;</a>&nbsp;&nbsp;&nbsp;_printf_lli (via Veneer)
</UL>

<P><STRONG><a name="[c5]"></a>_printf_longlong_oct</STRONG> (Thumb, 72 bytes, Stack size 16 bytes, _printf_oct_int_ll.o(.text))
<BR><BR>[Stack]<UL><LI>Max Depth = 72<LI>Call Chain = _printf_longlong_oct &rArr; _printf_int_common &rArr; _printf_post_padding
</UL>
<BR>[Calls]<UL><LI><a href="#[ae]">&gt;&gt;</a>&nbsp;&nbsp;&nbsp;_printf_int_common
</UL>
<BR>[Called By]<UL><LI><a href="#[71]">&gt;&gt;</a>&nbsp;&nbsp;&nbsp;_printf_ll_oct
<LI><a href="#[69]">&gt;&gt;</a>&nbsp;&nbsp;&nbsp;_printf_int_oct
</UL>

<P><STRONG><a name="[69]"></a>_printf_int_oct</STRONG> (Thumb, 28 bytes, Stack size 8 bytes, _printf_oct_int_ll.o(.text))
<BR><BR>[Stack]<UL><LI>Max Depth = 80<LI>Call Chain = _printf_int_oct &rArr; _printf_longlong_oct &rArr; _printf_int_common &rArr; _printf_post_padding
</UL>
<BR>[Calls]<UL><LI><a href="#[c5]">&gt;&gt;</a>&nbsp;&nbsp;&nbsp;_printf_longlong_oct
<LI><a href="#[ac]">&gt;&gt;</a>&nbsp;&nbsp;&nbsp;_printf_truncate_unsigned
</UL>
<BR>[Called By]<UL><LI><a href="#[68]">&gt;&gt;</a>&nbsp;&nbsp;&nbsp;_printf_o (via Veneer)
</UL>

<P><STRONG><a name="[71]"></a>_printf_ll_oct</STRONG> (Thumb, 10 bytes, Stack size 0 bytes, _printf_oct_int_ll.o(.text))
<BR><BR>[Stack]<UL><LI>Max Depth = 72<LI>Call Chain = _printf_ll_oct &rArr; _printf_longlong_oct &rArr; _printf_int_common &rArr; _printf_post_padding
</UL>
<BR>[Calls]<UL><LI><a href="#[c5]">&gt;&gt;</a>&nbsp;&nbsp;&nbsp;_printf_longlong_oct
</UL>
<BR>[Called By]<UL><LI><a href="#[70]">&gt;&gt;</a>&nbsp;&nbsp;&nbsp;_printf_llo (via Veneer)
</UL>

<P><STRONG><a name="[c6]"></a>_printf_longlong_hex</STRONG> (Thumb, 92 bytes, Stack size 24 bytes, _printf_hex_int_ll_ptr.o(.text))
<BR><BR>[Stack]<UL><LI>Max Depth = 80<LI>Call Chain = _printf_longlong_hex &rArr; _printf_int_common &rArr; _printf_post_padding
</UL>
<BR>[Calls]<UL><LI><a href="#[ae]">&gt;&gt;</a>&nbsp;&nbsp;&nbsp;_printf_int_common
</UL>
<BR>[Called By]<UL><LI><a href="#[5d]">&gt;&gt;</a>&nbsp;&nbsp;&nbsp;_printf_hex_ptr
<LI><a href="#[73]">&gt;&gt;</a>&nbsp;&nbsp;&nbsp;_printf_ll_hex
<LI><a href="#[6b]">&gt;&gt;</a>&nbsp;&nbsp;&nbsp;_printf_int_hex
</UL>

<P><STRONG><a name="[6b]"></a>_printf_int_hex</STRONG> (Thumb, 32 bytes, Stack size 16 bytes, _printf_hex_int_ll_ptr.o(.text))
<BR><BR>[Stack]<UL><LI>Max Depth = 96<LI>Call Chain = _printf_int_hex &rArr; _printf_longlong_hex &rArr; _printf_int_common &rArr; _printf_post_padding
</UL>
<BR>[Calls]<UL><LI><a href="#[c6]">&gt;&gt;</a>&nbsp;&nbsp;&nbsp;_printf_longlong_hex
<LI><a href="#[ac]">&gt;&gt;</a>&nbsp;&nbsp;&nbsp;_printf_truncate_unsigned
</UL>
<BR>[Called By]<UL><LI><a href="#[6a]">&gt;&gt;</a>&nbsp;&nbsp;&nbsp;_printf_x (via Veneer)
</UL>

<P><STRONG><a name="[73]"></a>_printf_ll_hex</STRONG> (Thumb, 10 bytes, Stack size 0 bytes, _printf_hex_int_ll_ptr.o(.text))
<BR><BR>[Stack]<UL><LI>Max Depth = 80<LI>Call Chain = _printf_ll_hex &rArr; _printf_longlong_hex &rArr; _printf_int_common &rArr; _printf_post_padding
</UL>
<BR>[Calls]<UL><LI><a href="#[c6]">&gt;&gt;</a>&nbsp;&nbsp;&nbsp;_printf_longlong_hex
</UL>
<BR>[Called By]<UL><LI><a href="#[72]">&gt;&gt;</a>&nbsp;&nbsp;&nbsp;_printf_llx (via Veneer)
</UL>

<P><STRONG><a name="[5d]"></a>_printf_hex_ptr</STRONG> (Thumb, 22 bytes, Stack size 8 bytes, _printf_hex_int_ll_ptr.o(.text))
<BR><BR>[Stack]<UL><LI>Max Depth = 88<LI>Call Chain = _printf_hex_ptr &rArr; _printf_longlong_hex &rArr; _printf_int_common &rArr; _printf_post_padding
</UL>
<BR>[Calls]<UL><LI><a href="#[c6]">&gt;&gt;</a>&nbsp;&nbsp;&nbsp;_printf_longlong_hex
</UL>
<BR>[Called By]<UL><LI><a href="#[5c]">&gt;&gt;</a>&nbsp;&nbsp;&nbsp;_printf_p (via Veneer)
</UL>

<P><STRONG><a name="[ad]"></a>__rt_udiv10</STRONG> (ARM, 44 bytes, Stack size 0 bytes, rtudiv10.o(.text))
<BR><BR>[Called By]<UL><LI><a href="#[65]">&gt;&gt;</a>&nbsp;&nbsp;&nbsp;_printf_int_dec (via Veneer)
<LI><a href="#[cc]">&gt;&gt;</a>&nbsp;&nbsp;&nbsp;_printf_fp_dec_real (via Veneer)
</UL>

<P><STRONG><a name="[b4]"></a>__Heap_ProvideMemory</STRONG> (Thumb, 56 bytes, Stack size 8 bytes, h1_extend.o(.text))
<BR><BR>[Stack]<UL><LI>Max Depth = 24<LI>Call Chain = __Heap_ProvideMemory &rArr; free
</UL>
<BR>[Calls]<UL><LI><a href="#[a2]">&gt;&gt;</a>&nbsp;&nbsp;&nbsp;free
</UL>
<BR>[Called By]<UL><LI><a href="#[7d]">&gt;&gt;</a>&nbsp;&nbsp;&nbsp;_init_alloc
<LI><a href="#[a9]">&gt;&gt;</a>&nbsp;&nbsp;&nbsp;__Heap_Full
</UL>

<P><STRONG><a name="[c4]"></a>_ll_udiv10</STRONG> (ARM, 160 bytes, Stack size 12 bytes, lludiv10.o(.text))
<BR><BR>[Stack]<UL><LI>Max Depth = 12<LI>Call Chain = _ll_udiv10
</UL>
<BR>[Called By]<UL><LI><a href="#[6d]">&gt;&gt;</a>&nbsp;&nbsp;&nbsp;_printf_longlong_dec (via Veneer)
<LI><a href="#[c7]">&gt;&gt;</a>&nbsp;&nbsp;&nbsp;_fp_digits (via Veneer)
</UL>

<P><STRONG><a name="[157]"></a>__lib_sel_fp_printf</STRONG> (Thumb, 2 bytes, Stack size 0 bytes, _printf_fp_dec.o(.text), UNUSED)

<P><STRONG><a name="[cc]"></a>_printf_fp_dec_real</STRONG> (Thumb, 628 bytes, Stack size 96 bytes, _printf_fp_dec.o(.text))
<BR><BR>[Stack]<UL><LI>Max Depth = 316<LI>Call Chain = _printf_fp_dec_real &rArr; _fp_digits &rArr; _btod_etento &rArr; _btod_emul &rArr; _e2e
</UL>
<BR>[Calls]<UL><LI><a href="#[ad]">&gt;&gt;</a>&nbsp;&nbsp;&nbsp;__rt_udiv10 (via Veneer)
<LI><a href="#[b3]">&gt;&gt;</a>&nbsp;&nbsp;&nbsp;__ARM_common_call_via_r2
<LI><a href="#[be]">&gt;&gt;</a>&nbsp;&nbsp;&nbsp;_printf_post_padding
<LI><a href="#[bd]">&gt;&gt;</a>&nbsp;&nbsp;&nbsp;_printf_pre_padding
<LI><a href="#[cd]">&gt;&gt;</a>&nbsp;&nbsp;&nbsp;__ARM_fpclassify (via Veneer)
<LI><a href="#[ce]">&gt;&gt;</a>&nbsp;&nbsp;&nbsp;_printf_fp_infnan
<LI><a href="#[7f]">&gt;&gt;</a>&nbsp;&nbsp;&nbsp;__rt_locale (via Veneer)
<LI><a href="#[c7]">&gt;&gt;</a>&nbsp;&nbsp;&nbsp;_fp_digits
</UL>
<BR>[Called By]<UL><LI><a href="#[5f]">&gt;&gt;</a>&nbsp;&nbsp;&nbsp;_printf_fp_dec (via Veneer)
</UL>

<P><STRONG><a name="[cf]"></a>_printf_fp_hex_real</STRONG> (Thumb, 728 bytes, Stack size 72 bytes, _printf_fp_hex.o(.text))
<BR><BR>[Stack]<UL><LI>Max Depth = 112<LI>Call Chain = _printf_fp_hex_real &rArr; _printf_fp_infnan &rArr; _printf_post_padding
</UL>
<BR>[Calls]<UL><LI><a href="#[b3]">&gt;&gt;</a>&nbsp;&nbsp;&nbsp;__ARM_common_call_via_r2
<LI><a href="#[be]">&gt;&gt;</a>&nbsp;&nbsp;&nbsp;_printf_post_padding
<LI><a href="#[bd]">&gt;&gt;</a>&nbsp;&nbsp;&nbsp;_printf_pre_padding
<LI><a href="#[d0]">&gt;&gt;</a>&nbsp;&nbsp;&nbsp;__aeabi_idivmod (via Veneer)
<LI><a href="#[cd]">&gt;&gt;</a>&nbsp;&nbsp;&nbsp;__ARM_fpclassify (via Veneer)
<LI><a href="#[9]">&gt;&gt;</a>&nbsp;&nbsp;&nbsp;__ieee_status (via Veneer)
<LI><a href="#[ce]">&gt;&gt;</a>&nbsp;&nbsp;&nbsp;_printf_fp_infnan
</UL>
<BR>[Called By]<UL><LI><a href="#[63]">&gt;&gt;</a>&nbsp;&nbsp;&nbsp;_printf_fp_hex (via Veneer)
</UL>

<P><STRONG><a name="[c0]"></a>_printf_char_common</STRONG> (Thumb, 34 bytes, Stack size 64 bytes, _printf_char_common.o(.text))
<BR><BR>[Stack]<UL><LI>Max Depth = 96 + Unknown Stack Size
<LI>Call Chain = _printf_char_common &rArr; __printf
</UL>
<BR>[Calls]<UL><LI><a href="#[af]">&gt;&gt;</a>&nbsp;&nbsp;&nbsp;__printf
</UL>
<BR>[Called By]<UL><LI><a href="#[aa]">&gt;&gt;</a>&nbsp;&nbsp;&nbsp;_printf_char_file
</UL>

<P><STRONG><a name="[d1]"></a>_printf_cs_common</STRONG> (Thumb, 26 bytes, Stack size 8 bytes, _printf_char.o(.text))
<BR><BR>[Stack]<UL><LI>Max Depth = 40<LI>Call Chain = _printf_cs_common &rArr; _printf_str &rArr; _printf_post_padding
</UL>
<BR>[Calls]<UL><LI><a href="#[bf]">&gt;&gt;</a>&nbsp;&nbsp;&nbsp;_printf_str
<LI><a href="#[d2]">&gt;&gt;</a>&nbsp;&nbsp;&nbsp;_printf_mbtowc (Weak Reference)
</UL>
<BR>[Called By]<UL><LI><a href="#[77]">&gt;&gt;</a>&nbsp;&nbsp;&nbsp;_printf_string
<LI><a href="#[75]">&gt;&gt;</a>&nbsp;&nbsp;&nbsp;_printf_char
</UL>

<P><STRONG><a name="[75]"></a>_printf_char</STRONG> (Thumb, 16 bytes, Stack size 0 bytes, _printf_char.o(.text))
<BR><BR>[Stack]<UL><LI>Max Depth = 40<LI>Call Chain = _printf_char &rArr; _printf_cs_common &rArr; _printf_str &rArr; _printf_post_padding
</UL>
<BR>[Calls]<UL><LI><a href="#[d1]">&gt;&gt;</a>&nbsp;&nbsp;&nbsp;_printf_cs_common
</UL>
<BR>[Called By]<UL><LI><a href="#[74]">&gt;&gt;</a>&nbsp;&nbsp;&nbsp;_printf_c (via Veneer)
</UL>

<P><STRONG><a name="[77]"></a>_printf_string</STRONG> (Thumb, 8 bytes, Stack size 0 bytes, _printf_char.o(.text))
<BR><BR>[Stack]<UL><LI>Max Depth = 40<LI>Call Chain = _printf_string &rArr; _printf_cs_common &rArr; _printf_str &rArr; _printf_post_padding
</UL>
<BR>[Calls]<UL><LI><a href="#[d1]">&gt;&gt;</a>&nbsp;&nbsp;&nbsp;_printf_cs_common
</UL>
<BR>[Called By]<UL><LI><a href="#[76]">&gt;&gt;</a>&nbsp;&nbsp;&nbsp;_printf_s (via Veneer)
</UL>

<P><STRONG><a name="[d3]"></a>_printf_lcs_common</STRONG> (Thumb, 26 bytes, Stack size 8 bytes, _printf_wchar.o(.text))
<BR><BR>[Stack]<UL><LI>Max Depth = 88<LI>Call Chain = _printf_lcs_common &rArr; _printf_wctomb &rArr; _wcrtomb &rArr; __rt_ctype_table
</UL>
<BR>[Calls]<UL><LI><a href="#[c2]">&gt;&gt;</a>&nbsp;&nbsp;&nbsp;_printf_wctomb
<LI><a href="#[d4]">&gt;&gt;</a>&nbsp;&nbsp;&nbsp;_printf_wc (Weak Reference)
</UL>
<BR>[Called By]<UL><LI><a href="#[7b]">&gt;&gt;</a>&nbsp;&nbsp;&nbsp;_printf_wstring
<LI><a href="#[79]">&gt;&gt;</a>&nbsp;&nbsp;&nbsp;_printf_wchar
</UL>

<P><STRONG><a name="[79]"></a>_printf_wchar</STRONG> (Thumb, 16 bytes, Stack size 0 bytes, _printf_wchar.o(.text))
<BR><BR>[Stack]<UL><LI>Max Depth = 88<LI>Call Chain = _printf_wchar &rArr; _printf_lcs_common &rArr; _printf_wctomb &rArr; _wcrtomb &rArr; __rt_ctype_table
</UL>
<BR>[Calls]<UL><LI><a href="#[d3]">&gt;&gt;</a>&nbsp;&nbsp;&nbsp;_printf_lcs_common
</UL>
<BR>[Called By]<UL><LI><a href="#[78]">&gt;&gt;</a>&nbsp;&nbsp;&nbsp;_printf_lc (via Veneer)
</UL>

<P><STRONG><a name="[7b]"></a>_printf_wstring</STRONG> (Thumb, 8 bytes, Stack size 0 bytes, _printf_wchar.o(.text))
<BR><BR>[Stack]<UL><LI>Max Depth = 88<LI>Call Chain = _printf_wstring &rArr; _printf_lcs_common &rArr; _printf_wctomb &rArr; _wcrtomb &rArr; __rt_ctype_table
</UL>
<BR>[Calls]<UL><LI><a href="#[d3]">&gt;&gt;</a>&nbsp;&nbsp;&nbsp;_printf_lcs_common
</UL>
<BR>[Called By]<UL><LI><a href="#[7a]">&gt;&gt;</a>&nbsp;&nbsp;&nbsp;_printf_ls (via Veneer)
</UL>

<P><STRONG><a name="[c3]"></a>_wcrtomb</STRONG> (Thumb, 70 bytes, Stack size 16 bytes, _wcrtomb.o(.text))
<BR><BR>[Stack]<UL><LI>Max Depth = 24<LI>Call Chain = _wcrtomb &rArr; __rt_ctype_table
</UL>
<BR>[Calls]<UL><LI><a href="#[d5]">&gt;&gt;</a>&nbsp;&nbsp;&nbsp;__rt_ctype_table (via Veneer)
<LI><a href="#[d6]">&gt;&gt;</a>&nbsp;&nbsp;&nbsp;__ARM_common_call_via_r3
</UL>
<BR>[Called By]<UL><LI><a href="#[c2]">&gt;&gt;</a>&nbsp;&nbsp;&nbsp;_printf_wctomb
</UL>

<P><STRONG><a name="[b6]"></a>__rt_SIGRTMEM</STRONG> (Thumb, 16 bytes, Stack size 8 bytes, defsig_rtmem_outer.o(.text))
<BR><BR>[Stack]<UL><LI>Max Depth = 40<LI>Call Chain = __rt_SIGRTMEM &rArr; __rt_SIGRTMEM_inner &rArr; __default_signal_display &rArr; _ttywrch
</UL>
<BR>[Calls]<UL><LI><a href="#[d7]">&gt;&gt;</a>&nbsp;&nbsp;&nbsp;__rt_SIGRTMEM_inner
<LI><a href="#[d8]">&gt;&gt;</a>&nbsp;&nbsp;&nbsp;__sig_exit
</UL>
<BR>[Called By]<UL><LI><a href="#[7d]">&gt;&gt;</a>&nbsp;&nbsp;&nbsp;_init_alloc
<LI><a href="#[b5]">&gt;&gt;</a>&nbsp;&nbsp;&nbsp;__Heap_Broken
</UL>

<P><STRONG><a name="[84]"></a>__user_setup_stackheap</STRONG> (ARM, 96 bytes, Stack size 8 bytes, sys_stackheap_outer.o(.text))
<BR><BR>[Stack]<UL><LI>Max Depth = 8 + Unknown Stack Size
<LI>Call Chain = __user_setup_stackheap
</UL>
<BR>[Calls]<UL><LI><a href="#[da]">&gt;&gt;</a>&nbsp;&nbsp;&nbsp;__user_initial_stackheap
<LI><a href="#[d9]">&gt;&gt;</a>&nbsp;&nbsp;&nbsp;__user_perproc_libspace
</UL>
<BR>[Called By]<UL><LI><a href="#[83]">&gt;&gt;</a>&nbsp;&nbsp;&nbsp;__rt_entry_sh
</UL>

<P><STRONG><a name="[d5]"></a>__rt_ctype_table</STRONG> (ARM, 24 bytes, Stack size 8 bytes, rt_ctype_table.o(.text))
<BR><BR>[Stack]<UL><LI>Max Depth = 8<LI>Call Chain = __rt_ctype_table
</UL>
<BR>[Calls]<UL><LI><a href="#[7f]">&gt;&gt;</a>&nbsp;&nbsp;&nbsp;__rt_locale
</UL>
<BR>[Called By]<UL><LI><a href="#[c3]">&gt;&gt;</a>&nbsp;&nbsp;&nbsp;_wcrtomb (via Veneer)
</UL>

<P><STRONG><a name="[7f]"></a>__rt_locale</STRONG> (ARM, 12 bytes, Stack size 0 bytes, rt_locale_intlibspace.o(.text))
<BR><BR>[Called By]<UL><LI><a href="#[7e]">&gt;&gt;</a>&nbsp;&nbsp;&nbsp;__rt_lib_init_lc_common (via Veneer)
<LI><a href="#[d5]">&gt;&gt;</a>&nbsp;&nbsp;&nbsp;__rt_ctype_table
<LI><a href="#[cc]">&gt;&gt;</a>&nbsp;&nbsp;&nbsp;_printf_fp_dec_real (via Veneer)
</UL>

<P><STRONG><a name="[ce]"></a>_printf_fp_infnan</STRONG> (Thumb, 128 bytes, Stack size 24 bytes, _printf_fp_infnan.o(.text))
<BR><BR>[Stack]<UL><LI>Max Depth = 40<LI>Call Chain = _printf_fp_infnan &rArr; _printf_post_padding
</UL>
<BR>[Calls]<UL><LI><a href="#[b3]">&gt;&gt;</a>&nbsp;&nbsp;&nbsp;__ARM_common_call_via_r2
<LI><a href="#[be]">&gt;&gt;</a>&nbsp;&nbsp;&nbsp;_printf_post_padding
<LI><a href="#[bd]">&gt;&gt;</a>&nbsp;&nbsp;&nbsp;_printf_pre_padding
</UL>
<BR>[Called By]<UL><LI><a href="#[cf]">&gt;&gt;</a>&nbsp;&nbsp;&nbsp;_printf_fp_hex_real
<LI><a href="#[cc]">&gt;&gt;</a>&nbsp;&nbsp;&nbsp;_printf_fp_dec_real
</UL>

<P><STRONG><a name="[c8]"></a>_btod_etento</STRONG> (Thumb, 214 bytes, Stack size 72 bytes, bigflt0.o(.text))
<BR><BR>[Stack]<UL><LI>Max Depth = 124<LI>Call Chain = _btod_etento &rArr; _btod_emul &rArr; _e2e
</UL>
<BR>[Calls]<UL><LI><a href="#[d0]">&gt;&gt;</a>&nbsp;&nbsp;&nbsp;__aeabi_idivmod (via Veneer)
<LI><a href="#[cb]">&gt;&gt;</a>&nbsp;&nbsp;&nbsp;_btod_emul (via Veneer)
<LI><a href="#[ca]">&gt;&gt;</a>&nbsp;&nbsp;&nbsp;_btod_ediv (via Veneer)
</UL>
<BR>[Called By]<UL><LI><a href="#[c7]">&gt;&gt;</a>&nbsp;&nbsp;&nbsp;_fp_digits
</UL>

<P><STRONG><a name="[88]"></a>exit</STRONG> (Thumb, 20 bytes, Stack size 8 bytes, exit.o(.text))
<BR><BR>[Stack]<UL><LI>Max Depth = 8 + Unknown Stack Size
<LI>Call Chain = exit
</UL>
<BR>[Calls]<UL><LI><a href="#[dc]">&gt;&gt;</a>&nbsp;&nbsp;&nbsp;__rt_exit (via Veneer)
<LI><a href="#[db]">&gt;&gt;</a>&nbsp;&nbsp;&nbsp;_call_atexit_fns (Weak Reference)
</UL>
<BR>[Called By]<UL><LI><a href="#[87]">&gt;&gt;</a>&nbsp;&nbsp;&nbsp;__rt_entry_main
</UL>

<P><STRONG><a name="[d8]"></a>__sig_exit</STRONG> (Thumb, 16 bytes, Stack size 8 bytes, defsig_exit.o(.text))
<BR><BR>[Stack]<UL><LI>Max Depth = 8<LI>Call Chain = __sig_exit
</UL>
<BR>[Calls]<UL><LI><a href="#[8c]">&gt;&gt;</a>&nbsp;&nbsp;&nbsp;_sys_exit (via Veneer)
</UL>
<BR>[Called By]<UL><LI><a href="#[b6]">&gt;&gt;</a>&nbsp;&nbsp;&nbsp;__rt_SIGRTMEM
</UL>

<P><STRONG><a name="[d7]"></a>__rt_SIGRTMEM_inner</STRONG> (Thumb, 26 bytes, Stack size 8 bytes, defsig_rtmem_inner.o(.text))
<BR><BR>[Stack]<UL><LI>Max Depth = 32<LI>Call Chain = __rt_SIGRTMEM_inner &rArr; __default_signal_display &rArr; _ttywrch
</UL>
<BR>[Calls]<UL><LI><a href="#[dd]">&gt;&gt;</a>&nbsp;&nbsp;&nbsp;__default_signal_display
</UL>
<BR>[Called By]<UL><LI><a href="#[b6]">&gt;&gt;</a>&nbsp;&nbsp;&nbsp;__rt_SIGRTMEM
</UL>

<P><STRONG><a name="[dd]"></a>__default_signal_display</STRONG> (Thumb, 56 bytes, Stack size 16 bytes, defsig_general.o(.text))
<BR><BR>[Stack]<UL><LI>Max Depth = 24<LI>Call Chain = __default_signal_display &rArr; _ttywrch
</UL>
<BR>[Calls]<UL><LI><a href="#[9e]">&gt;&gt;</a>&nbsp;&nbsp;&nbsp;_ttywrch (via Veneer)
</UL>
<BR>[Called By]<UL><LI><a href="#[d7]">&gt;&gt;</a>&nbsp;&nbsp;&nbsp;__rt_SIGRTMEM_inner
</UL>

<P><STRONG><a name="[126]"></a>strcmp</STRONG> (ARM, 240 bytes, Stack size 4 bytes, strcmp.o(.text))
<BR><BR>[Stack]<UL><LI>Max Depth = 4<LI>Call Chain = strcmp
</UL>
<BR>[Called By]<UL><LI><a href="#[52]">&gt;&gt;</a>&nbsp;&nbsp;&nbsp;_get_lc_ctype
<LI><a href="#[82]">&gt;&gt;</a>&nbsp;&nbsp;&nbsp;_get_lc_numeric
</UL>

<P><STRONG><a name="[158]"></a>__aeabi_uidiv</STRONG> (ARM, 0 bytes, Stack size 0 bytes, aeabi_sdiv.o(.text_udiv), UNUSED)

<P><STRONG><a name="[b9]"></a>__aeabi_uidivmod</STRONG> (ARM, 36 bytes, Stack size 0 bytes, aeabi_sdiv.o(.text_udiv))
<BR><BR>[Calls]<UL><LI><a href="#[e1]">&gt;&gt;</a>&nbsp;&nbsp;&nbsp;__arm_div_large
<LI><a href="#[de]">&gt;&gt;</a>&nbsp;&nbsp;&nbsp;__arm_div2
<LI><a href="#[df]">&gt;&gt;</a>&nbsp;&nbsp;&nbsp;__arm_div5
<LI><a href="#[e0]">&gt;&gt;</a>&nbsp;&nbsp;&nbsp;__arm_div8
</UL>
<BR>[Called By]<UL><LI><a href="#[92]">&gt;&gt;</a>&nbsp;&nbsp;&nbsp;UART_Init
<LI><a href="#[a8]">&gt;&gt;</a>&nbsp;&nbsp;&nbsp;__Heap_Stats (via Veneer)
<LI><a href="#[125]">&gt;&gt;</a>&nbsp;&nbsp;&nbsp;PRCCU_GetFrequencyValue
</UL>

<P><STRONG><a name="[c9]"></a>_btod_d2e</STRONG> (ARM, 56 bytes, Stack size 0 bytes, btod.o(CL$$btod_d2e))
<BR><BR>[Calls]<UL><LI><a href="#[e2]">&gt;&gt;</a>&nbsp;&nbsp;&nbsp;_d2e_norm_op1
</UL>
<BR>[Called By]<UL><LI><a href="#[c7]">&gt;&gt;</a>&nbsp;&nbsp;&nbsp;_fp_digits (via Veneer)
</UL>

<P><STRONG><a name="[e3]"></a>_d2e_denorm_low</STRONG> (ARM, 84 bytes, Stack size 0 bytes, btod.o(CL$$btod_d2e_denorm_low))
<BR><BR>[Called By]<UL><LI><a href="#[e2]">&gt;&gt;</a>&nbsp;&nbsp;&nbsp;_d2e_norm_op1
</UL>

<P><STRONG><a name="[e2]"></a>_d2e_norm_op1</STRONG> (ARM, 104 bytes, Stack size 0 bytes, btod.o(CL$$btod_d2e_norm_op1))
<BR><BR>[Calls]<UL><LI><a href="#[e3]">&gt;&gt;</a>&nbsp;&nbsp;&nbsp;_d2e_denorm_low
</UL>
<BR>[Called By]<UL><LI><a href="#[c9]">&gt;&gt;</a>&nbsp;&nbsp;&nbsp;_btod_d2e
</UL>

<P><STRONG><a name="[e4]"></a>__btod_div_common</STRONG> (ARM, 716 bytes, Stack size 24 bytes, btod.o(CL$$btod_div_common))
<BR><BR>[Stack]<UL><LI>Max Depth = 24<LI>Call Chain = __btod_div_common
</UL>
<BR>[Called By]<UL><LI><a href="#[ca]">&gt;&gt;</a>&nbsp;&nbsp;&nbsp;_btod_ediv
</UL>

<P><STRONG><a name="[e5]"></a>_e2e</STRONG> (ARM, 244 bytes, Stack size 24 bytes, btod.o(CL$$btod_e2e))
<BR><BR>[Stack]<UL><LI>Max Depth = 24<LI>Call Chain = _e2e
</UL>
<BR>[Called By]<UL><LI><a href="#[cb]">&gt;&gt;</a>&nbsp;&nbsp;&nbsp;_btod_emul
<LI><a href="#[ca]">&gt;&gt;</a>&nbsp;&nbsp;&nbsp;_btod_ediv
</UL>

[...]
<P><STRONG><a name="[30]"></a>UART2IRQHandler</STRONG> (ARM, 0 bytes, Stack size unknown bytes, IRQ.o(IRQ))
<BR><BR>[Calls]<UL><LI><a href="#[104]">&gt;&gt;</a>&nbsp;&nbsp;&nbsp;UART2_IRQHandler
</UL>
<BR>[Address Reference Count : 1]<UL><LI> str73x.o(Reset)
</UL>
<P><STRONG><a name="[31]"></a>UART3IRQHandler</STRONG> (ARM, 0 bytes, Stack size unknown bytes, IRQ.o(IRQ))
<BR><BR>[Calls]<UL><LI><a href="#[105]">&gt;&gt;</a>&nbsp;&nbsp;&nbsp;UART3_IRQHandler
</UL>
<BR>[Address Reference Count : 1]<UL><LI> str73x.o(Reset)
</UL>
<P><STRONG><a name="[32]"></a>FLASHEOPIRQHandler</STRONG> (ARM, 0 bytes, Stack size unknown bytes, IRQ.o(IRQ))
<BR><BR>[Calls]<UL><LI><a href="#[106]">&gt;&gt;</a>&nbsp;&nbsp;&nbsp;FLASHEOP_IRQHandler
</UL>
<BR>[Address Reference Count : 1]<UL><LI> str73x.o(Reset)
</UL>
<P><STRONG><a name="[33]"></a>PWM0IRQHandler</STRONG> (ARM, 0 bytes, Stack size unknown bytes, IRQ.o(IRQ))
<BR><BR>[Calls]<UL><LI><a href="#[107]">&gt;&gt;</a>&nbsp;&nbsp;&nbsp;PWM0_IRQHandler
</UL>
<BR>[Address Reference Count : 1]<UL><LI> str73x.o(Reset)
</UL>
<P><STRONG><a name="[34]"></a>PWM1IRQHandler</STRONG> (ARM, 0 bytes, Stack size unknown bytes, IRQ.o(IRQ))
<BR><BR>[Calls]<UL><LI><a href="#[108]">&gt;&gt;</a>&nbsp;&nbsp;&nbsp;PWM1_IRQHandler
</UL>
<BR>[Address Reference Count : 1]<UL><LI> str73x.o(Reset)
</UL>
<P><STRONG><a name="[35]"></a>PWM2IRQHandler</STRONG> (ARM, 0 bytes, Stack size unknown bytes, IRQ.o(IRQ))
<BR><BR>[Calls]<UL><LI><a href="#[109]">&gt;&gt;</a>&nbsp;&nbsp;&nbsp;PWM2_IRQHandler
</UL>
<BR>[Address Reference Count : 1]<UL><LI> str73x.o(Reset)
</UL>
<P><STRONG><a name="[36]"></a>PWM3IRQHandler</STRONG> (ARM, 0 bytes, Stack size unknown bytes, IRQ.o(IRQ))
<BR><BR>[Calls]<UL><LI><a href="#[10a]">&gt;&gt;</a>&nbsp;&nbsp;&nbsp;PWM3_IRQHandler
</UL>
<BR>[Address Reference Count : 1]<UL><LI> str73x.o(Reset)
</UL>
<P><STRONG><a name="[37]"></a>PWM4IRQHandler</STRONG> (ARM, 0 bytes, Stack size unknown bytes, IRQ.o(IRQ))
<BR><BR>[Calls]<UL><LI><a href="#[10b]">&gt;&gt;</a>&nbsp;&nbsp;&nbsp;PWM4_IRQHandler
</UL>
<BR>[Address Reference Count : 1]<UL><LI> str73x.o(Reset)
</UL>
<P><STRONG><a name="[38]"></a>PWM5IRQHandler</STRONG> (ARM, 0 bytes, Stack size unknown bytes, IRQ.o(IRQ))
<BR><BR>[Calls]<UL><LI><a href="#[10c]">&gt;&gt;</a>&nbsp;&nbsp;&nbsp;PWM5_IRQHandler
</UL>
<BR>[Address Reference Count : 1]<UL><LI> str73x.o(Reset)
</UL>
<P><STRONG><a name="[39]"></a>WIUIRQHandler</STRONG> (ARM, 0 bytes, Stack size unknown bytes, IRQ.o(IRQ))
<BR><BR>[Calls]<UL><LI><a href="#[10d]">&gt;&gt;</a>&nbsp;&nbsp;&nbsp;WIU_IRQHandler
</UL>
<BR>[Address Reference Count : 1]<UL><LI> str73x.o(Reset)
</UL>
<P><STRONG><a name="[3a]"></a>WDGWUTIRQHandler</STRONG> (ARM, 0 bytes, Stack size unknown bytes, IRQ.o(IRQ))
<BR><BR>[Calls]<UL><LI><a href="#[10e]">&gt;&gt;</a>&nbsp;&nbsp;&nbsp;WDGWUT_IRQHandler
</UL>
<BR>[Address Reference Count : 1]<UL><LI> str73x.o(Reset)
</UL>
<P><STRONG><a name="[3b]"></a>BSPI0IRQHandler</STRONG> (ARM, 0 bytes, Stack size unknown bytes, IRQ.o(IRQ))
<BR><BR>[Calls]<UL><LI><a href="#[10f]">&gt;&gt;</a>&nbsp;&nbsp;&nbsp;BSPI0_IRQHandler
</UL>
<BR>[Address Reference Count : 1]<UL><LI> str73x.o(Reset)
</UL>
<P><STRONG><a name="[3c]"></a>BSPI1IRQHandler</STRONG> (ARM, 0 bytes, Stack size unknown bytes, IRQ.o(IRQ))
<BR><BR>[Calls]<UL><LI><a href="#[110]">&gt;&gt;</a>&nbsp;&nbsp;&nbsp;BSPI1_IRQHandler
</UL>
<BR>[Address Reference Count : 1]<UL><LI> str73x.o(Reset)
</UL>
<P><STRONG><a name="[3d]"></a>BSPI2IRQHandler</STRONG> (ARM, 0 bytes, Stack size unknown bytes, IRQ.o(IRQ))
<BR><BR>[Calls]<UL><LI><a href="#[111]">&gt;&gt;</a>&nbsp;&nbsp;&nbsp;BSPI2_IRQHandler
</UL>
<BR>[Address Reference Count : 1]<UL><LI> str73x.o(Reset)
</UL>
<P><STRONG><a name="[3e]"></a>UART0IRQHandler</STRONG> (ARM, 0 bytes, Stack size unknown bytes, IRQ.o(IRQ))
<BR><BR>[Calls]<UL><LI><a href="#[112]">&gt;&gt;</a>&nbsp;&nbsp;&nbsp;UART0_IRQHandler
</UL>
<BR>[Address Reference Count : 1]<UL><LI> str73x.o(Reset)
</UL>
<P><STRONG><a name="[3f]"></a>UART1IRQHandler</STRONG> (ARM, 0 bytes, Stack size unknown bytes, IRQ.o(IRQ))
<BR><BR>[Calls]<UL><LI><a href="#[113]">&gt;&gt;</a>&nbsp;&nbsp;&nbsp;UART1_IRQHandler
</UL>
<BR>[Address Reference Count : 1]<UL><LI> str73x.o(Reset)
</UL>
<P><STRONG><a name="[40]"></a>I2C0ITERRIRQHandler</STRONG> (ARM, 0 bytes, Stack size unknown bytes, IRQ.o(IRQ))
<BR><BR>[Calls]<UL><LI><a href="#[114]">&gt;&gt;</a>&nbsp;&nbsp;&nbsp;I2C0ITERR_IRQHandler
</UL>
<BR>[Address Reference Count : 1]<UL><LI> str73x.o(Reset)
</UL>
<P><STRONG><a name="[41]"></a>I2C1ITERRIRQHandler</STRONG> (ARM, 0 bytes, Stack size unknown bytes, IRQ.o(IRQ))
<BR><BR>[Calls]<UL><LI><a href="#[115]">&gt;&gt;</a>&nbsp;&nbsp;&nbsp;I2C1ITERR_IRQHandler
</UL>
<BR>[Address Reference Count : 1]<UL><LI> str73x.o(Reset)
</UL>
<P><STRONG><a name="[42]"></a>I2C0ITDDCIRQHandler</STRONG> (ARM, 0 bytes, Stack size unknown bytes, IRQ.o(IRQ))
<BR><BR>[Calls]<UL><LI><a href="#[116]">&gt;&gt;</a>&nbsp;&nbsp;&nbsp;I2C0ITDDC_IRQHandler
</UL>
<BR>[Address Reference Count : 1]<UL><LI> str73x.o(Reset)
</UL>
<P><STRONG><a name="[43]"></a>I2C1ITDDCIRQHandler</STRONG> (ARM, 0 bytes, Stack size unknown bytes, IRQ.o(IRQ))
<BR><BR>[Calls]<UL><LI><a href="#[117]">&gt;&gt;</a>&nbsp;&nbsp;&nbsp;I2C1ITDDC_IRQHandler
</UL>
<BR>[Address Reference Count : 1]<UL><LI> str73x.o(Reset)
</UL>
<P><STRONG><a name="[44]"></a>CAN0IRQHandler</STRONG> (ARM, 0 bytes, Stack size unknown bytes, IRQ.o(IRQ))
<BR><BR>[Calls]<UL><LI><a href="#[118]">&gt;&gt;</a>&nbsp;&nbsp;&nbsp;CAN0_IRQHandler
</UL>
<BR>[Address Reference Count : 1]<UL><LI> str73x.o(Reset)
</UL>
<P><STRONG><a name="[45]"></a>CAN1IRQHandler</STRONG> (ARM, 0 bytes, Stack size unknown bytes, IRQ.o(IRQ))
<BR><BR>[Calls]<UL><LI><a href="#[119]">&gt;&gt;</a>&nbsp;&nbsp;&nbsp;CAN1_IRQHandler
</UL>
<BR>[Address Reference Count : 1]<UL><LI> str73x.o(Reset)
</UL>
<P><STRONG><a name="[46]"></a>CAN2IRQHandler</STRONG> (ARM, 0 bytes, Stack size unknown bytes, IRQ.o(IRQ))
<BR><BR>[Calls]<UL><LI><a href="#[11a]">&gt;&gt;</a>&nbsp;&nbsp;&nbsp;CAN2_IRQHandler
</UL>
<BR>[Address Reference Count : 1]<UL><LI> str73x.o(Reset)
</UL>
<P><STRONG><a name="[47]"></a>DMA0IRQHandler</STRONG> (ARM, 0 bytes, Stack size unknown bytes, IRQ.o(IRQ))
<BR><BR>[Calls]<UL><LI><a href="#[11b]">&gt;&gt;</a>&nbsp;&nbsp;&nbsp;DMA0_IRQHandler
</UL>
<BR>[Address Reference Count : 1]<UL><LI> str73x.o(Reset)
</UL>
<P><STRONG><a name="[48]"></a>DMA1IRQHandler</STRONG> (ARM, 0 bytes, Stack size unknown bytes, IRQ.o(IRQ))
<BR><BR>[Calls]<UL><LI><a href="#[11c]">&gt;&gt;</a>&nbsp;&nbsp;&nbsp;DMA1_IRQHandler
</UL>
<BR>[Address Reference Count : 1]<UL><LI> str73x.o(Reset)
</UL>
<P><STRONG><a name="[49]"></a>DMA2IRQHandler</STRONG> (ARM, 0 bytes, Stack size unknown bytes, IRQ.o(IRQ))
<BR><BR>[Calls]<UL><LI><a href="#[11d]">&gt;&gt;</a>&nbsp;&nbsp;&nbsp;DMA2_IRQHandler
</UL>
<BR>[Address Reference Count : 1]<UL><LI> str73x.o(Reset)
</UL>
<P><STRONG><a name="[4a]"></a>DMA3IRQHandler</STRONG> (ARM, 0 bytes, Stack size unknown bytes, IRQ.o(IRQ))
<BR><BR>[Calls]<UL><LI><a href="#[11e]">&gt;&gt;</a>&nbsp;&nbsp;&nbsp;DMA3_IRQHandler
</UL>
<BR>[Address Reference Count : 1]<UL><LI> str73x.o(Reset)
</UL>
<P><STRONG><a name="[4b]"></a>ADCIRQHandler</STRONG> (ARM, 0 bytes, Stack size unknown bytes, IRQ.o(IRQ))
<BR><BR>[Stack]<UL><LI>Max Depth = 8 + Unknown Stack Size
<LI>Call Chain = ADCIRQHandler &rArr; ADC_IRQHandler
</UL>
<BR>[Calls]<UL><LI><a href="#[9a]">&gt;&gt;</a>&nbsp;&nbsp;&nbsp;ADC_IRQHandler
</UL>
<BR>[Address Reference Count : 1]<UL><LI> str73x.o(Reset)
</UL>
<P><STRONG><a name="[4c]"></a>RTCIRQHandler</STRONG> (ARM, 0 bytes, Stack size unknown bytes, IRQ.o(IRQ))
<BR><BR>[Calls]<UL><LI><a href="#[11f]">&gt;&gt;</a>&nbsp;&nbsp;&nbsp;RTC_IRQHandler
</UL>
<BR>[Address Reference Count : 1]<UL><LI> str73x.o(Reset)
</UL>
<P><STRONG><a name="[f]"></a>PAbtHandler</STRONG> (ARM, 0 bytes, Stack size unknown bytes, PAbt.o(PAbt))
<BR><BR>[Calls]<UL><LI><a href="#[120]">&gt;&gt;</a>&nbsp;&nbsp;&nbsp;Prefetch_Handler
</UL>
<BR>[Address Reference Count : 1]<UL><LI> str73x.o(Reset)
</UL>
<P><STRONG><a name="[e]"></a>SWIHandler</STRONG> (ARM, 0 bytes, Stack size unknown bytes, SWI.o(SWI))
<BR><BR>[Calls]<UL><LI><a href="#[121]">&gt;&gt;</a>&nbsp;&nbsp;&nbsp;SWI_Handler
</UL>
<BR>[Address Reference Count : 1]<UL><LI> str73x.o(Reset)
</UL>
<P><STRONG><a name="[d]"></a>UndefHandler</STRONG> (ARM, 0 bytes, Stack size unknown bytes, Undef.o(Undef))
<BR><BR>[Calls]<UL><LI><a href="#[122]">&gt;&gt;</a>&nbsp;&nbsp;&nbsp;Undefined_Handler
</UL>
<BR>[Address Reference Count : 1]<UL><LI> str73x.o(Reset)
</UL>
<P><STRONG><a name="[9c]"></a>ADC_FlagClear</STRONG> (ARM, 12 bytes, Stack size 0 bytes, 73x_adc.o(i.ADC_FlagClear))
<BR><BR>[Called By]<UL><LI><a href="#[9a]">&gt;&gt;</a>&nbsp;&nbsp;&nbsp;ADC_IRQHandler
</UL>

<P><STRONG><a name="[9b]"></a>ADC_GetConversionValue</STRONG> (ARM, 16 bytes, Stack size 0 bytes, 73x_adc.o(i.ADC_GetConversionValue))
<BR><BR>[Called By]<UL><LI><a href="#[9a]">&gt;&gt;</a>&nbsp;&nbsp;&nbsp;ADC_IRQHandler
</UL>

<P><STRONG><a name="[8e]"></a>CFG_PeripheralClockConfig</STRONG> (ARM, 112 bytes, Stack size 0 bytes, 73x_cfg.o(i.CFG_PeripheralClockConfig))
<BR><BR>[Called By]<UL><LI><a href="#[8d]">&gt;&gt;</a>&nbsp;&nbsp;&nbsp;InitHw
</UL>

<P><STRONG><a name="[93]"></a>EIC_IRQCmd</STRONG> (ARM, 48 bytes, Stack size 8 bytes, 73x_eic.o(i.EIC_IRQCmd))
<BR><BR>[Stack]<UL><LI>Max Depth = 8<LI>Call Chain = EIC_IRQCmd
</UL>
<BR>[Calls]<UL><LI><a href="#[124]">&gt;&gt;</a>&nbsp;&nbsp;&nbsp;ARMIRQ_Enable
<LI><a href="#[123]">&gt;&gt;</a>&nbsp;&nbsp;&nbsp;ARMIRQ_Disable
</UL>
<BR>[Called By]<UL><LI><a href="#[8d]">&gt;&gt;</a>&nbsp;&nbsp;&nbsp;InitHw
</UL>

<P><STRONG><a name="[95]"></a>GPIO_BitRead</STRONG> (ARM, 16 bytes, Stack size 0 bytes, 73x_gpio.o(i.GPIO_BitRead))
<BR><BR>[Called By]<UL><LI><a href="#[94]">&gt;&gt;</a>&nbsp;&nbsp;&nbsp;TIM3_IRQHandler
</UL>

<P><STRONG><a name="[96]"></a>GPIO_BitWrite</STRONG> (ARM, 24 bytes, Stack size 0 bytes, 73x_gpio.o(i.GPIO_BitWrite))
<BR><BR>[Called By]<UL><LI><a href="#[94]">&gt;&gt;</a>&nbsp;&nbsp;&nbsp;TIM3_IRQHandler
</UL>

<P><STRONG><a name="[8f]"></a>GPIO_Init</STRONG> (ARM, 260 bytes, Stack size 0 bytes, 73x_gpio.o(i.GPIO_Init))
<BR><BR>[Called By]<UL><LI><a href="#[8d]">&gt;&gt;</a>&nbsp;&nbsp;&nbsp;InitHw
</UL>

<P><STRONG><a name="[99]"></a>GPIO_WordWrite</STRONG> (ARM, 8 bytes, Stack size 0 bytes, 73x_gpio.o(i.GPIO_WordWrite))
<BR><BR>[Called By]<UL><LI><a href="#[98]">&gt;&gt;</a>&nbsp;&nbsp;&nbsp;TIM4_IRQHandler
</UL>

<P><STRONG><a name="[125]"></a>PRCCU_GetFrequencyValue</STRONG> (ARM, 184 bytes, Stack size 0 bytes, 73x_prccu.o(i.PRCCU_GetFrequencyValue))
<BR><BR>[Stack]<UL><LI>Max Depth = 8 + Unknown Stack Size
<LI>Call Chain = PRCCU_GetFrequencyValue &rArr; __aeabi_idivmod
</UL>
<BR>[Calls]<UL><LI><a href="#[b9]">&gt;&gt;</a>&nbsp;&nbsp;&nbsp;__aeabi_uidivmod
<LI><a href="#[d0]">&gt;&gt;</a>&nbsp;&nbsp;&nbsp;__aeabi_idivmod
</UL>
<BR>[Called By]<UL><LI><a href="#[92]">&gt;&gt;</a>&nbsp;&nbsp;&nbsp;UART_Init
</UL>

<P><STRONG><a name="[97]"></a>TIM_FlagClear</STRONG> (ARM, 16 bytes, Stack size 0 bytes, 73x_tim.o(i.TIM_FlagClear))
<BR><BR>[Called By]<UL><LI><a href="#[98]">&gt;&gt;</a>&nbsp;&nbsp;&nbsp;TIM4_IRQHandler
<LI><a href="#[94]">&gt;&gt;</a>&nbsp;&nbsp;&nbsp;TIM3_IRQHandler
</UL>

<P><STRONG><a name="[9d]"></a>UART_ByteBufferSend</STRONG> (ARM, 96 bytes, Stack size 0 bytes, 73x_uart.o(i.UART_ByteBufferSend))
<BR><BR>[Called By]<UL><LI><a href="#[9e]">&gt;&gt;</a>&nbsp;&nbsp;&nbsp;_ttywrch
<LI><a href="#[50]">&gt;&gt;</a>&nbsp;&nbsp;&nbsp;fputc
</UL>

<P><STRONG><a name="[91]"></a>UART_Cmd</STRONG> (ARM, 24 bytes, Stack size 0 bytes, 73x_uart.o(i.UART_Cmd))
<BR><BR>[Called By]<UL><LI><a href="#[8d]">&gt;&gt;</a>&nbsp;&nbsp;&nbsp;InitHw
</UL>

<P><STRONG><a name="[92]"></a>UART_Init</STRONG> (ARM, 212 bytes, Stack size 16 bytes, 73x_uart.o(i.UART_Init))
<BR><BR>[Stack]<UL><LI>Max Depth = 24 + Unknown Stack Size
<LI>Call Chain = UART_Init &rArr; PRCCU_GetFrequencyValue &rArr; __aeabi_idivmod
</UL>
<BR>[Calls]<UL><LI><a href="#[b9]">&gt;&gt;</a>&nbsp;&nbsp;&nbsp;__aeabi_uidivmod
<LI><a href="#[125]">&gt;&gt;</a>&nbsp;&nbsp;&nbsp;PRCCU_GetFrequencyValue
</UL>
<BR>[Called By]<UL><LI><a href="#[8d]">&gt;&gt;</a>&nbsp;&nbsp;&nbsp;InitHw
</UL>

<P><STRONG><a name="[90]"></a>UART_StructInit</STRONG> (ARM, 40 bytes, Stack size 0 bytes, 73x_uart.o(i.UART_StructInit))
<BR><BR>[Called By]<UL><LI><a href="#[8d]">&gt;&gt;</a>&nbsp;&nbsp;&nbsp;InitHw
</UL>

<P><STRONG><a name="[b0]"></a>__ARM_common_call_via_r1</STRONG> (Thumb, 2 bytes, Stack size 0 bytes, __printf.o(i.__ARM_common_call_via_r1))
<BR><BR>[Called By]<UL><LI><a href="#[af]">&gt;&gt;</a>&nbsp;&nbsp;&nbsp;__printf
</UL>

<P><STRONG><a name="[b3]"></a>__ARM_common_call_via_r2</STRONG> (Thumb, 2 bytes, Stack size 0 bytes, _printf_wctomb.o(i.__ARM_common_call_via_r2))
<BR><BR>[Called By]<UL><LI><a href="#[c2]">&gt;&gt;</a>&nbsp;&nbsp;&nbsp;_printf_wctomb
<LI><a href="#[ae]">&gt;&gt;</a>&nbsp;&nbsp;&nbsp;_printf_int_common
<LI><a href="#[bf]">&gt;&gt;</a>&nbsp;&nbsp;&nbsp;_printf_str
<LI><a href="#[be]">&gt;&gt;</a>&nbsp;&nbsp;&nbsp;_printf_post_padding
<LI><a href="#[bd]">&gt;&gt;</a>&nbsp;&nbsp;&nbsp;_printf_pre_padding
<LI><a href="#[af]">&gt;&gt;</a>&nbsp;&nbsp;&nbsp;__printf
<LI><a href="#[ce]">&gt;&gt;</a>&nbsp;&nbsp;&nbsp;_printf_fp_infnan
<LI><a href="#[cf]">&gt;&gt;</a>&nbsp;&nbsp;&nbsp;_printf_fp_hex_real
<LI><a href="#[cc]">&gt;&gt;</a>&nbsp;&nbsp;&nbsp;_printf_fp_dec_real
</UL>

<P><STRONG><a name="[d6]"></a>__ARM_common_call_via_r3</STRONG> (Thumb, 2 bytes, Stack size 0 bytes, _wcrtomb.o(i.__ARM_common_call_via_r3))
<BR><BR>[Called By]<UL><LI><a href="#[c3]">&gt;&gt;</a>&nbsp;&nbsp;&nbsp;_wcrtomb
</UL>

<P><STRONG><a name="[ba]"></a>__ARM_common_call_via_r4</STRONG> (Thumb, 2 bytes, Stack size 0 bytes, h1_stats.o(i.__ARM_common_call_via_r4))
<BR><BR>[Called By]<UL><LI><a href="#[a8]">&gt;&gt;</a>&nbsp;&nbsp;&nbsp;__Heap_Stats
</UL>

<P><STRONG><a name="[bb]"></a>__ARM_common_call_via_r7</STRONG> (Thumb, 2 bytes, Stack size 0 bytes, h1_stats.o(i.__ARM_common_call_via_r7))
<BR><BR>[Called By]<UL><LI><a href="#[a8]">&gt;&gt;</a>&nbsp;&nbsp;&nbsp;__Heap_Stats
</UL>

<P><STRONG><a name="[cd]"></a>__ARM_fpclassify</STRONG> (ARM, 48 bytes, Stack size 0 bytes, fpclassify.o(i.__ARM_fpclassify))
<BR><BR>[Called By]<UL><LI><a href="#[cf]">&gt;&gt;</a>&nbsp;&nbsp;&nbsp;_printf_fp_hex_real (via Veneer)
<LI><a href="#[cc]">&gt;&gt;</a>&nbsp;&nbsp;&nbsp;_printf_fp_dec_real (via Veneer)
</UL>

<P><STRONG><a name="[b1]"></a>_is_digit</STRONG> (Thumb, 14 bytes, Stack size 0 bytes, __printf_wp.o(i._is_digit))
<BR><BR>[Called By]<UL><LI><a href="#[af]">&gt;&gt;</a>&nbsp;&nbsp;&nbsp;__printf
</UL>

<P><STRONG><a name="[82]"></a>_get_lc_numeric</STRONG> (ARM, 80 bytes, Stack size 8 bytes, lc_numeric_c.o(locale$$code))
<BR><BR>[Stack]<UL><LI>Max Depth = 12<LI>Call Chain = _get_lc_numeric &rArr; strcmp
</UL>
<BR>[Calls]<UL><LI><a href="#[126]">&gt;&gt;</a>&nbsp;&nbsp;&nbsp;strcmp
</UL>
<BR>[Called By]<UL><LI><a href="#[81]">&gt;&gt;</a>&nbsp;&nbsp;&nbsp;__rt_lib_init_lc_numeric_2 (via Veneer)
</UL>

<P><STRONG><a name="[52]"></a>_get_lc_ctype</STRONG> (ARM, 80 bytes, Stack size 8 bytes, lc_ctype_c.o(locale$$code))
<BR><BR>[Stack]<UL><LI>Max Depth = 12<LI>Call Chain = _get_lc_ctype &rArr; strcmp
</UL>
<BR>[Calls]<UL><LI><a href="#[126]">&gt;&gt;</a>&nbsp;&nbsp;&nbsp;strcmp
</UL>
<BR>[Called By]<UL><LI><a href="#[80]">&gt;&gt;</a>&nbsp;&nbsp;&nbsp;__rt_lib_init_lc_ctype_2 (via Veneer)
</UL>
<BR>[Address Reference Count : 1]<UL><LI> rt_ctype_table.o(.text)
</UL>
<P><STRONG><a name="[9]"></a>__ieee_status</STRONG> (ARM, 8 bytes, Stack size 0 bytes, istatus.o(x$fpl$ieeestatus))
<BR><BR>[Called By]<UL><LI><a href="#[cf]">&gt;&gt;</a>&nbsp;&nbsp;&nbsp;_printf_fp_hex_real (via Veneer)
<LI><a href="#[c7]">&gt;&gt;</a>&nbsp;&nbsp;&nbsp;_fp_digits (via Veneer)
</UL>

<P><STRONG><a name="[5f]"></a>_printf_fp_dec</STRONG> (ARM, 4 bytes, Stack size 0 bytes, printf1.o(x$fpl$printf1))
<BR><BR>[Stack]<UL><LI>Max Depth = 316<LI>Call Chain = _printf_fp_dec &rArr; _printf_fp_dec_real &rArr; _fp_digits &rArr; _btod_etento &rArr; _btod_emul &rArr; _e2e
</UL>
<BR>[Calls]<UL><LI><a href="#[cc]">&gt;&gt;</a>&nbsp;&nbsp;&nbsp;_printf_fp_dec_real (via Veneer)
</UL>
<BR>[Called By]<UL><LI><a href="#[61]">&gt;&gt;</a>&nbsp;&nbsp;&nbsp;_printf_g
<LI><a href="#[60]">&gt;&gt;</a>&nbsp;&nbsp;&nbsp;_printf_e
<LI><a href="#[5e]">&gt;&gt;</a>&nbsp;&nbsp;&nbsp;_printf_f
</UL>

<P><STRONG><a name="[63]"></a>_printf_fp_hex</STRONG> (ARM, 4 bytes, Stack size 0 bytes, printf2.o(x$fpl$printf2))
<BR><BR>[Stack]<UL><LI>Max Depth = 112<LI>Call Chain = _printf_fp_hex &rArr; _printf_fp_hex_real &rArr; _printf_fp_infnan &rArr; _printf_post_padding
</UL>
<BR>[Calls]<UL><LI><a href="#[cf]">&gt;&gt;</a>&nbsp;&nbsp;&nbsp;_printf_fp_hex_real (via Veneer)
</UL>
<BR>[Called By]<UL><LI><a href="#[62]">&gt;&gt;</a>&nbsp;&nbsp;&nbsp;_printf_a
</UL>
<P>
<H3>
Local Symbols
</H3>
<P><STRONG><a name="[53]"></a>ReturnAddress</STRONG> (ARM, 0 bytes, Stack size unknown bytes, IRQ.o(IRQ))
<BR>[Address Reference Count : 1]<UL><LI> IRQ.o(IRQ)
</UL>
<P><STRONG><a name="[e0]"></a>__arm_div8</STRONG> (ARM, 0 bytes, Stack size unknown bytes, aeabi_sdiv.o(.text))
<BR><BR>[Called By]<UL><LI><a href="#[b9]">&gt;&gt;</a>&nbsp;&nbsp;&nbsp;__aeabi_uidivmod
</UL>

<P><STRONG><a name="[df]"></a>__arm_div5</STRONG> (ARM, 0 bytes, Stack size unknown bytes, aeabi_sdiv.o(.text))
<BR><BR>[Called By]<UL><LI><a href="#[b9]">&gt;&gt;</a>&nbsp;&nbsp;&nbsp;__aeabi_uidivmod
</UL>

<P><STRONG><a name="[de]"></a>__arm_div2</STRONG> (ARM, 0 bytes, Stack size unknown bytes, aeabi_sdiv.o(.text))
<BR><BR>[Called By]<UL><LI><a href="#[b9]">&gt;&gt;</a>&nbsp;&nbsp;&nbsp;__aeabi_uidivmod
</UL>

<P><STRONG><a name="[e1]"></a>__arm_div_large</STRONG> (ARM, 0 bytes, Stack size unknown bytes, aeabi_sdiv.o(.text))
<BR><BR>[Called By]<UL><LI><a href="#[b9]">&gt;&gt;</a>&nbsp;&nbsp;&nbsp;__aeabi_uidivmod
</UL>

<P><STRONG><a name="[c7]"></a>_fp_digits</STRONG> (Thumb, 414 bytes, Stack size 96 bytes, _printf_fp_dec.o(.text))
<BR><BR>[Stack]<UL><LI>Max Depth = 220<LI>Call Chain = _fp_digits &rArr; _btod_etento &rArr; _btod_emul &rArr; _e2e
</UL>
<BR>[Calls]<UL><LI><a href="#[9]">&gt;&gt;</a>&nbsp;&nbsp;&nbsp;__ieee_status (via Veneer)
<LI><a href="#[cb]">&gt;&gt;</a>&nbsp;&nbsp;&nbsp;_btod_emul (via Veneer)
<LI><a href="#[ca]">&gt;&gt;</a>&nbsp;&nbsp;&nbsp;_btod_ediv (via Veneer)
<LI><a href="#[c9]">&gt;&gt;</a>&nbsp;&nbsp;&nbsp;_btod_d2e (via Veneer)
<LI><a href="#[c8]">&gt;&gt;</a>&nbsp;&nbsp;&nbsp;_btod_etento
<LI><a href="#[c4]">&gt;&gt;</a>&nbsp;&nbsp;&nbsp;_ll_udiv10 (via Veneer)
</UL>
<BR>[Called By]<UL><LI><a href="#[cc]">&gt;&gt;</a>&nbsp;&nbsp;&nbsp;_printf_fp_dec_real
</UL>

<P><STRONG><a name="[51]"></a>_printf_input_char</STRONG> (Thumb, 10 bytes, Stack size 0 bytes, _printf_char_common.o(.text))
<BR>[Address Reference Count : 1]<UL><LI> _printf_char_common.o(.text)
</UL><P>
<H3>
Undefined Global Symbols
</H3>
<P><STRONG><a name="[db]"></a>_call_atexit_fns</STRONG> (ARM, 0 bytes, Stack size 0 bytes, UNDEFINED)
<BR><BR>[Called By]<UL><LI><a href="#[88]">&gt;&gt;</a>&nbsp;&nbsp;&nbsp;exit
</UL>

<P><STRONG><a name="[b8]"></a>_mutex_acquire</STRONG> (ARM, 0 bytes, Stack size 0 bytes, UNDEFINED)
<BR><BR>[Called By]<UL><LI><a href="#[a8]">&gt;&gt;</a>&nbsp;&nbsp;&nbsp;__Heap_Stats
</UL>

<P><STRONG><a name="[bc]"></a>_mutex_release</STRONG> (ARM, 0 bytes, Stack size 0 bytes, UNDEFINED)
<BR><BR>[Called By]<UL><LI><a href="#[a8]">&gt;&gt;</a>&nbsp;&nbsp;&nbsp;__Heap_Stats
</UL>

<P><STRONG><a name="[d2]"></a>_printf_mbtowc</STRONG> (ARM, 0 bytes, Stack size 0 bytes, UNDEFINED)
<BR><BR>[Called By]<UL><LI><a href="#[d1]">&gt;&gt;</a>&nbsp;&nbsp;&nbsp;_printf_cs_common
</UL>

<P><STRONG><a name="[d4]"></a>_printf_wc</STRONG> (ARM, 0 bytes, Stack size 0 bytes, UNDEFINED)
<BR><BR>[Called By]<UL><LI><a href="#[d3]">&gt;&gt;</a>&nbsp;&nbsp;&nbsp;_printf_lcs_common
</UL>
<HR></body></html>
