<html>
<body>
<pre>
<h1>µVision Build Log</h1>
<h2>Tool Versions:</h2>
IDE-Version: µVision V5.27.1.0
Copyright (C) 2019 ARM Ltd and ARM Germany GmbH. All rights reserved.
License Information: Bao Nguyen, SFU, LIC=----
 
Tool Versions:
Toolchain:       MDK-Lite  Version: 5.27.1.0
Toolchain Path:  D:\SFU\ENSC 254\Keil_v5\ARM\ARMCC\Bin
C Compiler:      Armcc.exe V5.06 update 6 (build 750)
Assembler:       Armasm.exe V5.06 update 6 (build 750)
Linker/Locator:  ArmLink.exe V5.06 update 6 (build 750)
Library Manager: ArmAr.exe V5.06 update 6 (build 750)
Hex Converter:   FromElf.exe V5.06 update 6 (build 750)
CPU DLL:         SARM.DLL V5.27.1.0
Dialog DLL:      DARMST.DLL V1.17.0.0
Target DLL:      UL2ARM.DLL V1.74.10.0
Dialog DLL:      TARMST.DLL V1.16.0.0
 
<h2>Project:</h2>
D:\SFU\ENSC 254\bigfib\hw5.uvproj
Project File Date:  07/13/2021

<h2>Output:</h2>
*** Using Compiler 'V5.06 update 6 (build 750)', folder: 'D:\SFU\ENSC 254\Keil_v5\ARM\ARMCC\Bin'
Build target 'Simulator'
compiling BigFib.c...
linking...
Program Size: Code=15012 RO-data=604 RW-data=20 ZI-data=9652  
".\Flash\Blinky.axf" - 0 Error(s), 0 Warning(s).
Build Time Elapsed:  00:00:02
</pre>
</body>
</html>
