Component: ARM Compiler 5.06 update 6 (build 750) Tool: armlink [4d35ed]

==============================================================================

Section Cross References

    str73x.o(STACK) refers (Special) to heapauxi.o(.text) for __use_two_region_memory
    str73x.o(HEAP) refers (Special) to heapauxi.o(.text) for __use_two_region_memory
    str73x.o(Reset) refers (Special) to heapauxi.o(.text) for __use_two_region_memory
    str73x.o(Reset) refers to Undef.o(Undef) for UndefHandler
    str73x.o(Reset) refers to SWI.o(SWI) for SWIHandler
    str73x.o(Reset) refers to PAbt.o(PAbt) for PAbtHandler
    str73x.o(Reset) refers to DAbt.o(DAbt) for DAbtHandler
    str73x.o(Reset) refers to IRQ.o(IRQ) for IRQHandler
    str73x.o(Reset) refers to FIQ.o(FIQ) for FIQHandler
    str73x.o(Reset) refers to str73x.o(STACK) for Stack_Top
    str73x.o(Reset) refers to __main.o(!!!main) for __main
    str73x.o(.text) refers (Special) to heapauxi.o(.text) for __use_two_region_memory
    str73x.o(.text) refers to str73x.o(HEAP) for Heap_Mem
    str73x.o(.text) refers to str73x.o(STACK) for Stack_Mem
    inithw.o(.text) refers to 73x_cfg.o(i.CFG_PeripheralClockConfig) for CFG_PeripheralClockConfig
    inithw.o(.text) refers to 73x_gpio.o(i.GPIO_Init) for GPIO_Init
    inithw.o(.text) refers to 73x_uart.o(i.UART_StructInit) for UART_StructInit
    inithw.o(.text) refers to 73x_uart.o(i.UART_Cmd) for UART_Cmd
    inithw.o(.text) refers to 73x_uart.o(i.UART_Init) for UART_Init
    inithw.o(.text) refers to 73x_eic.o(i.EIC_IRQCmd) for EIC_IRQCmd
    inithw.o(.text) refers to inithw.o(.data) for GPIO_InitStruct
    inithw.o(.text) refers to inithw.o(.bss) for UART_InitStruct
    73x_it.o(.text) refers to 73x_gpio.o(i.GPIO_BitRead) for GPIO_BitRead
    73x_it.o(.text) refers to 73x_gpio.o(i.GPIO_BitWrite) for GPIO_BitWrite
    73x_it.o(.text) refers to 73x_tim.o(i.TIM_FlagClear) for TIM_FlagClear
    73x_it.o(.text) refers to 73x_gpio.o(i.GPIO_WordWrite) for GPIO_WordWrite
    73x_it.o(.text) refers to 73x_adc.o(i.ADC_GetConversionValue) for ADC_GetConversionValue
    73x_it.o(.text) refers to 73x_adc.o(i.ADC_FlagClear) for ADC_FlagClear
    73x_it.o(.text) refers to 73x_it.o(.data) for DISP_active
    73x_it.o(.text) refers to 73x_it.o(.constdata) for LED7SEG
    retarget.o(.text) refers (Special) to use_no_semi.o(.text) for __use_no_semihosting_swi
    retarget.o(.text) refers to 73x_uart.o(i.UART_ByteBufferSend) for UART_ByteBufferSend
    retarget.o(.data) refers (Special) to use_no_semi.o(.text) for __use_no_semihosting_swi
    bigfib.o(.text) refers to h1_alloc.o(.text) for malloc
    bigfib.o(.text) refers to h1_free.o(.text) for free
    bigfib.o(.text) refers to rt_errno_addr_intlibspace.o(.text) for __aeabi_errno_addr
    bigfib.o(.text) refers to bigadd.o(.text) for bigAdd
    main.o(.text) refers to _printf_percent.o(.ARM.Collect$$_printf_percent$$00000000) for _printf_percent
    main.o(.text) refers to _printf_d.o(.ARM.Collect$$_printf_percent$$00000009) for _printf_d
    main.o(.text) refers to _printf_u.o(.ARM.Collect$$_printf_percent$$0000000A) for _printf_u
    main.o(.text) refers to _printf_dec.o(.text) for _printf_int_dec
    main.o(.text) refers to inithw.o(.text) for InitHw
    main.o(.text) refers to __2printf.o(.text) for __2printf
    main.o(.text) refers to stats.o(.text) for __heapstats
    main.o(.text) refers to bigfib.o(.text) for bigFib
    main.o(.text) refers to h1_free.o(.text) for free
    main.o(.text) refers to rt_errno_addr_intlibspace.o(.text) for __aeabi_errno_addr
    main.o(.text) refers to retarget.o(.data) for __stdout
    main.o(.text) refers to fprintf.o(.text) for fprintf
    Undef.o(Undef) refers to 73x_it.o(.text) for Undefined_Handler
    PAbt.o(PAbt) refers to 73x_it.o(.text) for Prefetch_Handler
    DAbt.o(DAbt) refers to 73x_it.o(.text) for Abort_Handler
    SWI.o(SWI) refers to 73x_it.o(.text) for SWI_Handler
    FIQ.o(FIQ) refers to 73x_it.o(.text) for FIQ_Handler
    IRQ.o(IRQ) refers to 73x_it.o(.text) for PRCCUCMU_IRQHandler
    73x_adc.o(i.ADC_DeInit) refers to 73x_cfg.o(i.CFG_PeripheralClockConfig) for CFG_PeripheralClockConfig
    73x_eic.o(i.EIC_Init) refers to str73x.o(Reset) for PRCCUCMU_Addr
    73x_eic.o(i.EIC_DeInit) refers to 73x_cfg.o(i.CFG_PeripheralClockConfig) for CFG_PeripheralClockConfig
    73x_eic.o(i.EIC_CurrentPriorityLevelConfig) refers to F_I_Bit.o(F_I_BIT) for ARMIRQ_Disable
    73x_eic.o(i.EIC_IRQCmd) refers to F_I_Bit.o(F_I_BIT) for ARMIRQ_Disable
    73x_eic.o(i.EIC_FIQCmd) refers to F_I_Bit.o(F_I_BIT) for ARMFIQ_Disable
    73x_gpio.o(i.GPIO_DeInit) refers to 73x_cfg.o(i.CFG_PeripheralClockConfig) for CFG_PeripheralClockConfig
    73x_tim.o(i.TIM_DeInit) refers to 73x_cfg.o(i.CFG_PeripheralClockConfig) for CFG_PeripheralClockConfig
    73x_uart.o(i.UART_DeInit) refers to 73x_cfg.o(i.CFG_PeripheralClockConfig) for CFG_PeripheralClockConfig
[...]
    .text                                    0x800004f8   Section        0  73x_it.o(.text)
    .text                                    0x80000714   Section        0  retarget.o(.text)
    .text                                    0x8000076c   Section      312  bigadd.o(.text)
    .text                                    0x800008a4   Section        0  bigfib.o(.text)
    .text                                    0x80000a7c   Section        0  main.o(.text)
    .text                                    0x80000e48   Section        4  use_no_semi.o(.text)
    .text                                    0x80000e4c   Section       12  rt_errno_addr_intlibspace.o(.text)
    .text                                    0x80000e60   Section        0  stats.o(.text)
    .text                                    0x80000e84   Section        0  h1_alloc.o(.text)
    .text                                    0x80000efc   Section        0  h1_free.o(.text)
    .text                                    0x80000f50   Section        0  fprintf.o(.text)
    .text                                    0x80000f70   Section        0  __2printf.o(.text)
    .text                                    0x80000f94   Section        0  _printf_dec.o(.text)
    .text                                    0x80001004   Section        0  __printf_flags_ss_wp.o(.text)
    .text                                    0x800011a4   Section      384  aeabi_sdiv.o(.text)
    __arm_div8                               0x800011d0   ARM Code       0  aeabi_sdiv.o(.text)
    __arm_div5                               0x800011f4   ARM Code       0  aeabi_sdiv.o(.text)
    __arm_div2                               0x80001218   ARM Code       0  aeabi_sdiv.o(.text)
    __arm_div_large                          0x80001254   ARM Code       0  aeabi_sdiv.o(.text)
    .text                                    0x80001324   Section        0  heapauxi.o(.text)
    .text                                    0x8000132c   Section       12  libspace.o(.text)
    .text                                    0x8000133c   Section       12  rt_heap_descriptor_intlibspace.o(.text)
    .text                                    0x80001348   Section        0  hguard.o(.text)
    .text                                    0x8000134c   Section        0  init_alloc.o(.text)
    .text                                    0x800013e0   Section        0  h1_init.o(.text)
    .text                                    0x800013f0   Section        0  h1_stats.o(.text)
    .text                                    0x800014d4   Section        0  _printf_pad.o(.text)
    .text                                    0x8000152a   Section        0  _printf_truncate.o(.text)
    .text                                    0x80001556   Section        0  _printf_str.o(.text)
    .text                                    0x800015ae   Section        0  _printf_intcommon.o(.text)
    .text                                    0x80001670   Section        0  _printf_charcount.o(.text)
    .text                                    0x80001698   Section        0  _printf_char_file.o(.text)
    .text                                    0x800016c4   Section        0  _printf_wctomb.o(.text)
    .text                                    0x8000178c   Section        0  _printf_longlong_dec.o(.text)
    .text                                    0x80001808   Section        0  _printf_oct_int_ll.o(.text)
    _printf_longlong_oct_internal            0x80001809   Thumb Code     0  _printf_oct_int_ll.o(.text)
    .text                                    0x80001888   Section        0  _printf_hex_int_ll_ptr.o(.text)
    _printf_hex_common                       0x80001889   Thumb Code     0  _printf_hex_int_ll_ptr.o(.text)
    .text                                    0x8000192c   Section       44  rtudiv10.o(.text)
    .text                                    0x80001958   Section        0  h1_extend.o(.text)
    .text                                    0x80001994   Section      160  lludiv10.o(.text)
    .text                                    0x80001a34   Section        0  _printf_fp_dec.o(.text)
    _fp_digits                               0x80001a37   Thumb Code   414  _printf_fp_dec.o(.text)
    .text                                    0x80001e5c   Section        0  _printf_fp_hex.o(.text)
    .text                                    0x8000213c   Section        0  _printf_char_common.o(.text)
    _printf_input_char                       0x8000213d   Thumb Code    10  _printf_char_common.o(.text)
    .text                                    0x80002174   Section        0  _printf_char.o(.text)
    .text                                    0x800021b0   Section        0  _printf_wchar.o(.text)
    .text                                    0x800021e2   Section        0  _wcrtomb.o(.text)
    .text                                    0x80002228   Section        0  defsig_rtmem_outer.o(.text)
    .text                                    0x80002238   Section       96  sys_stackheap_outer.o(.text)
    .text                                    0x8000229c   Section       24  rt_ctype_table.o(.text)
    .text                                    0x800022b8   Section       12  rt_locale_intlibspace.o(.text)
    .text                                    0x800022c4   Section        0  _printf_fp_infnan.o(.text)
    .text                                    0x80002354   Section        0  bigflt0.o(.text)
    .text                                    0x80002430   Section        0  exit.o(.text)
    .text                                    0x80002444   Section        0  defsig_exit.o(.text)
    .text                                    0x80002454   Section        0  defsig_rtmem_inner.o(.text)
    .text                                    0x800024a8   Section        0  defsig_general.o(.text)
    .text                                    0x800024e0   Section      244  strcmp.o(.text)
    .text_udiv                               0x800025d8   Section       36  aeabi_sdiv.o(.text_udiv)
    CL$$btod_d2e                             0x80002600   Section       56  btod.o(CL$$btod_d2e)
    CL$$btod_d2e_denorm_low                  0x80002638   Section       84  btod.o(CL$$btod_d2e_denorm_low)
    CL$$btod_d2e_norm_op1                    0x8000268c   Section      104  btod.o(CL$$btod_d2e_norm_op1)
    CL$$btod_div_common                      0x800026f4   Section      844  btod.o(CL$$btod_div_common)
    CL$$btod_e2e                             0x80002a40   Section      244  btod.o(CL$$btod_e2e)
    CL$$btod_ediv                            0x80002b38   Section       56  btod.o(CL$$btod_ediv)
    CL$$btod_emul                            0x80002b74   Section       56  btod.o(CL$$btod_emul)
    CL$$btod_mult_common                     0x80002bac   Section      616  btod.o(CL$$btod_mult_common)
    DAbt                                     0x80002e14   Section       32  DAbt.o(DAbt)
    FIQ                                      0x80002e34   Section       32  FIQ.o(FIQ)
    F_I_BIT                                  0x80002e54   Section       64  F_I_Bit.o(F_I_BIT)
    IRQ                                      0x80002e94   Section     1476  IRQ.o(IRQ)
    ReturnAddress                            0x80002eb4   ARM Code       0  IRQ.o(IRQ)
    PAbt                                     0x80003458   Section       32  PAbt.o(PAbt)
    SWI                                      0x80003478   Section       28  SWI.o(SWI)
    Undef                                    0x80003494   Section       28  Undef.o(Undef)
    i.ADC_FlagClear                          0x80003510   Section       16  73x_adc.o(i.ADC_FlagClear)
    i.ADC_GetConversionValue                 0x80003520   Section       20  73x_adc.o(i.ADC_GetConversionValue)
    i.CFG_PeripheralClockConfig              0x80003534   Section      112  73x_cfg.o(i.CFG_PeripheralClockConfig)
    i.EIC_IRQCmd                             0x800035a4   Section       52  73x_eic.o(i.EIC_IRQCmd)
    i.GPIO_BitRead                           0x800035d8   Section       16  73x_gpio.o(i.GPIO_BitRead)
    i.GPIO_BitWrite                          0x800035e8   Section       24  73x_gpio.o(i.GPIO_BitWrite)
    i.GPIO_Init                              0x80003600   Section      260  73x_gpio.o(i.GPIO_Init)
    i.GPIO_WordWrite                         0x80003704   Section        8  73x_gpio.o(i.GPIO_WordWrite)
    i.PRCCU_GetFrequencyValue                0x8000370c   Section      196  73x_prccu.o(i.PRCCU_GetFrequencyValue)
    i.TIM_FlagClear                          0x800037d0   Section       16  73x_tim.o(i.TIM_FlagClear)
    i.UART_ByteBufferSend                    0x800037e0   Section       96  73x_uart.o(i.UART_ByteBufferSend)
    i.UART_Cmd                               0x80003840   Section       24  73x_uart.o(i.UART_Cmd)
    i.UART_Init                              0x80003858   Section      212  73x_uart.o(i.UART_Init)
    i.UART_StructInit                        0x8000392c   Section       40  73x_uart.o(i.UART_StructInit)
    i.__ARM_common_call_via_r1               0x80003954   Section        0  __printf.o(i.__ARM_common_call_via_r1)
    i.__ARM_common_call_via_r2               0x80003956   Section        0  _printf_wctomb.o(i.__ARM_common_call_via_r2)
    i.__ARM_common_call_via_r3               0x80003958   Section        0  _wcrtomb.o(i.__ARM_common_call_via_r3)
    i.__ARM_common_call_via_r4               0x8000395a   Section        0  h1_stats.o(i.__ARM_common_call_via_r4)
    i.__ARM_common_call_via_r7               0x8000395c   Section        0  h1_stats.o(i.__ARM_common_call_via_r7)
    i.__ARM_fpclassify                       0x80003964   Section        0  fpclassify.o(i.__ARM_fpclassify)
    i._is_digit                              0x80003994   Section        0  __printf_wp.o(i._is_digit)
    locale$$code                             0x800039a8   Section       80  lc_numeric_c.o(locale$$code)
    locale$$code                             0x800039fc   Section       80  lc_ctype_c.o(locale$$code)
    x$fpl$ieeestatus                         0x80003a50   Section        8  istatus.o(x$fpl$ieeestatus)
    x$fpl$printf1                            0x80003a58   Section        4  printf1.o(x$fpl$printf1)
    x$fpl$printf2                            0x80003a5c   Section        4  printf2.o(x$fpl$printf2)
    .constdata                               0x80003a60   Section       16  73x_it.o(.constdata)
    x$fpl$usenofp                            0x80003a60   Section        0  usenofp.o(x$fpl$usenofp)
    .constdata                               0x80003a70   Section       17  __printf_flags_ss_wp.o(.constdata)
    maptable                                 0x80003a70   Data          17  __printf_flags_ss_wp.o(.constdata)
    .constdata                               0x80003a84   Section        8  _printf_wctomb.o(.constdata)
    initial_mbstate                          0x80003a84   Data           8  _printf_wctomb.o(.constdata)
    .constdata                               0x80003a8c   Section       40  _printf_hex_int_ll_ptr.o(.constdata)
    uc_hextab                                0x80003a8c   Data          20  _printf_hex_int_ll_ptr.o(.constdata)
    lc_hextab                                0x80003aa0   Data          20  _printf_hex_int_ll_ptr.o(.constdata)
    .constdata                               0x80003ab4   Section       38  _printf_fp_hex.o(.constdata)
    lc_hextab                                0x80003ab4   Data          19  _printf_fp_hex.o(.constdata)
    uc_hextab                                0x80003ac7   Data          19  _printf_fp_hex.o(.constdata)
    .constdata                               0x80003adc   Section      148  bigflt0.o(.constdata)
    tenpwrs_x                                0x80003adc   Data          60  bigflt0.o(.constdata)
    tenpwrs_i                                0x80003b18   Data          64  bigflt0.o(.constdata)
    locale$$data                             0x80003b90   Section       28  lc_numeric_c.o(locale$$data)
    __lcnum_c_name                           0x80003b94   Data           2  lc_numeric_c.o(locale$$data)
    __lcnum_c_start                          0x80003b9c   Data           0  lc_numeric_c.o(locale$$data)
    __lcnum_c_point                          0x80003ba8   Data           0  lc_numeric_c.o(locale$$data)
    __lcnum_c_thousands                      0x80003baa   Data           0  lc_numeric_c.o(locale$$data)
    __lcnum_c_grouping                       0x80003bab   Data           0  lc_numeric_c.o(locale$$data)
    locale$$data                             0x80003bac   Section      272  lc_ctype_c.o(locale$$data)
    __lcnum_c_end                            0x80003bac   Data           0  lc_numeric_c.o(locale$$data)
    __lcctype_c_name                         0x80003bb0   Data           2  lc_ctype_c.o(locale$$data)
    __lcctype_c_start                        0x80003bb8   Data           0  lc_ctype_c.o(locale$$data)
    __lcctype_c_end                          0x80003cbc   Data           0  lc_ctype_c.o(locale$$data)
    .data                                    0xa0000000   Section        9  inithw.o(.data)
    .data                                    0xa000000a   Section        4  73x_it.o(.data)
    DISP_active                              0xa000000c   Data           2  73x_it.o(.data)
    .data                                    0xa0000010   Section        4  retarget.o(.data)
    .bss                                     0xa0000014   Section       70  inithw.o(.bss)
    .bss                                     0xa000005c   Section       96  libspace.o(.bss)
    HEAP                                     0xa00000c0   Section     8192  str73x.o(HEAP)
    Heap_Mem                                 0xa00000c0   Data        8192  str73x.o(HEAP)
    STACK                                    0xa00020c0   Section     1288  str73x.o(STACK)
    Stack_Mem                                0xa00020c0   Data        1024  str73x.o(STACK)
    Stack_Top                                0xa00025c8   Data           0  str73x.o(STACK)

    Global Symbols

    Symbol Name                              Value     Ov Type        Size  Object(Section)

    BuildAttributes$$THM_ISAv1$ARM_ISAv4$S$PE$A:L22$X:L11$S22$IEEE1$IW$USESV6$~STKCKD$USESV7$~SHL$OTIME$ROPI$IEEEJ$EBA8$UX$STANDARDLIB$REQ8$PRES8$EABIv2 0x00000000   Number         0  anon$$obj.o ABSOLUTE
    __ARM_use_no_argv                        0x00000000   Number         0  main.o ABSOLUTE
    _printf_flags                            0x00000000   Number         0  printf_stubs.o ABSOLUTE
    _printf_return_value                     0x00000000   Number         0  printf_stubs.o ABSOLUTE
    _printf_sizespec                         0x00000000   Number         0  printf_stubs.o ABSOLUTE
    _printf_widthprec                        0x00000000   Number         0  printf_stubs.o ABSOLUTE
    __ARM_exceptions_init                     - Undefined Weak Reference
    __alloca_initialize                       - Undefined Weak Reference
    __arm_preinit_                            - Undefined Weak Reference
    __cpp_initialize__aeabi_                  - Undefined Weak Reference
    __cxa_finalize                            - Undefined Weak Reference
    __sigvec_lookup                           - Undefined Weak Reference
    __user_heap_extent                        - Undefined Weak Reference
    _atexit_init                              - Undefined Weak Reference
    _call_atexit_fns                          - Undefined Weak Reference
    _clock_init                               - Undefined Weak Reference
    _fp_trap_init                             - Undefined Weak Reference
    _fp_trap_shutdown                         - Undefined Weak Reference
    _get_lc_collate                           - Undefined Weak Reference
    _get_lc_monetary                          - Undefined Weak Reference
    _get_lc_time                              - Undefined Weak Reference
    _getenv_init                              - Undefined Weak Reference
    _handle_redirection                       - Undefined Weak Reference
    _initio                                   - Undefined Weak Reference
    _mutex_acquire                            - Undefined Weak Reference
    _mutex_free                               - Undefined Weak Reference
    _mutex_release                            - Undefined Weak Reference
    _printf_mbtowc                            - Undefined Weak Reference
    _printf_wc                                - Undefined Weak Reference
    _rand_init                                - Undefined Weak Reference
    _signal_finish                            - Undefined Weak Reference
    _signal_init                              - Undefined Weak Reference
    _terminateio                              - Undefined Weak Reference
    Vectors                                  0x80000000   ARM Code       4  str73x.o(Reset)
    PRCCUCMU_Addr                            0x80000040   Data           4  str73x.o(Reset)
    Reset_Handler                            0x80000140   ARM Code       0  str73x.o(Reset)
    __main                                   0x80000240   ARM Code       8  __main.o(!!!main)
    __scatterload                            0x80000248   ARM Code       0  __scatter.o(!!!scatter)
    __scatterload_rt2                        0x80000248   ARM Code      52  __scatter.o(!!!scatter)
    __scatterload_null                       0x8000025c   ARM Code       0  __scatter.o(!!!scatter)
    __scatterload_copy                       0x80000284   ARM Code      40  __scatter_copy.o(!!handler_copy)
    __scatterload_zeroinit                   0x800002ac   ARM Code      44  __scatter_zi.o(!!handler_zi)
    Inline Thumb to ARM Veneer to _printf_percent 0x800002d9   Thumb Code     4  _printf_percent.o(.ARM.Collect$$_printf_percent$$00000000)
    _printf_n                                0x800002dc   ARM Code       0  _printf_n.o(.ARM.Collect$$_printf_percent$$00000001)
    _printf_percent                          0x800002dc   ARM Code       0  _printf_percent.o(.ARM.Collect$$_printf_percent$$00000000)
    _printf_p                                0x800002e4   ARM Code       0  _printf_p.o(.ARM.Collect$$_printf_percent$$00000002)
    _printf_f                                0x800002ec   ARM Code       0  _printf_f.o(.ARM.Collect$$_printf_percent$$00000003)
    _printf_e                                0x800002f4   ARM Code       0  _printf_e.o(.ARM.Collect$$_printf_percent$$00000004)
    _printf_g                                0x800002fc   ARM Code       0  _printf_g.o(.ARM.Collect$$_printf_percent$$00000005)
    _printf_a                                0x80000304   ARM Code       0  _printf_a.o(.ARM.Collect$$_printf_percent$$00000006)
    _printf_ll                               0x8000030c   ARM Code       0  _printf_ll.o(.ARM.Collect$$_printf_percent$$00000007)
    _printf_i                                0x80000318   ARM Code       0  _printf_i.o(.ARM.Collect$$_printf_percent$$00000008)
    _printf_d                                0x80000320   ARM Code       0  _printf_d.o(.ARM.Collect$$_printf_percent$$00000009)
    _printf_u                                0x80000328   ARM Code       0  _printf_u.o(.ARM.Collect$$_printf_percent$$0000000A)
    _printf_o                                0x80000330   ARM Code       0  _printf_o.o(.ARM.Collect$$_printf_percent$$0000000B)
    _printf_x                                0x80000338   ARM Code       0  _printf_x.o(.ARM.Collect$$_printf_percent$$0000000C)
    _printf_lli                              0x80000340   ARM Code       0  _printf_lli.o(.ARM.Collect$$_printf_percent$$0000000D)
    _printf_lld                              0x80000348   ARM Code       0  _printf_lld.o(.ARM.Collect$$_printf_percent$$0000000E)
    _printf_llu                              0x80000350   ARM Code       0  _printf_llu.o(.ARM.Collect$$_printf_percent$$0000000F)
    _printf_llo                              0x80000358   ARM Code       0  _printf_llo.o(.ARM.Collect$$_printf_percent$$00000010)
    _printf_llx                              0x80000360   ARM Code       0  _printf_llx.o(.ARM.Collect$$_printf_percent$$00000011)
    _printf_l                                0x80000368   ARM Code       0  _printf_l.o(.ARM.Collect$$_printf_percent$$00000012)
    _printf_c                                0x80000374   ARM Code       0  _printf_c.o(.ARM.Collect$$_printf_percent$$00000013)
    _printf_s                                0x8000037c   ARM Code       0  _printf_s.o(.ARM.Collect$$_printf_percent$$00000014)
    _printf_lc                               0x80000384   ARM Code       0  _printf_lc.o(.ARM.Collect$$_printf_percent$$00000015)
    _printf_ls                               0x8000038c   ARM Code       0  _printf_ls.o(.ARM.Collect$$_printf_percent$$00000016)
    _printf_percent_end                      0x80000394   ARM Code       0  _printf_percent_end.o(.ARM.Collect$$_printf_percent$$00000017)
    Inline ARM to Thumb Veneer to __rt_lib_init 0x8000039c   ARM Code       8  libinit.o(.ARM.Collect$$libinit$$00000000)
    __rt_lib_init                            0x800003a5   Thumb Code     0  libinit.o(.ARM.Collect$$libinit$$00000000)
    __rt_lib_init_fp_1                       0x800003a7   Thumb Code     0  libinit2.o(.ARM.Collect$$libinit$$00000002)
    __rt_lib_init_heap_2                     0x800003a7   Thumb Code     0  libinit2.o(.ARM.Collect$$libinit$$00000005)
    __rt_lib_init_preinit_1                  0x800003a7   Thumb Code     0  libinit2.o(.ARM.Collect$$libinit$$00000004)
    __rt_lib_init_heap_1                     0x800003af   Thumb Code     0  libinit2.o(.ARM.Collect$$libinit$$0000000A)
    __rt_lib_init_lc_common                  0x800003af   Thumb Code     0  libinit2.o(.ARM.Collect$$libinit$$0000000F)
    __rt_lib_init_rand_1                     0x800003af   Thumb Code     0  libinit2.o(.ARM.Collect$$libinit$$0000000E)
    __rt_lib_init_user_alloc_1               0x800003af   Thumb Code     0  libinit2.o(.ARM.Collect$$libinit$$0000000C)
    __rt_lib_init_lc_collate_1               0x800003b5   Thumb Code     0  libinit2.o(.ARM.Collect$$libinit$$00000011)
    __rt_lib_init_lc_ctype_2                 0x800003b5   Thumb Code     0  libinit2.o(.ARM.Collect$$libinit$$00000012)
    __rt_lib_init_lc_ctype_1                 0x800003c1   Thumb Code     0  libinit2.o(.ARM.Collect$$libinit$$00000013)
    __rt_lib_init_lc_monetary_1              0x800003c1   Thumb Code     0  libinit2.o(.ARM.Collect$$libinit$$00000015)
    __rt_lib_init_lc_numeric_2               0x800003c1   Thumb Code     0  libinit2.o(.ARM.Collect$$libinit$$00000016)
    __rt_lib_init_alloca_1                   0x800003cb   Thumb Code     0  libinit2.o(.ARM.Collect$$libinit$$0000002E)
    __rt_lib_init_argv_1                     0x800003cb   Thumb Code     0  libinit2.o(.ARM.Collect$$libinit$$0000002C)
    __rt_lib_init_atexit_1                   0x800003cb   Thumb Code     0  libinit2.o(.ARM.Collect$$libinit$$0000001B)
    __rt_lib_init_clock_1                    0x800003cb   Thumb Code     0  libinit2.o(.ARM.Collect$$libinit$$00000021)
    __rt_lib_init_cpp_1                      0x800003cb   Thumb Code     0  libinit2.o(.ARM.Collect$$libinit$$00000032)
    __rt_lib_init_exceptions_1               0x800003cb   Thumb Code     0  libinit2.o(.ARM.Collect$$libinit$$00000030)
    __rt_lib_init_fp_trap_1                  0x800003cb   Thumb Code     0  libinit2.o(.ARM.Collect$$libinit$$0000001F)
    __rt_lib_init_getenv_1                   0x800003cb   Thumb Code     0  libinit2.o(.ARM.Collect$$libinit$$00000023)
    __rt_lib_init_lc_numeric_1               0x800003cb   Thumb Code     0  libinit2.o(.ARM.Collect$$libinit$$00000017)
    __rt_lib_init_lc_time_1                  0x800003cb   Thumb Code     0  libinit2.o(.ARM.Collect$$libinit$$00000019)
    __rt_lib_init_return                     0x800003cb   Thumb Code     0  libinit2.o(.ARM.Collect$$libinit$$00000033)
    __rt_lib_init_signal_1                   0x800003cb   Thumb Code     0  libinit2.o(.ARM.Collect$$libinit$$0000001D)
    __rt_lib_init_stdio_1                    0x800003cb   Thumb Code     0  libinit2.o(.ARM.Collect$$libinit$$00000025)
    Inline ARM to Thumb Veneer to __rt_lib_shutdown 0x800003d8   ARM Code       8  libshutdown.o(.ARM.Collect$$libshutdown$$00000000)
    __rt_lib_shutdown                        0x800003e1   Thumb Code     0  libshutdown.o(.ARM.Collect$$libshutdown$$00000000)
    __rt_lib_shutdown_cpp_1                  0x800003e5   Thumb Code     0  libshutdown2.o(.ARM.Collect$$libshutdown$$00000002)
    __rt_lib_shutdown_fp_trap_1              0x800003e5   Thumb Code     0  libshutdown2.o(.ARM.Collect$$libshutdown$$00000007)
    __rt_lib_shutdown_heap_1                 0x800003e5   Thumb Code     0  libshutdown2.o(.ARM.Collect$$libshutdown$$0000000F)
    __rt_lib_shutdown_return                 0x800003e5   Thumb Code     0  libshutdown2.o(.ARM.Collect$$libshutdown$$00000010)
    __rt_lib_shutdown_signal_1               0x800003e5   Thumb Code     0  libshutdown2.o(.ARM.Collect$$libshutdown$$0000000A)
    __rt_lib_shutdown_stdio_1                0x800003e5   Thumb Code     0  libshutdown2.o(.ARM.Collect$$libshutdown$$00000004)
    __rt_lib_shutdown_user_alloc_1           0x800003e5   Thumb Code     0  libshutdown2.o(.ARM.Collect$$libshutdown$$0000000C)
    __rt_entry                               0x800003ec   ARM Code       0  __rtentry.o(.ARM.Collect$$rtentry$$00000000)
    __rt_entry_presh_1                       0x800003ec   ARM Code       0  __rtentry2.o(.ARM.Collect$$rtentry$$00000002)
    __rt_entry_sh                            0x800003ec   ARM Code       0  __rtentry4.o(.ARM.Collect$$rtentry$$00000004)
    __rt_entry_li                            0x800003f4   ARM Code       0  __rtentry2.o(.ARM.Collect$$rtentry$$0000000A)
    __rt_entry_postsh_1                      0x800003f4   ARM Code       0  __rtentry2.o(.ARM.Collect$$rtentry$$00000009)
    __rt_entry_main                          0x800003f8   ARM Code       0  __rtentry2.o(.ARM.Collect$$rtentry$$0000000D)
    __rt_entry_postli_1                      0x800003f8   ARM Code       0  __rtentry2.o(.ARM.Collect$$rtentry$$0000000C)
    Inline Thumb to ARM Veneer to __rt_exit  0x80000421   Thumb Code     4  rtexit.o(.ARM.Collect$$rtexit$$00000000)
    __rt_exit                                0x80000424   ARM Code       0  rtexit.o(.ARM.Collect$$rtexit$$00000000)
    __rt_exit_ls                             0x80000428   ARM Code       0  rtexit2.o(.ARM.Collect$$rtexit$$00000003)
    __rt_exit_prels_1                        0x80000428   ARM Code       0  rtexit2.o(.ARM.Collect$$rtexit$$00000002)
    __rt_exit_exit                           0x8000042c   ARM Code       0  rtexit2.o(.ARM.Collect$$rtexit$$00000004)
    __user_initial_stackheap                 0x80000434   ARM Code       0  str73x.o(.text)
    _maybe_terminate_alloc                   0x80000435   Thumb Code     0  maybetermalloc1.o(.emb_text)
    InitHw                                   0x80000458   ARM Code     144  inithw.o(.text)
    Undefined_Handler                        0x800004f8   ARM Code       4  73x_it.o(.text)
    FIQ_Handler                              0x800004fc   ARM Code       4  73x_it.o(.text)
    SWI_Handler                              0x80000500   ARM Code       4  73x_it.o(.text)
    Prefetch_Handler                         0x80000504   ARM Code       4  73x_it.o(.text)
    Abort_Handler                            0x80000508   ARM Code       4  73x_it.o(.text)
    PRCCUCMU_IRQHandler                      0x8000050c   ARM Code       4  73x_it.o(.text)
    EXTIT01_IRQHandler                       0x80000510   ARM Code       4  73x_it.o(.text)
    EXTIT02_IRQHandler                       0x80000514   ARM Code       4  73x_it.o(.text)
    EXTIT03_IRQHandler                       0x80000518   ARM Code       4  73x_it.o(.text)
    EXTIT04_IRQHandler                       0x8000051c   ARM Code       4  73x_it.o(.text)
    EXTIT05_IRQHandler                       0x80000520   ARM Code       4  73x_it.o(.text)
    EXTIT06_IRQHandler                       0x80000524   ARM Code       4  73x_it.o(.text)
    EXTIT07_IRQHandler                       0x80000528   ARM Code       4  73x_it.o(.text)
    EXTIT08_IRQHandler                       0x8000052c   ARM Code       4  73x_it.o(.text)
    EXTIT09_IRQHandler                       0x80000530   ARM Code       4  73x_it.o(.text)
    EXTIT10_IRQHandler                       0x80000534   ARM Code       4  73x_it.o(.text)
    EXTIT11_IRQHandler                       0x80000538   ARM Code       4  73x_it.o(.text)
    EXTIT12_IRQHandler                       0x8000053c   ARM Code       4  73x_it.o(.text)
    EXTIT13_IRQHandler                       0x80000540   ARM Code       4  73x_it.o(.text)
    EXTIT14_IRQHandler                       0x80000544   ARM Code       4  73x_it.o(.text)
    EXTIT15_IRQHandler                       0x80000548   ARM Code       4  73x_it.o(.text)
    DMATRERR_IRQHandler                      0x8000054c   ARM Code       4  73x_it.o(.text)
    TIM1_IRQHandler                          0x80000550   ARM Code       4  73x_it.o(.text)
    TIM2_IRQHandler                          0x80000554   ARM Code       4  73x_it.o(.text)
    TIM3_IRQHandler                          0x80000558   ARM Code      96  73x_it.o(.text)
    TIM4_IRQHandler                          0x800005b8   ARM Code     144  73x_it.o(.text)
    TB0_IRQHandler                           0x80000648   ARM Code       4  73x_it.o(.text)
    TB1_IRQHandler                           0x8000064c   ARM Code       4  73x_it.o(.text)
    TB2_IRQHandler                           0x80000650   ARM Code       4  73x_it.o(.text)
    TIM5_IRQHandler                          0x80000654   ARM Code       4  73x_it.o(.text)
    TIM6_IRQHandler                          0x80000658   ARM Code       4  73x_it.o(.text)
    TIM7_IRQHandler                          0x8000065c   ARM Code       4  73x_it.o(.text)
    TIM8_IRQHandler                          0x80000660   ARM Code       4  73x_it.o(.text)
    TIM9_IRQHandler                          0x80000664   ARM Code       4  73x_it.o(.text)
    UART2_IRQHandler                         0x80000668   ARM Code       4  73x_it.o(.text)
    UART3_IRQHandler                         0x8000066c   ARM Code       4  73x_it.o(.text)
    FLASHEOP_IRQHandler                      0x80000670   ARM Code       4  73x_it.o(.text)
    PWM0_IRQHandler                          0x80000674   ARM Code       4  73x_it.o(.text)
    PWM1_IRQHandler                          0x80000678   ARM Code       4  73x_it.o(.text)
    PWM2_IRQHandler                          0x8000067c   ARM Code       4  73x_it.o(.text)
    PWM3_IRQHandler                          0x80000680   ARM Code       4  73x_it.o(.text)
    PWM4_IRQHandler                          0x80000684   ARM Code       4  73x_it.o(.text)
    PWM5_IRQHandler                          0x80000688   ARM Code       4  73x_it.o(.text)
    WIU_IRQHandler                           0x8000068c   ARM Code       4  73x_it.o(.text)
    WDGWUT_IRQHandler                        0x80000690   ARM Code       4  73x_it.o(.text)
    BSPI0_IRQHandler                         0x80000694   ARM Code       4  73x_it.o(.text)
    BSPI1_IRQHandler                         0x80000698   ARM Code       4  73x_it.o(.text)
    BSPI2_IRQHandler                         0x8000069c   ARM Code       4  73x_it.o(.text)
    UART0_IRQHandler                         0x800006a0   ARM Code       4  73x_it.o(.text)
    UART1_IRQHandler                         0x800006a4   ARM Code       4  73x_it.o(.text)
    I2C0ITERR_IRQHandler                     0x800006a8   ARM Code       4  73x_it.o(.text)
    I2C1ITERR_IRQHandler                     0x800006ac   ARM Code       4  73x_it.o(.text)
    I2C0ITDDC_IRQHandler                     0x800006b0   ARM Code       4  73x_it.o(.text)
    I2C1ITDDC_IRQHandler                     0x800006b4   ARM Code       4  73x_it.o(.text)
    CAN0_IRQHandler                          0x800006b8   ARM Code       4  73x_it.o(.text)
    CAN1_IRQHandler                          0x800006bc   ARM Code       4  73x_it.o(.text)
    CAN2_IRQHandler                          0x800006c0   ARM Code       4  73x_it.o(.text)
    DMA0_IRQHandler                          0x800006c4   ARM Code       4  73x_it.o(.text)
    DMA1_IRQHandler                          0x800006c8   ARM Code       4  73x_it.o(.text)
    DMA2_IRQHandler                          0x800006cc   ARM Code       4  73x_it.o(.text)
    DMA3_IRQHandler                          0x800006d0   ARM Code       4  73x_it.o(.text)
    ADC_IRQHandler                           0x800006d4   ARM Code      36  73x_it.o(.text)
    RTC_IRQHandler                           0x800006f8   ARM Code       4  73x_it.o(.text)
    fputc                                    0x80000714   ARM Code      36  retarget.o(.text)
    ferror                                   0x80000738   ARM Code      12  retarget.o(.text)
    _ttywrch                                 0x80000744   ARM Code      28  retarget.o(.text)
    _sys_exit                                0x80000760   ARM Code       8  retarget.o(.text)
    bigAdd                                   0x8000076c   ARM Code       4  bigadd.o(.text)
    bigFib                                   0x800008a4   ARM Code     472  bigfib.o(.text)
    halt                                     0x80000a7c   ARM Code      12  main.o(.text)
    main                                     0x80000a88   ARM Code     960  main.o(.text)
    __I$use$semihosting                      0x80000e48   ARM Code       0  use_no_semi.o(.text)
    __use_no_semihosting_swi                 0x80000e48   ARM Code       4  use_no_semi.o(.text)
    __aeabi_errno_addr                       0x80000e4c   ARM Code      12  rt_errno_addr_intlibspace.o(.text)
    __errno$intlibspace                      0x80000e4c   ARM Code       0  rt_errno_addr_intlibspace.o(.text)
    __rt_errno_addr$intlibspace              0x80000e4c   ARM Code       0  rt_errno_addr_intlibspace.o(.text)
    Inline ARM to Thumb Veneer to __heapstats 0x80000e58   ARM Code       8  stats.o(.text)
    __heapstats                              0x80000e61   Thumb Code    26  stats.o(.text)
    Inline ARM to Thumb Veneer to malloc     0x80000e7c   ARM Code       8  h1_alloc.o(.text)
    malloc                                   0x80000e85   Thumb Code   110  h1_alloc.o(.text)
    Inline ARM to Thumb Veneer to free       0x80000ef4   ARM Code       8  h1_free.o(.text)
    free                                     0x80000efd   Thumb Code    84  h1_free.o(.text)
    fprintf                                  0x80000f51   Thumb Code    22  fprintf.o(.text)
    Inline ARM to Thumb Veneer to __2printf  0x80000f68   ARM Code       8  __2printf.o(.text)
    __2printf                                0x80000f71   Thumb Code    22  __2printf.o(.text)
    Inline ARM to Thumb Veneer to _printf_int_dec 0x80000f8c   ARM Code       8  _printf_dec.o(.text)
    _printf_int_dec                          0x80000f95   Thumb Code    94  _printf_dec.o(.text)
    __printf                                 0x80001005   Thumb Code   406  __printf_flags_ss_wp.o(.text)
    Inline Thumb to ARM Veneer to __aeabi_idivmod 0x800011a1   Thumb Code     4  aeabi_sdiv.o(.text)
    __aeabi_idiv                             0x800011a4   ARM Code       0  aeabi_sdiv.o(.text)
    __aeabi_idivmod                          0x800011a4   ARM Code     384  aeabi_sdiv.o(.text)
    __use_two_region_memory                  0x80001325   Thumb Code     2  heapauxi.o(.text)
    __rt_heap_escrow                         0x80001327   Thumb Code     2  heapauxi.o(.text)
    __rt_heap_expand                         0x80001329   Thumb Code     2  heapauxi.o(.text)
    __user_libspace                          0x8000132c   ARM Code      12  libspace.o(.text)
    __user_perproc_libspace                  0x8000132c   ARM Code       0  libspace.o(.text)
    __user_perthread_libspace                0x8000132c   ARM Code       0  libspace.o(.text)
    Inline Thumb to ARM Veneer to __rt_heap_descriptor 0x80001339   Thumb Code     4  rt_heap_descriptor_intlibspace.o(.text)
    __rt_heap_descriptor                     0x8000133c   ARM Code      12  rt_heap_descriptor_intlibspace.o(.text)
    __use_no_heap                            0x80001349   Thumb Code     2  hguard.o(.text)
    __heap$guard                             0x8000134b   Thumb Code     2  hguard.o(.text)
    _terminate_user_alloc                    0x8000134d   Thumb Code     2  init_alloc.o(.text)
    _init_user_alloc                         0x8000134f   Thumb Code     2  init_alloc.o(.text)
    __Heap_Full                              0x80001351   Thumb Code    36  init_alloc.o(.text)
    __Heap_Broken                            0x80001375   Thumb Code    14  init_alloc.o(.text)
    _init_alloc                              0x80001383   Thumb Code    94  init_alloc.o(.text)
    __Heap_Initialize                        0x800013e1   Thumb Code    10  h1_init.o(.text)
    __Heap_DescSize                          0x800013eb   Thumb Code     4  h1_init.o(.text)
    __Heap_Stats                             0x800013f1   Thumb Code   156  h1_stats.o(.text)
    _printf_pre_padding                      0x800014d5   Thumb Code    50  _printf_pad.o(.text)
    _printf_post_padding                     0x80001507   Thumb Code    36  _printf_pad.o(.text)
    _printf_truncate_signed                  0x8000152b   Thumb Code    22  _printf_truncate.o(.text)
    _printf_truncate_unsigned                0x80001541   Thumb Code    22  _printf_truncate.o(.text)
    _printf_str                              0x80001557   Thumb Code    88  _printf_str.o(.text)
    _printf_int_common                       0x800015af   Thumb Code   186  _printf_intcommon.o(.text)
    Inline ARM to Thumb Veneer to _printf_charcount 0x80001668   ARM Code       8  _printf_charcount.o(.text)
    _printf_charcount                        0x80001671   Thumb Code    38  _printf_charcount.o(.text)
    _printf_char_file                        0x80001699   Thumb Code    38  _printf_char_file.o(.text)
    _printf_wctomb                           0x800016c5   Thumb Code   188  _printf_wctomb.o(.text)
    Inline ARM to Thumb Veneer to _printf_longlong_dec 0x80001784   ARM Code       8  _printf_longlong_dec.o(.text)
    _printf_longlong_dec                     0x8000178d   Thumb Code    98  _printf_longlong_dec.o(.text)
    Inline ARM to Thumb Veneer to _printf_int_oct 0x80001800   ARM Code       8  _printf_oct_int_ll.o(.text)
    _printf_longlong_oct                     0x80001809   Thumb Code    72  _printf_oct_int_ll.o(.text)
    _printf_int_oct                          0x80001851   Thumb Code    28  _printf_oct_int_ll.o(.text)
    _printf_ll_oct                           0x8000186d   Thumb Code    10  _printf_oct_int_ll.o(.text)
    Inline ARM to Thumb Veneer to _printf_hex_ptr 0x80001880   ARM Code       8  _printf_hex_int_ll_ptr.o(.text)
    _printf_longlong_hex                     0x80001889   Thumb Code    92  _printf_hex_int_ll_ptr.o(.text)
    _printf_int_hex                          0x800018e5   Thumb Code    32  _printf_hex_int_ll_ptr.o(.text)
    _printf_ll_hex                           0x80001905   Thumb Code    10  _printf_hex_int_ll_ptr.o(.text)
    _printf_hex_ptr                          0x8000190f   Thumb Code    22  _printf_hex_int_ll_ptr.o(.text)
    Inline Thumb to ARM Veneer to __rt_udiv10 0x80001929   Thumb Code     4  rtudiv10.o(.text)
    __rt_udiv10                              0x8000192c   ARM Code      44  rtudiv10.o(.text)
    __Heap_ProvideMemory                     0x80001959   Thumb Code    56  h1_extend.o(.text)
    Inline Thumb to ARM Veneer to _ll_udiv10 0x80001991   Thumb Code     4  lludiv10.o(.text)
    _ll_udiv10                               0x80001994   ARM Code     160  lludiv10.o(.text)
    __lib_sel_fp_printf                      0x80001a35   Thumb Code     2  _printf_fp_dec.o(.text)
    _printf_fp_dec_real                      0x80001bd5   Thumb Code   628  _printf_fp_dec.o(.text)
    Inline ARM to Thumb Veneer to _printf_fp_hex_real 0x80001e54   ARM Code       8  _printf_fp_hex.o(.text)
    _printf_fp_hex_real                      0x80001e5d   Thumb Code   728  _printf_fp_hex.o(.text)
    _printf_char_common                      0x80002147   Thumb Code    34  _printf_char_common.o(.text)
    Inline ARM to Thumb Veneer to _printf_char 0x8000216c   ARM Code       8  _printf_char.o(.text)
    _printf_cs_common                        0x80002175   Thumb Code    26  _printf_char.o(.text)
    _printf_char                             0x8000218f   Thumb Code    16  _printf_char.o(.text)
    _printf_string                           0x8000219f   Thumb Code     8  _printf_char.o(.text)
    Inline ARM to Thumb Veneer to _printf_wchar 0x800021a8   ARM Code       8  _printf_wchar.o(.text)
    _printf_lcs_common                       0x800021b1   Thumb Code    26  _printf_wchar.o(.text)
    _printf_wchar                            0x800021cb   Thumb Code    16  _printf_wchar.o(.text)
    _printf_wstring                          0x800021db   Thumb Code     8  _printf_wchar.o(.text)
    _wcrtomb                                 0x800021e3   Thumb Code    70  _wcrtomb.o(.text)
    __rt_SIGRTMEM                            0x80002229   Thumb Code    16  defsig_rtmem_outer.o(.text)
    __user_setup_stackheap                   0x80002238   ARM Code      96  sys_stackheap_outer.o(.text)
    Inline Thumb to ARM Veneer to __rt_ctype_table 0x80002299   Thumb Code     4  rt_ctype_table.o(.text)
    __rt_ctype_table                         0x8000229c   ARM Code      24  rt_ctype_table.o(.text)
    Inline Thumb to ARM Veneer to __rt_locale 0x800022b5   Thumb Code     4  rt_locale_intlibspace.o(.text)
    __rt_locale                              0x800022b8   ARM Code      12  rt_locale_intlibspace.o(.text)
    _printf_fp_infnan                        0x800022c5   Thumb Code   128  _printf_fp_infnan.o(.text)
    _btod_etento                             0x80002355   Thumb Code   214  bigflt0.o(.text)
    exit                                     0x80002431   Thumb Code    20  exit.o(.text)
    __sig_exit                               0x80002445   Thumb Code    16  defsig_exit.o(.text)
    __rt_SIGRTMEM_inner                      0x80002455   Thumb Code    26  defsig_rtmem_inner.o(.text)
    __default_signal_display                 0x800024a9   Thumb Code    56  defsig_general.o(.text)
    strcmp                                   0x800024e0   ARM Code     240  strcmp.o(.text)
    Inline Thumb to ARM Veneer to __aeabi_uidivmod 0x800025d5   Thumb Code     4  aeabi_sdiv.o(.text_udiv)
    __aeabi_uidiv                            0x800025d8   ARM Code       0  aeabi_sdiv.o(.text_udiv)
    __aeabi_uidivmod                         0x800025d8   ARM Code      36  aeabi_sdiv.o(.text_udiv)
    Inline Thumb to ARM Veneer to _btod_d2e  0x800025fd   Thumb Code     4  btod.o(CL$$btod_d2e)
    _btod_d2e                                0x80002600   ARM Code      56  btod.o(CL$$btod_d2e)
    _d2e_denorm_low                          0x80002638   ARM Code      84  btod.o(CL$$btod_d2e_denorm_low)
    _d2e_norm_op1                            0x8000268c   ARM Code     104  btod.o(CL$$btod_d2e_norm_op1)
    __btod_div_common                        0x800026f4   ARM Code     716  btod.o(CL$$btod_div_common)
    _e2e                                     0x80002a40   ARM Code     244  btod.o(CL$$btod_e2e)
    Inline Thumb to ARM Veneer to _btod_ediv 0x80002b35   Thumb Code     4  btod.o(CL$$btod_ediv)
    _btod_ediv                               0x80002b38   ARM Code      56  btod.o(CL$$btod_ediv)
    Inline Thumb to ARM Veneer to _btod_emul 0x80002b71   Thumb Code     4  btod.o(CL$$btod_emul)
    _btod_emul                               0x80002b74   ARM Code      56  btod.o(CL$$btod_emul)
    __btod_mult_common                       0x80002bac   ARM Code     616  btod.o(CL$$btod_mult_common)
    DAbtHandler                              0x80002e14   ARM Code       0  DAbt.o(DAbt)
    FIQHandler                               0x80002e34   ARM Code       0  FIQ.o(FIQ)
    ARMFIQ_Disable                           0x80002e54   ARM Code      16  F_I_Bit.o(F_I_BIT)
    ARMFIQ_Enable                            0x80002e64   ARM Code      16  F_I_Bit.o(F_I_BIT)
    ARMIRQ_Disable                           0x80002e74   ARM Code      16  F_I_Bit.o(F_I_BIT)
    ARMIRQ_Enable                            0x80002e84   ARM Code      16  F_I_Bit.o(F_I_BIT)
    IRQHandler                               0x80002e94   ARM Code       0  IRQ.o(IRQ)
    PRCCUCMUIRQHandler                       0x80002ee0   ARM Code       0  IRQ.o(IRQ)
    EXTIT01IRQHandler                        0x80002ef8   ARM Code       0  IRQ.o(IRQ)
    EXTIT02IRQHandler                        0x80002f10   ARM Code       0  IRQ.o(IRQ)
    EXTIT03IRQHandler                        0x80002f28   ARM Code       0  IRQ.o(IRQ)
    EXTIT04IRQHandler                        0x80002f40   ARM Code       0  IRQ.o(IRQ)
    EXTIT05IRQHandler                        0x80002f58   ARM Code       0  IRQ.o(IRQ)
    EXTIT06IRQHandler                        0x80002f70   ARM Code       0  IRQ.o(IRQ)
    EXTIT07IRQHandler                        0x80002f88   ARM Code       0  IRQ.o(IRQ)
    EXTIT08IRQHandler                        0x80002fa0   ARM Code       0  IRQ.o(IRQ)
    EXTIT09IRQHandler                        0x80002fb8   ARM Code       0  IRQ.o(IRQ)
    EXTIT10IRQHandler                        0x80002fd0   ARM Code       0  IRQ.o(IRQ)
    EXTIT11IRQHandler                        0x80002fe8   ARM Code       0  IRQ.o(IRQ)
    EXTIT12IRQHandler                        0x80003000   ARM Code       0  IRQ.o(IRQ)
    EXTIT13IRQHandler                        0x80003018   ARM Code       0  IRQ.o(IRQ)
    EXTIT14IRQHandler                        0x80003030   ARM Code       0  IRQ.o(IRQ)
    EXTIT15IRQHandler                        0x80003048   ARM Code       0  IRQ.o(IRQ)
    DMATRERRIRQHandler                       0x80003060   ARM Code       0  IRQ.o(IRQ)
    TIM1IRQHandler                           0x80003078   ARM Code       0  IRQ.o(IRQ)
    TIM2IRQHandler                           0x80003090   ARM Code       0  IRQ.o(IRQ)
    TIM3IRQHandler                           0x800030a8   ARM Code       0  IRQ.o(IRQ)
    TIM4IRQHandler                           0x800030c0   ARM Code       0  IRQ.o(IRQ)
    TB0IRQHandler                            0x800030d8   ARM Code       0  IRQ.o(IRQ)
    TB1IRQHandler                            0x800030f0   ARM Code       0  IRQ.o(IRQ)
    TB2IRQHandler                            0x80003108   ARM Code       0  IRQ.o(IRQ)
    TIM5IRQHandler                           0x80003120   ARM Code       0  IRQ.o(IRQ)
    TIM6IRQHandler                           0x80003138   ARM Code       0  IRQ.o(IRQ)
    TIM7IRQHandler                           0x80003150   ARM Code       0  IRQ.o(IRQ)
    TIM8IRQHandler                           0x80003168   ARM Code       0  IRQ.o(IRQ)
    TIM9IRQHandler                           0x80003180   ARM Code       0  IRQ.o(IRQ)
    UART2IRQHandler                          0x80003198   ARM Code       0  IRQ.o(IRQ)
    UART3IRQHandler                          0x800031b0   ARM Code       0  IRQ.o(IRQ)
    FLASHEOPIRQHandler                       0x800031c8   ARM Code       0  IRQ.o(IRQ)
    PWM0IRQHandler                           0x800031e0   ARM Code       0  IRQ.o(IRQ)
    PWM1IRQHandler                           0x800031f8   ARM Code       0  IRQ.o(IRQ)
    PWM2IRQHandler                           0x80003210   ARM Code       0  IRQ.o(IRQ)
    PWM3IRQHandler                           0x80003228   ARM Code       0  IRQ.o(IRQ)
    PWM4IRQHandler                           0x80003240   ARM Code       0  IRQ.o(IRQ)
    PWM5IRQHandler                           0x80003258   ARM Code       0  IRQ.o(IRQ)
    WIUIRQHandler                            0x80003270   ARM Code       0  IRQ.o(IRQ)
    WDGWUTIRQHandler                         0x80003288   ARM Code       0  IRQ.o(IRQ)
    BSPI0IRQHandler                          0x800032a0   ARM Code       0  IRQ.o(IRQ)
    BSPI1IRQHandler                          0x800032b8   ARM Code       0  IRQ.o(IRQ)
    BSPI2IRQHandler                          0x800032d0   ARM Code       0  IRQ.o(IRQ)
    UART0IRQHandler                          0x800032e8   ARM Code       0  IRQ.o(IRQ)
    UART1IRQHandler                          0x80003300   ARM Code       0  IRQ.o(IRQ)
    I2C0ITERRIRQHandler                      0x80003318   ARM Code       0  IRQ.o(IRQ)
    I2C1ITERRIRQHandler                      0x80003330   ARM Code       0  IRQ.o(IRQ)
    I2C0ITDDCIRQHandler                      0x80003348   ARM Code       0  IRQ.o(IRQ)
    I2C1ITDDCIRQHandler                      0x80003360   ARM Code       0  IRQ.o(IRQ)
    CAN0IRQHandler                           0x80003378   ARM Code       0  IRQ.o(IRQ)
    CAN1IRQHandler                           0x80003390   ARM Code       0  IRQ.o(IRQ)
    CAN2IRQHandler                           0x800033a8   ARM Code       0  IRQ.o(IRQ)
    DMA0IRQHandler                           0x800033c0   ARM Code       0  IRQ.o(IRQ)
    DMA1IRQHandler                           0x800033d8   ARM Code       0  IRQ.o(IRQ)
    DMA2IRQHandler                           0x800033f0   ARM Code       0  IRQ.o(IRQ)
    DMA3IRQHandler                           0x80003408   ARM Code       0  IRQ.o(IRQ)
    ADCIRQHandler                            0x80003420   ARM Code       0  IRQ.o(IRQ)
    RTCIRQHandler                            0x80003438   ARM Code       0  IRQ.o(IRQ)
    PAbtHandler                              0x80003458   ARM Code       0  PAbt.o(PAbt)
    SWIHandler                               0x80003478   ARM Code       0  SWI.o(SWI)
    UndefHandler                             0x80003494   ARM Code       0  Undef.o(Undef)
    Long ARM to Thumb Veneer to _printf_int_hex 0x800034b0   ARM Code      12  anon$$obj.o(Veneer$$Code)
    Long ARM to Thumb Veneer to _printf_ll_oct 0x800034bc   ARM Code      12  anon$$obj.o(Veneer$$Code)
    Long ARM to Thumb Veneer to _printf_ll_hex 0x800034c8   ARM Code      12  anon$$obj.o(Veneer$$Code)
    Long ARM to Thumb Veneer to _printf_string 0x800034d4   ARM Code      12  anon$$obj.o(Veneer$$Code)
    Long ARM to Thumb Veneer to _printf_wstring 0x800034e0   ARM Code      12  anon$$obj.o(Veneer$$Code)
    Short Thumb to ARM Veneer to ferror      0x800034ed   Thumb Code     8  anon$$obj.o(Veneer$$Code)
    Short Thumb to ARM Veneer to _sys_exit   0x800034f5   Thumb Code     8  anon$$obj.o(Veneer$$Code)
    Short Thumb to ARM Veneer to _ttywrch    0x800034fd   Thumb Code     8  anon$$obj.o(Veneer$$Code)
    Long ARM to Thumb Veneer to _printf_fp_dec_real 0x80003504   ARM Code      12  anon$$obj.o(Veneer$$Code)
    ADC_FlagClear                            0x80003510   ARM Code      12  73x_adc.o(i.ADC_FlagClear)
    ADC_GetConversionValue                   0x80003520   ARM Code      16  73x_adc.o(i.ADC_GetConversionValue)
    CFG_PeripheralClockConfig                0x80003534   ARM Code     112  73x_cfg.o(i.CFG_PeripheralClockConfig)
    EIC_IRQCmd                               0x800035a4   ARM Code      48  73x_eic.o(i.EIC_IRQCmd)
    GPIO_BitRead                             0x800035d8   ARM Code      16  73x_gpio.o(i.GPIO_BitRead)
    GPIO_BitWrite                            0x800035e8   ARM Code      24  73x_gpio.o(i.GPIO_BitWrite)
    GPIO_Init                                0x80003600   ARM Code     260  73x_gpio.o(i.GPIO_Init)
    GPIO_WordWrite                           0x80003704   ARM Code       8  73x_gpio.o(i.GPIO_WordWrite)
    PRCCU_GetFrequencyValue                  0x8000370c   ARM Code     184  73x_prccu.o(i.PRCCU_GetFrequencyValue)
    TIM_FlagClear                            0x800037d0   ARM Code      16  73x_tim.o(i.TIM_FlagClear)
    UART_ByteBufferSend                      0x800037e0   ARM Code      96  73x_uart.o(i.UART_ByteBufferSend)
    UART_Cmd                                 0x80003840   ARM Code      24  73x_uart.o(i.UART_Cmd)
    UART_Init                                0x80003858   ARM Code     212  73x_uart.o(i.UART_Init)
    UART_StructInit                          0x8000392c   ARM Code      40  73x_uart.o(i.UART_StructInit)
    __ARM_common_call_via_r1                 0x80003955   Thumb Code     2  __printf.o(i.__ARM_common_call_via_r1)
    __ARM_common_call_via_r2                 0x80003957   Thumb Code     2  _printf_wctomb.o(i.__ARM_common_call_via_r2)
    __ARM_common_call_via_r3                 0x80003959   Thumb Code     2  _wcrtomb.o(i.__ARM_common_call_via_r3)
    __ARM_common_call_via_r4                 0x8000395b   Thumb Code     2  h1_stats.o(i.__ARM_common_call_via_r4)
    __ARM_common_call_via_r7                 0x8000395d   Thumb Code     2  h1_stats.o(i.__ARM_common_call_via_r7)
    Inline Thumb to ARM Veneer to __ARM_fpclassify 0x80003961   Thumb Code     4  fpclassify.o(i.__ARM_fpclassify)
    __ARM_fpclassify                         0x80003964   ARM Code      48  fpclassify.o(i.__ARM_fpclassify)
    _is_digit                                0x80003995   Thumb Code    14  __printf_wp.o(i._is_digit)
    Inline Thumb to ARM Veneer to _get_lc_numeric 0x800039a5   Thumb Code     4  lc_numeric_c.o(locale$$code)
    _get_lc_numeric                          0x800039a8   ARM Code      80  lc_numeric_c.o(locale$$code)
    Inline Thumb to ARM Veneer to _get_lc_ctype 0x800039f9   Thumb Code     4  lc_ctype_c.o(locale$$code)
    _get_lc_ctype                            0x800039fc   ARM Code      80  lc_ctype_c.o(locale$$code)
    Inline Thumb to ARM Veneer to __ieee_status 0x80003a4d   Thumb Code     4  istatus.o(x$fpl$ieeestatus)
    __ieee_status                            0x80003a50   ARM Code       8  istatus.o(x$fpl$ieeestatus)
    _printf_fp_dec                           0x80003a58   ARM Code       4  printf1.o(x$fpl$printf1)
    _printf_fp_hex                           0x80003a5c   ARM Code       4  printf2.o(x$fpl$printf2)
    LED7SEG                                  0x80003a60   Data          16  73x_it.o(.constdata)
    __I$use$fp                               0x80003a60   Number         0  usenofp.o(x$fpl$usenofp)
    Region$$Table$$Base                      0x80003b70   Number         0  anon$$obj.o(Region$$Table)
    Region$$Table$$Limit                     0x80003b90   Number         0  anon$$obj.o(Region$$Table)
    __ctype                                  0x80003bb9   Data           0  lc_ctype_c.o(locale$$data)
    GPIO_InitStruct                          0xa0000000   Data           4  inithw.o(.data)
    PRCCU_InitStruct                         0xa0000004   Data           5  inithw.o(.data)
    AD_value                                 0xa000000a   Data           2  73x_it.o(.data)
    __stdout                                 0xa0000010   Data           4  retarget.o(.data)
    UART_InitStruct                          0xa0000014   Data          16  inithw.o(.bss)
    TIM_InitStructure                        0xa0000024   Data          30  inithw.o(.bss)
    CMU_InitStruct                           0xa0000042   Data          12  inithw.o(.bss)
    ADC_InitStruct                           0xa000004e   Data          12  inithw.o(.bss)
    __libspace_start                         0xa000005c   Data          96  libspace.o(.bss)
    __temporary_stack_top$libspace           0xa00000bc   Data           0  libspace.o(.bss)



==============================================================================

Memory Map of the image

  Image Entry point : 0x80000240

  Load Region LR_IROM1 (Base: 0x80000000, Size: 0x00003cd0, Max: 0x00040000, ABSOLUTE)

    Execution Region ER_IROM1 (Exec base: 0x80000000, Load base: 0x80000000, Size: 0x00003cbc, Max: 0x00040000, ABSOLUTE)

    Exec Addr    Load Addr    Size         Type   Attr      Idx    E Section Name        Object

    0x80000000   0x80000000   0x00000240   Code   RO            3    Reset               str73x.o
    0x80000240   0x80000240   0x00000008   Code   RO         1062  * !!!main             c_t.l(__main.o)
    0x80000248   0x80000248   0x0000003c   Code   RO         1418    !!!scatter          c_t.l(__scatter.o)
    0x80000284   0x80000284   0x00000028   Code   RO         1420    !!handler_copy      c_t.l(__scatter_copy.o)
    0x800002ac   0x800002ac   0x0000002c   Code   RO         1422    !!handler_zi        c_t.l(__scatter_zi.o)
    0x800002d8   0x800002d8   0x00000004   Ven    RO         1043    .ARM.Collect$$_printf_percent$$00000000  c_t.l(_printf_percent.o)
    0x800002dc   0x800002dc   0x00000000   Code   RO         1043    .ARM.Collect$$_printf_percent$$00000000  c_t.l(_printf_percent.o)
    0x800002dc   0x800002dc   0x00000008   Code   RO         1154    .ARM.Collect$$_printf_percent$$00000001  c_t.l(_printf_n.o)
    0x800002e4   0x800002e4   0x00000008   Code   RO         1156    .ARM.Collect$$_printf_percent$$00000002  c_t.l(_printf_p.o)
    0x800002ec   0x800002ec   0x00000008   Code   RO         1159    .ARM.Collect$$_printf_percent$$00000003  c_t.l(_printf_f.o)
    0x800002f4   0x800002f4   0x00000008   Code   RO         1160    .ARM.Collect$$_printf_percent$$00000004  c_t.l(_printf_e.o)
    0x800002fc   0x800002fc   0x00000008   Code   RO         1161    .ARM.Collect$$_printf_percent$$00000005  c_t.l(_printf_g.o)
    0x80000304   0x80000304   0x00000008   Code   RO         1162    .ARM.Collect$$_printf_percent$$00000006  c_t.l(_printf_a.o)
    0x8000030c   0x8000030c   0x0000000c   Code   RO         1167    .ARM.Collect$$_printf_percent$$00000007  c_t.l(_printf_ll.o)
    0x80000318   0x80000318   0x00000008   Code   RO         1158    .ARM.Collect$$_printf_percent$$00000008  c_t.l(_printf_i.o)
    0x80000320   0x80000320   0x00000008   Code   RO         1041    .ARM.Collect$$_printf_percent$$00000009  c_t.l(_printf_d.o)
    0x80000328   0x80000328   0x00000008   Code   RO         1042    .ARM.Collect$$_printf_percent$$0000000A  c_t.l(_printf_u.o)
    0x80000330   0x80000330   0x00000008   Code   RO         1157    .ARM.Collect$$_printf_percent$$0000000B  c_t.l(_printf_o.o)
    0x80000338   0x80000338   0x00000008   Code   RO         1155    .ARM.Collect$$_printf_percent$$0000000C  c_t.l(_printf_x.o)
    0x80000340   0x80000340   0x00000008   Code   RO         1164    .ARM.Collect$$_printf_percent$$0000000D  c_t.l(_printf_lli.o)
    0x80000348   0x80000348   0x00000008   Code   RO         1165    .ARM.Collect$$_printf_percent$$0000000E  c_t.l(_printf_lld.o)
    0x80000350   0x80000350   0x00000008   Code   RO         1166    .ARM.Collect$$_printf_percent$$0000000F  c_t.l(_printf_llu.o)
    0x80000358   0x80000358   0x00000008   Code   RO         1171    .ARM.Collect$$_printf_percent$$00000010  c_t.l(_printf_llo.o)
    0x80000360   0x80000360   0x00000008   Code   RO         1172    .ARM.Collect$$_printf_percent$$00000011  c_t.l(_printf_llx.o)
    0x80000368   0x80000368   0x0000000c   Code   RO         1168    .ARM.Collect$$_printf_percent$$00000012  c_t.l(_printf_l.o)
    0x80000374   0x80000374   0x00000008   Code   RO         1152    .ARM.Collect$$_printf_percent$$00000013  c_t.l(_printf_c.o)
    0x8000037c   0x8000037c   0x00000008   Code   RO         1153    .ARM.Collect$$_printf_percent$$00000014  c_t.l(_printf_s.o)
    0x80000384   0x80000384   0x00000008   Code   RO         1169    .ARM.Collect$$_printf_percent$$00000015  c_t.l(_printf_lc.o)
    0x8000038c   0x8000038c   0x00000008   Code   RO         1170    .ARM.Collect$$_printf_percent$$00000016  c_t.l(_printf_ls.o)
    0x80000394   0x80000394   0x00000008   Code   RO         1163    .ARM.Collect$$_printf_percent$$00000017  c_t.l(_printf_percent_end.o)
    0x8000039c   0x8000039c   0x00000008   Ven    RO         1352    .ARM.Collect$$libinit$$00000000  c_t.l(libinit.o)
    0x800003a4   0x800003a4   0x00000002   Code   RO         1352    .ARM.Collect$$libinit$$00000000  c_t.l(libinit.o)
    0x800003a6   0x800003a6   0x00000000   Code   RO         1180    .ARM.Collect$$libinit$$00000002  c_t.l(libinit2.o)
    0x800003a6   0x800003a6   0x00000000   Code   RO         1182    .ARM.Collect$$libinit$$00000004  c_t.l(libinit2.o)
    0x800003a6   0x800003a6   0x00000008   Code   RO         1183    .ARM.Collect$$libinit$$00000005  c_t.l(libinit2.o)
    0x800003ae   0x800003ae   0x00000000   Code   RO         1185    .ARM.Collect$$libinit$$0000000A  c_t.l(libinit2.o)
    0x800003ae   0x800003ae   0x00000000   Code   RO         1187    .ARM.Collect$$libinit$$0000000C  c_t.l(libinit2.o)
    0x800003ae   0x800003ae   0x00000000   Code   RO         1189    .ARM.Collect$$libinit$$0000000E  c_t.l(libinit2.o)
    0x800003ae   0x800003ae   0x00000006   Code   RO         1190    .ARM.Collect$$libinit$$0000000F  c_t.l(libinit2.o)
    0x800003b4   0x800003b4   0x00000000   Code   RO         1192    .ARM.Collect$$libinit$$00000011  c_t.l(libinit2.o)
    0x800003b4   0x800003b4   0x0000000c   Code   RO         1193    .ARM.Collect$$libinit$$00000012  c_t.l(libinit2.o)
    0x800003c0   0x800003c0   0x00000000   Code   RO         1194    .ARM.Collect$$libinit$$00000013  c_t.l(libinit2.o)
    0x800003c0   0x800003c0   0x00000000   Code   RO         1196    .ARM.Collect$$libinit$$00000015  c_t.l(libinit2.o)
    0x800003c0   0x800003c0   0x0000000a   Code   RO         1197    .ARM.Collect$$libinit$$00000016  c_t.l(libinit2.o)
    0x800003ca   0x800003ca   0x00000000   Code   RO         1198    .ARM.Collect$$libinit$$00000017  c_t.l(libinit2.o)
    0x800003ca   0x800003ca   0x00000000   Code   RO         1200    .ARM.Collect$$libinit$$00000019  c_t.l(libinit2.o)
    0x800003ca   0x800003ca   0x00000000   Code   RO         1202    .ARM.Collect$$libinit$$0000001B  c_t.l(libinit2.o)
    0x800003ca   0x800003ca   0x00000000   Code   RO         1204    .ARM.Collect$$libinit$$0000001D  c_t.l(libinit2.o)
    0x800003ca   0x800003ca   0x00000000   Code   RO         1206    .ARM.Collect$$libinit$$0000001F  c_t.l(libinit2.o)
    0x800003ca   0x800003ca   0x00000000   Code   RO         1208    .ARM.Collect$$libinit$$00000021  c_t.l(libinit2.o)
    0x800003ca   0x800003ca   0x00000000   Code   RO         1210    .ARM.Collect$$libinit$$00000023  c_t.l(libinit2.o)
    0x800003ca   0x800003ca   0x00000000   Code   RO         1212    .ARM.Collect$$libinit$$00000025  c_t.l(libinit2.o)
    0x800003ca   0x800003ca   0x00000000   Code   RO         1216    .ARM.Collect$$libinit$$0000002C  c_t.l(libinit2.o)
    0x800003ca   0x800003ca   0x00000000   Code   RO         1218    .ARM.Collect$$libinit$$0000002E  c_t.l(libinit2.o)
    0x800003ca   0x800003ca   0x00000000   Code   RO         1220    .ARM.Collect$$libinit$$00000030  c_t.l(libinit2.o)
    0x800003ca   0x800003ca   0x00000000   Code   RO         1222    .ARM.Collect$$libinit$$00000032  c_t.l(libinit2.o)
    0x800003ca   0x800003ca   0x0000000c   Code   RO         1223    .ARM.Collect$$libinit$$00000033  c_t.l(libinit2.o)
    0x800003d6   0x800003d6   0x00000002   PAD
    0x800003d8   0x800003d8   0x00000008   Ven    RO         1416    .ARM.Collect$$libshutdown$$00000000  c_t.l(libshutdown.o)
    0x800003e0   0x800003e0   0x00000004   Code   RO         1416    .ARM.Collect$$libshutdown$$00000000  c_t.l(libshutdown.o)
    0x800003e4   0x800003e4   0x00000000   Code   RO         1376    .ARM.Collect$$libshutdown$$00000002  c_t.l(libshutdown2.o)
    0x800003e4   0x800003e4   0x00000000   Code   RO         1378    .ARM.Collect$$libshutdown$$00000004  c_t.l(libshutdown2.o)
    0x800003e4   0x800003e4   0x00000000   Code   RO         1381    .ARM.Collect$$libshutdown$$00000007  c_t.l(libshutdown2.o)
    0x800003e4   0x800003e4   0x00000000   Code   RO         1384    .ARM.Collect$$libshutdown$$0000000A  c_t.l(libshutdown2.o)
    0x800003e4   0x800003e4   0x00000000   Code   RO         1386    .ARM.Collect$$libshutdown$$0000000C  c_t.l(libshutdown2.o)
    0x800003e4   0x800003e4   0x00000000   Code   RO         1389    .ARM.Collect$$libshutdown$$0000000F  c_t.l(libshutdown2.o)
    0x800003e4   0x800003e4   0x00000006   Code   RO         1390    .ARM.Collect$$libshutdown$$00000010  c_t.l(libshutdown2.o)
    0x800003ea   0x800003ea   0x00000002   PAD
    0x800003ec   0x800003ec   0x00000000   Code   RO         1069    .ARM.Collect$$rtentry$$00000000  c_t.l(__rtentry.o)
    0x800003ec   0x800003ec   0x00000000   Code   RO         1235    .ARM.Collect$$rtentry$$00000002  c_t.l(__rtentry2.o)
    0x800003ec   0x800003ec   0x00000008   Code   RO         1247    .ARM.Collect$$rtentry$$00000004  c_t.l(__rtentry4.o)
    0x800003f4   0x800003f4   0x00000000   Code   RO         1237    .ARM.Collect$$rtentry$$00000009  c_t.l(__rtentry2.o)
    0x800003f4   0x800003f4   0x00000004   Code   RO         1238    .ARM.Collect$$rtentry$$0000000A  c_t.l(__rtentry2.o)
    0x800003f8   0x800003f8   0x00000000   Code   RO         1240    .ARM.Collect$$rtentry$$0000000C  c_t.l(__rtentry2.o)
    0x800003f8   0x800003f8   0x00000028   Code   RO         1241    .ARM.Collect$$rtentry$$0000000D  c_t.l(__rtentry2.o)
    0x80000420   0x80000420   0x00000004   Ven    RO         1358    .ARM.Collect$$rtexit$$00000000  c_t.l(rtexit.o)
    0x80000424   0x80000424   0x00000004   Code   RO         1358    .ARM.Collect$$rtexit$$00000000  c_t.l(rtexit.o)
    0x80000428   0x80000428   0x00000000   Code   RO         1392    .ARM.Collect$$rtexit$$00000002  c_t.l(rtexit2.o)
    0x80000428   0x80000428   0x00000004   Code   RO         1393    .ARM.Collect$$rtexit$$00000003  c_t.l(rtexit2.o)
    0x8000042c   0x8000042c   0x00000008   Code   RO         1394    .ARM.Collect$$rtexit$$00000004  c_t.l(rtexit2.o)
    0x80000434   0x80000434   0x00000000   Code   RO         1253    .emb_text           c_t.l(maybetermalloc1.o)
    0x80000434   0x80000434   0x00000024   Code   RO            4    .text               str73x.o
    0x80000458   0x80000458   0x000000a0   Code   RO           11    .text               inithw.o
    0x800004f8   0x800004f8   0x0000021c   Code   RO           97    .text               73x_it.o
    0x80000714   0x80000714   0x00000058   Code   RO          113    .text               retarget.o
    0x8000076c   0x8000076c   0x00000138   Code   RO          144    .text               bigadd.o
    0x800008a4   0x800008a4   0x000001d8   Code   RO          147    .text               bigfib.o
    0x80000a7c   0x80000a7c   0x000003cc   Code   RO          165    .text               main.o
    0x80000e48   0x80000e48   0x00000004   Code   RO          932    .text               c_t.l(use_no_semi.o)
    0x80000e4c   0x80000e4c   0x0000000c   Code   RO          937    .text               c_t.l(rt_errno_addr_intlibspace.o)
    0x80000e58   0x80000e58   0x00000008   Ven    RO          939    .text               c_t.l(stats.o)
    0x80000e60   0x80000e60   0x0000001a   Code   RO          939    .text               c_t.l(stats.o)
    0x80000e7a   0x80000e7a   0x00000002   PAD
    0x80000e7c   0x80000e7c   0x00000008   Ven    RO          945    .text               c_t.l(h1_alloc.o)
    0x80000e84   0x80000e84   0x0000006e   Code   RO          945    .text               c_t.l(h1_alloc.o)
    0x80000ef2   0x80000ef2   0x00000002   PAD
    0x80000ef4   0x80000ef4   0x00000008   Ven    RO          947    .text               c_t.l(h1_free.o)
    0x80000efc   0x80000efc   0x00000054   Code   RO          947    .text               c_t.l(h1_free.o)
    0x80000f50   0x80000f50   0x00000016   Code   RO         1007    .text               c_t.l(fprintf.o)
    0x80000f66   0x80000f66   0x00000002   PAD
    0x80000f68   0x80000f68   0x00000008   Ven    RO         1009    .text               c_t.l(__2printf.o)
    0x80000f70   0x80000f70   0x0000001c   Code   RO         1009    .text               c_t.l(__2printf.o)
    0x80000f8c   0x80000f8c   0x00000008   Ven    RO         1019    .text               c_t.l(_printf_dec.o)
    0x80000f94   0x80000f94   0x00000070   Code   RO         1019    .text               c_t.l(_printf_dec.o)
    0x80001004   0x80001004   0x0000019c   Code   RO         1038    .text               c_t.l(__printf_flags_ss_wp.o)
    0x800011a0   0x800011a0   0x00000004   Ven    RO         1044    .text               c_t.l(aeabi_sdiv.o)
    0x800011a4   0x800011a4   0x00000180   Code   RO         1044    .text               c_t.l(aeabi_sdiv.o)
    0x80001324   0x80001324   0x00000006   Code   RO         1060    .text               c_t.l(heapauxi.o)
    0x8000132a   0x8000132a   0x00000002   PAD
    0x8000132c   0x8000132c   0x0000000c   Code   RO         1064    .text               c_t.l(libspace.o)
    0x80001338   0x80001338   0x00000004   Ven    RO         1077    .text               c_t.l(rt_heap_descriptor_intlibspace.o)
    0x8000133c   0x8000133c   0x0000000c   Code   RO         1077    .text               c_t.l(rt_heap_descriptor_intlibspace.o)
    0x80001348   0x80001348   0x00000004   Code   RO         1079    .text               c_t.l(hguard.o)
    0x8000134c   0x8000134c   0x00000094   Code   RO         1081    .text               c_t.l(init_alloc.o)
    0x800013e0   0x800013e0   0x0000000e   Code   RO         1085    .text               c_t.l(h1_init.o)
    0x800013ee   0x800013ee   0x00000002   PAD
    0x800013f0   0x800013f0   0x000000e4   Code   RO         1089    .text               c_t.l(h1_stats.o)
    0x800014d4   0x800014d4   0x00000056   Code   RO         1105    .text               c_t.l(_printf_pad.o)
    0x8000152a   0x8000152a   0x0000002c   Code   RO         1107    .text               c_t.l(_printf_truncate.o)
    0x80001556   0x80001556   0x00000058   Code   RO         1109    .text               c_t.l(_printf_str.o)
    0x800015ae   0x800015ae   0x000000ba   Code   RO         1111    .text               c_t.l(_printf_intcommon.o)
    0x80001668   0x80001668   0x00000008   Ven    RO         1113    .text               c_t.l(_printf_charcount.o)
    0x80001670   0x80001670   0x00000026   Code   RO         1113    .text               c_t.l(_printf_charcount.o)
    0x80001696   0x80001696   0x00000002   PAD
    0x80001698   0x80001698   0x0000002c   Code   RO         1115    .text               c_t.l(_printf_char_file.o)
    0x800016c4   0x800016c4   0x000000c0   Code   RO         1117    .text               c_t.l(_printf_wctomb.o)
    0x80001784   0x80001784   0x00000008   Ven    RO         1123    .text               c_t.l(_printf_longlong_dec.o)
    0x8000178c   0x8000178c   0x00000074   Code   RO         1123    .text               c_t.l(_printf_longlong_dec.o)
    0x80001800   0x80001800   0x00000008   Ven    RO         1129    .text               c_t.l(_printf_oct_int_ll.o)
    0x80001808   0x80001808   0x00000078   Code   RO         1129    .text               c_t.l(_printf_oct_int_ll.o)
    0x80001880   0x80001880   0x00000008   Ven    RO         1149    .text               c_t.l(_printf_hex_int_ll_ptr.o)
    0x80001888   0x80001888   0x000000a0   Code   RO         1149    .text               c_t.l(_printf_hex_int_ll_ptr.o)
    0x80001928   0x80001928   0x00000004   Ven    RO         1175    .text               c_t.l(rtudiv10.o)
    0x8000192c   0x8000192c   0x0000002c   Code   RO         1175    .text               c_t.l(rtudiv10.o)
    0x80001958   0x80001958   0x00000038   Code   RO         1255    .text               c_t.l(h1_extend.o)
    0x80001990   0x80001990   0x00000004   Ven    RO         1259    .text               c_t.l(lludiv10.o)
    0x80001994   0x80001994   0x000000a0   Code   RO         1259    .text               c_t.l(lludiv10.o)
    0x80001a34   0x80001a34   0x00000420   Code   RO         1261    .text               c_t.l(_printf_fp_dec.o)
    0x80001e54   0x80001e54   0x00000008   Ven    RO         1263    .text               c_t.l(_printf_fp_hex.o)
    0x80001e5c   0x80001e5c   0x000002e0   Code   RO         1263    .text               c_t.l(_printf_fp_hex.o)
    0x8000213c   0x8000213c   0x00000030   Code   RO         1266    .text               c_t.l(_printf_char_common.o)
    0x8000216c   0x8000216c   0x00000008   Ven    RO         1268    .text               c_t.l(_printf_char.o)
    0x80002174   0x80002174   0x00000032   Code   RO         1268    .text               c_t.l(_printf_char.o)
    0x800021a6   0x800021a6   0x00000002   PAD
    0x800021a8   0x800021a8   0x00000008   Ven    RO         1270    .text               c_t.l(_printf_wchar.o)
    0x800021b0   0x800021b0   0x00000032   Code   RO         1270    .text               c_t.l(_printf_wchar.o)
    0x800021e2   0x800021e2   0x00000046   Code   RO         1272    .text               c_t.l(_wcrtomb.o)
    0x80002228   0x80002228   0x00000010   Code   RO         1276    .text               c_t.l(defsig_rtmem_outer.o)
    0x80002238   0x80002238   0x00000060   Code   RO         1288    .text               c_t.l(sys_stackheap_outer.o)
    0x80002298   0x80002298   0x00000004   Ven    RO         1290    .text               c_t.l(rt_ctype_table.o)
    0x8000229c   0x8000229c   0x00000018   Code   RO         1290    .text               c_t.l(rt_ctype_table.o)
    0x800022b4   0x800022b4   0x00000004   Ven    RO         1297    .text               c_t.l(rt_locale_intlibspace.o)
    0x800022b8   0x800022b8   0x0000000c   Code   RO         1297    .text               c_t.l(rt_locale_intlibspace.o)
    0x800022c4   0x800022c4   0x00000090   Code   RO         1301    .text               c_t.l(_printf_fp_infnan.o)
    0x80002354   0x80002354   0x000000dc   Code   RO         1305    .text               c_t.l(bigflt0.o)
    0x80002430   0x80002430   0x00000014   Code   RO         1333    .text               c_t.l(exit.o)
    0x80002444   0x80002444   0x00000010   Code   RO         1335    .text               c_t.l(defsig_exit.o)
    0x80002454   0x80002454   0x00000054   Code   RO         1341    .text               c_t.l(defsig_rtmem_inner.o)
    0x800024a8   0x800024a8   0x00000038   Code   RO         1369    .text               c_t.l(defsig_general.o)
    0x800024e0   0x800024e0   0x000000f4   Code   RO         1373    .text               c_t.l(strcmp.o)
    0x800025d4   0x800025d4   0x00000004   Ven    RO         1045    .text_udiv          c_t.l(aeabi_sdiv.o)
    0x800025d8   0x800025d8   0x00000024   Code   RO         1045    .text_udiv          c_t.l(aeabi_sdiv.o)
    0x800025fc   0x800025fc   0x00000004   Ven    RO         1308    CL$$btod_d2e        c_t.l(btod.o)
    0x80002600   0x80002600   0x00000038   Code   RO         1308    CL$$btod_d2e        c_t.l(btod.o)
    0x80002638   0x80002638   0x00000054   Code   RO         1310    CL$$btod_d2e_denorm_low  c_t.l(btod.o)
    0x8000268c   0x8000268c   0x00000068   Code   RO         1309    CL$$btod_d2e_norm_op1  c_t.l(btod.o)
    0x800026f4   0x800026f4   0x0000034c   Code   RO         1318    CL$$btod_div_common  c_t.l(btod.o)
    0x80002a40   0x80002a40   0x000000f4   Code   RO         1315    CL$$btod_e2e        c_t.l(btod.o)
    0x80002b34   0x80002b34   0x00000004   Ven    RO         1312    CL$$btod_ediv       c_t.l(btod.o)
    0x80002b38   0x80002b38   0x00000038   Code   RO         1312    CL$$btod_ediv       c_t.l(btod.o)
    0x80002b70   0x80002b70   0x00000004   Ven    RO         1311    CL$$btod_emul       c_t.l(btod.o)
    0x80002b74   0x80002b74   0x00000038   Code   RO         1311    CL$$btod_emul       c_t.l(btod.o)
    0x80002bac   0x80002bac   0x00000268   Code   RO         1317    CL$$btod_mult_common  c_t.l(btod.o)
    0x80002e14   0x80002e14   0x00000020   Code   RO          194    DAbt                STR73xR.LIB(DAbt.o)
    0x80002e34   0x80002e34   0x00000020   Code   RO          200    FIQ                 STR73xR.LIB(FIQ.o)
    0x80002e54   0x80002e54   0x00000040   Code   RO          839    F_I_BIT             STR73xR.LIB(F_I_Bit.o)
    0x80002e94   0x80002e94   0x000005c4   Code   RO          203    IRQ                 STR73xR.LIB(IRQ.o)
    0x80003458   0x80003458   0x00000020   Code   RO          191    PAbt                STR73xR.LIB(PAbt.o)
    0x80003478   0x80003478   0x0000001c   Code   RO          197    SWI                 STR73xR.LIB(SWI.o)
    0x80003494   0x80003494   0x0000001c   Code   RO          187    Undef               STR73xR.LIB(Undef.o)
    0x800034b0   0x800034b0   0x0000000c   Ven    RO         1454    Veneer$$Code        anon$$obj.o
    0x800034bc   0x800034bc   0x0000000c   Ven    RO         1455    Veneer$$Code        anon$$obj.o
    0x800034c8   0x800034c8   0x0000000c   Ven    RO         1456    Veneer$$Code        anon$$obj.o
    0x800034d4   0x800034d4   0x0000000c   Ven    RO         1457    Veneer$$Code        anon$$obj.o
    0x800034e0   0x800034e0   0x0000000c   Ven    RO         1458    Veneer$$Code        anon$$obj.o
    0x800034ec   0x800034ec   0x00000008   Ven    RO         1459    Veneer$$Code        anon$$obj.o
    0x800034f4   0x800034f4   0x00000008   Ven    RO         1460    Veneer$$Code        anon$$obj.o
    0x800034fc   0x800034fc   0x00000008   Ven    RO         1461    Veneer$$Code        anon$$obj.o
    0x80003504   0x80003504   0x0000000c   Ven    RO         1462    Veneer$$Code        anon$$obj.o
    0x80003510   0x80003510   0x00000010   Code   RO          222    i.ADC_FlagClear     STR73xR.LIB(73x_adc.o)
    0x80003520   0x80003520   0x00000014   Code   RO          220    i.ADC_GetConversionValue  STR73xR.LIB(73x_adc.o)
    0x80003534   0x80003534   0x00000070   Code   RO          360    i.CFG_PeripheralClockConfig  STR73xR.LIB(73x_cfg.o)
    0x800035a4   0x800035a4   0x00000034   Code   RO          425    i.EIC_IRQCmd        STR73xR.LIB(73x_eic.o)
    0x800035d8   0x800035d8   0x00000010   Code   RO          531    i.GPIO_BitRead      STR73xR.LIB(73x_gpio.o)
    0x800035e8   0x800035e8   0x00000018   Code   RO          530    i.GPIO_BitWrite     STR73xR.LIB(73x_gpio.o)
    0x80003600   0x80003600   0x00000104   Code   RO          528    i.GPIO_Init         STR73xR.LIB(73x_gpio.o)
    0x80003704   0x80003704   0x00000008   Code   RO          534    i.GPIO_WordWrite    STR73xR.LIB(73x_gpio.o)
    0x8000370c   0x8000370c   0x000000c4   Code   RO          846    i.PRCCU_GetFrequencyValue  STR73xR.LIB(73x_prccu.o)
    0x800037d0   0x800037d0   0x00000010   Code   RO          605    i.TIM_FlagClear     STR73xR.LIB(73x_tim.o)
    0x800037e0   0x800037e0   0x00000060   Code   RO          713    i.UART_ByteBufferSend  STR73xR.LIB(73x_uart.o)
    0x80003840   0x80003840   0x00000018   Code   RO          724    i.UART_Cmd          STR73xR.LIB(73x_uart.o)
    0x80003858   0x80003858   0x000000d4   Code   RO          712    i.UART_Init         STR73xR.LIB(73x_uart.o)
    0x8000392c   0x8000392c   0x00000028   Code   RO          711    i.UART_StructInit   STR73xR.LIB(73x_uart.o)
    0x80003954   0x80003954   0x00000002   Code   RO         1017    i.__ARM_common_call_via_r1  c_t.l(__printf.o)
    0x80003956   0x80003956   0x00000002   Code   RO         1121    i.__ARM_common_call_via_r2  c_t.l(_printf_wctomb.o)
    0x80003958   0x80003958   0x00000002   Code   RO         1274    i.__ARM_common_call_via_r3  c_t.l(_wcrtomb.o)
    0x8000395a   0x8000395a   0x00000002   Code   RO         1093    i.__ARM_common_call_via_r4  c_t.l(h1_stats.o)
    0x8000395c   0x8000395c   0x00000002   Code   RO         1091    i.__ARM_common_call_via_r7  c_t.l(h1_stats.o)
    0x8000395e   0x8000395e   0x00000002   PAD
    0x80003960   0x80003960   0x00000004   Ven    RO         1356    i.__ARM_fpclassify  m_ts.l(fpclassify.o)
    0x80003964   0x80003964   0x00000030   Code   RO         1356    i.__ARM_fpclassify  m_ts.l(fpclassify.o)
    0x80003994   0x80003994   0x0000000e   Code   RO         1031    i._is_digit         c_t.l(__printf_wp.o)
    0x800039a2   0x800039a2   0x00000002   PAD
    0x800039a4   0x800039a4   0x00000004   Ven    RO         1331    locale$$code        c_t.l(lc_numeric_c.o)
    0x800039a8   0x800039a8   0x00000050   Code   RO         1331    locale$$code        c_t.l(lc_numeric_c.o)
    0x800039f8   0x800039f8   0x00000004   Ven    RO         1365    locale$$code        c_t.l(lc_ctype_c.o)
    0x800039fc   0x800039fc   0x00000050   Code   RO         1365    locale$$code        c_t.l(lc_ctype_c.o)
    0x80003a4c   0x80003a4c   0x00000004   Ven    RO         1353    x$fpl$ieeestatus    fz_ts.l(istatus.o)
    0x80003a50   0x80003a50   0x00000008   Code   RO         1353    x$fpl$ieeestatus    fz_ts.l(istatus.o)
    0x80003a58   0x80003a58   0x00000004   Code   RO         1224    x$fpl$printf1       fz_ts.l(printf1.o)
    0x80003a5c   0x80003a5c   0x00000004   Code   RO         1226    x$fpl$printf2       fz_ts.l(printf2.o)
    0x80003a60   0x80003a60   0x00000000   Code   RO         1355    x$fpl$usenofp       fz_ts.l(usenofp.o)
    0x80003a60   0x80003a60   0x00000010   Data   RO           98    .constdata          73x_it.o
    0x80003a70   0x80003a70   0x00000011   Data   RO         1039    .constdata          c_t.l(__printf_flags_ss_wp.o)
    0x80003a81   0x80003a81   0x00000003   PAD
    0x80003a84   0x80003a84   0x00000008   Data   RO         1118    .constdata          c_t.l(_printf_wctomb.o)
    0x80003a8c   0x80003a8c   0x00000028   Data   RO         1150    .constdata          c_t.l(_printf_hex_int_ll_ptr.o)
    0x80003ab4   0x80003ab4   0x00000026   Data   RO         1264    .constdata          c_t.l(_printf_fp_hex.o)
    0x80003ada   0x80003ada   0x00000002   PAD
    0x80003adc   0x80003adc   0x00000094   Data   RO         1306    .constdata          c_t.l(bigflt0.o)
    0x80003b70   0x80003b70   0x00000020   Data   RO         1417    Region$$Table       anon$$obj.o
    0x80003b90   0x80003b90   0x0000001c   Data   RO         1330    locale$$data        c_t.l(lc_numeric_c.o)
    0x80003bac   0x80003bac   0x00000110   Data   RO         1364    locale$$data        c_t.l(lc_ctype_c.o)


    Execution Region RW_IRAM1 (Exec base: 0xa0000000, Load base: 0x80003cbc, Size: 0x000025c8, Max: 0x00004000, ABSOLUTE)

    Exec Addr    Load Addr    Size         Type   Attr      Idx    E Section Name        Object

    0xa0000000   0x80003cbc   0x00000009   Data   RW           13    .data               inithw.o
    0xa0000009   0x80003cc5   0x00000001   PAD
    0xa000000a   0x80003cc6   0x00000004   Data   RW           99    .data               73x_it.o
    0xa000000e   0x80003cca   0x00000002   PAD
    0xa0000010   0x80003ccc   0x00000004   Data   RW          114    .data               retarget.o
    0xa0000014        -       0x00000046   Zero   RW           12    .bss                inithw.o
    0xa000005a   0x80003cd0   0x00000002   PAD
    0xa000005c        -       0x00000060   Zero   RW         1065    .bss                c_t.l(libspace.o)
    0xa00000bc   0x80003cd0   0x00000004   PAD
    0xa00000c0        -       0x00002000   Zero   RW            2    HEAP                str73x.o
    0xa00020c0        -       0x00000508   Zero   RW            1    STACK               str73x.o


==============================================================================

Image component sizes


      Code (inc. data)   RO Data    RW Data    ZI Data      Debug   Object Name

       540         24         16          4          0       7222   73x_it.o
       312          0          0          0          0        268   bigadd.o
       472          0          0          0          0        913   bigfib.o
       160         16          0          9         70      13836   inithw.o
       972        348          0          0          0        852   main.o
        88          4          0          4          0       2684   retarget.o
       612        332          0          0       9480        504   str73x.o

    ----------------------------------------------------------------------
      3252        748         48         20       9552      26279   Object Totals
        96         24         32          0          0          0   (incl. Generated)
         0          0          0          3          2          0   (incl. Padding)

    ----------------------------------------------------------------------

      Code (inc. data)   RO Data    RW Data    ZI Data      Debug   Library Member Name

        36          8          0          0          0      14372   73x_adc.o
       112          0          0          0          0        500   73x_cfg.o
        52          4          0          0          0        432   73x_eic.o
       308          0          0          0          0       2588   73x_gpio.o
       196         12          0          0          0        768   73x_prccu.o
        16          0          0          0          0        368   73x_tim.o
       372          0          0          0          0       5052   73x_uart.o
        32          0          0          0          0        180   DAbt.o
        32          0          0          0          0        176   FIQ.o
        64          0          0          0          0        300   F_I_Bit.o
      1476          8          0          0          0        364   IRQ.o
        32          0          0          0          0        180   PAbt.o
        28          0          0          0          0        176   SWI.o
        28          0          0          0          0        200   Undef.o
        36          6          0          0          0         84   __2printf.o
         8          0          0          0          0         68   __main.o
         2          0          0          0          0         60   __printf.o
       412          6         17          0          0         92   __printf_flags_ss_wp.o
        14          0          0          0          0         60   __printf_wp.o
         0          0          0          0          0          0   __rtentry.o
        44          4          0          0          0          0   __rtentry2.o
         8          0          0          0          0          0   __rtentry4.o
        60          8          0          0          0          0   __scatter.o
        40          0          0          0          0          0   __scatter_copy.o
        44          0          0          0          0          0   __scatter_zi.o
         8          0          0          0          0          0   _printf_a.o
         8          0          0          0          0          0   _printf_c.o
        58          0          0          0          0        112   _printf_char.o
        48          4          0          0          0         96   _printf_char_common.o
        44          6          0          0          0         88   _printf_char_file.o
        46          0          0          0          0         60   _printf_charcount.o
         8          0          0          0          0          0   _printf_d.o
       120         18          0          0          0         88   _printf_dec.o
         8          0          0          0          0          0   _printf_e.o
         8          0          0          0          0          0   _printf_f.o
      1056         12          0          0          0        188   _printf_fp_dec.o
       744          8         38          0          0        100   _printf_fp_hex.o
       144         16          0          0          0         88   _printf_fp_infnan.o
         8          0          0          0          0          0   _printf_g.o
       168          4         40          0          0        176   _printf_hex_int_ll_ptr.o
         8          0          0          0          0          0   _printf_i.o
       186          0          0          0          0         96   _printf_intcommon.o
        12          0          0          0          0          0   _printf_l.o
         8          0          0          0          0          0   _printf_lc.o
        12          0          0          0          0          0   _printf_ll.o
         8          0          0          0          0          0   _printf_lld.o
         8          0          0          0          0          0   _printf_lli.o
         8          0          0          0          0          0   _printf_llo.o
         8          0          0          0          0          0   _printf_llu.o
         8          0          0          0          0          0   _printf_llx.o
       124         18          0          0          0         88   _printf_longlong_dec.o
         8          0          0          0          0          0   _printf_ls.o
         8          0          0          0          0          0   _printf_n.o
         8          0          0          0          0          0   _printf_o.o
       128         10          0          0          0        136   _printf_oct_int_ll.o
         8          0          0          0          0          0   _printf_p.o
        86          0          0          0          0        116   _printf_pad.o
         4          0          0          0          0          0   _printf_percent.o
         8          0          0          0          0          0   _printf_percent_end.o
         8          0          0          0          0          0   _printf_s.o
        88          0          0          0          0         84   _printf_str.o
        44          0          0          0          0         76   _printf_truncate.o
         8          0          0          0          0          0   _printf_u.o
        58          0          0          0          0        112   _printf_wchar.o
       194          4          8          0          0        156   _printf_wctomb.o
         8          0          0          0          0          0   _printf_x.o
        72          0          0          0          0        148   _wcrtomb.o
       428          0          0          0          0        148   aeabi_sdiv.o
       220          6        148          0          0         96   bigflt0.o
      2072        128          0          0          0        700   btod.o
        16          0          0          0          0         80   defsig_exit.o
        56          0          0          0          0         84   defsig_general.o
        84         58          0          0          0         80   defsig_rtmem_inner.o
        16          0          0          0          0         80   defsig_rtmem_outer.o
        20          0          0          0          0         80   exit.o
        22          0          0          0          0         84   fprintf.o
       118          0          0          0          0        116   h1_alloc.o
        56          0          0          0          0         80   h1_extend.o
        92          0          0          0          0        100   h1_free.o
        14          0          0          0          0         76   h1_init.o
       232         72          0          0          0        216   h1_stats.o
         6          0          0          0          0        136   heapauxi.o
         4          0          0          0          0        120   hguard.o
       148          0          0          0          0        192   init_alloc.o
        84          8        272          0          0         92   lc_ctype_c.o
        84          8         28          0          0         92   lc_numeric_c.o
        10          0          0          0          0          0   libinit.o
        48          0          0          0          0          0   libinit2.o
        12          0          0          0          0          0   libshutdown.o
         6          0          0          0          0          0   libshutdown2.o
        12          4          0          0         96         68   libspace.o
       164          0          0          0          0         96   lludiv10.o
         0          0          0          0          0          0   maybetermalloc1.o
        28          4          0          0          0         84   rt_ctype_table.o
        12          4          0          0          0         68   rt_errno_addr_intlibspace.o
        16          4          0          0          0         68   rt_heap_descriptor_intlibspace.o
        16          4          0          0          0         68   rt_locale_intlibspace.o
         8          0          0          0          0          0   rtexit.o
        12          0          0          0          0          0   rtexit2.o
        48          0          0          0          0         68   rtudiv10.o
        34          0          0          0          0         84   stats.o
       244          4          0          0          0         80   strcmp.o
        96          0          0          0          0         80   sys_stackheap_outer.o
         4          0          0          0          0         68   use_no_semi.o
        12          0          0          0          0         68   istatus.o
         4          0          0          0          0         68   printf1.o
         4          0          0          0          0         68   printf2.o
         0          0          0          0          0          0   usenofp.o
        52          0          0          0          0         68   fpclassify.o

    ----------------------------------------------------------------------
     11692        460        556          0        100      31784   Library Totals
        22          0          5          0          4          0   (incl. Padding)

    ----------------------------------------------------------------------

      Code (inc. data)   RO Data    RW Data    ZI Data      Debug   Library Name

      2784         32          0          0          0      25656   STR73xR.LIB
      8814        428        551          0         96       5856   c_t.l
        20          0          0          0          0        204   fz_ts.l
        52          0          0          0          0         68   m_ts.l

    ----------------------------------------------------------------------
     11692        460        556          0        100      31784   Library Totals

    ----------------------------------------------------------------------

==============================================================================


      Code (inc. data)   RO Data    RW Data    ZI Data      Debug   

     14944       1208        604         20       9652      54323   Grand Totals
     14944       1208        604         20       9652      54323   ELF Image Totals
     14944       1208        604         20          0          0   ROM Totals

==============================================================================

    Total RO  Size (Code + RO Data)                15548 (  15.18kB)
    Total RW  Size (RW Data + ZI Data)              9672 (   9.45kB)
    Total ROM Size (Code + RO Data + RW Data)      15568 (  15.20kB)

==============================================================================

